Archive member included to satisfy reference by file (symbol)

/opt/ST/STM32CubeCLT_1.21.0/GNU-tools-for-STM32/bin/../lib/gcc/arm-none-eabi/14.3.1/../../../../arm-none-eabi/lib/thumb/v7e-m+fp/hard/libc_nano.a(libc_a-atof.o)
                              build/gps.o (atof)
/opt/ST/STM32CubeCLT_1.21.0/GNU-tools-for-STM32/bin/../lib/gcc/arm-none-eabi/14.3.1/../../../../arm-none-eabi/lib/thumb/v7e-m+fp/hard/libc_nano.a(libc_a-exit.o)
                              /opt/ST/STM32CubeCLT_1.21.0/GNU-tools-for-STM32/bin/../lib/gcc/arm-none-eabi/14.3.1/../../../../arm-none-eabi/lib/thumb/v7e-m+fp/hard/crt0.o (exit)
/opt/ST/STM32CubeCLT_1.21.0/GNU-tools-for-STM32/bin/../lib/gcc/arm-none-eabi/14.3.1/../../../../arm-none-eabi/lib/thumb/v7e-m+fp/hard/libc_nano.a(libc_a-nano-vfprintf_float.o)
                              (_printf_float)
/opt/ST/STM32CubeCLT_1.21.0/GNU-tools-for-STM32/bin/../lib/gcc/arm-none-eabi/14.3.1/../../../../arm-none-eabi/lib/thumb/v7e-m+fp/hard/libc_nano.a(libc_a-nano-vfprintf_i.o)
                              /opt/ST/STM32CubeCLT_1.21.0/GNU-tools-for-STM32/bin/../lib/gcc/arm-none-eabi/14.3.1/../../../../arm-none-eabi/lib/thumb/v7e-m+fp/hard/libc_nano.a(libc_a-nano-vfprintf_float.o) (_printf_common)
/opt/ST/STM32CubeCLT_1.21.0/GNU-tools-for-STM32/bin/../lib/gcc/arm-none-eabi/14.3.1/../../../../arm-none-eabi/lib/thumb/v7e-m+fp/hard/libc_nano.a(libc_a-nano-vfscanf_float.o)
                              (_scanf_float)
/opt/ST/STM32CubeCLT_1.21.0/GNU-tools-for-STM32/bin/../lib/gcc/arm-none-eabi/14.3.1/../../../../arm-none-eabi/lib/thumb/v7e-m+fp/hard/libc_nano.a(libc_a-snprintf.o)
                              build/main.o (snprintf)
/opt/ST/STM32CubeCLT_1.21.0/GNU-tools-for-STM32/bin/../lib/gcc/arm-none-eabi/14.3.1/../../../../arm-none-eabi/lib/thumb/v7e-m+fp/hard/libc_nano.a(libc_a-sprintf.o)
                              /opt/ST/STM32CubeCLT_1.21.0/GNU-tools-for-STM32/bin/../lib/gcc/arm-none-eabi/14.3.1/../../../../arm-none-eabi/lib/thumb/v7e-m+fp/hard/libc_nano.a(libc_a-nano-vfscanf_float.o) (sprintf)
/opt/ST/STM32CubeCLT_1.21.0/GNU-tools-for-STM32/bin/../lib/gcc/arm-none-eabi/14.3.1/../../../../arm-none-eabi/lib/thumb/v7e-m+fp/hard/libc_nano.a(libc_a-sscanf.o)
                              build/main.o (sscanf)
/opt/ST/STM32CubeCLT_1.21.0/GNU-tools-for-STM32/bin/../lib/gcc/arm-none-eabi/14.3.1/../../../../arm-none-eabi/lib/thumb/v7e-m+fp/hard/libc_nano.a(libc_a-stdio.o)
                              /opt/ST/STM32CubeCLT_1.21.0/GNU-tools-for-STM32/bin/../lib/gcc/arm-none-eabi/14.3.1/../../../../arm-none-eabi/lib/thumb/v7e-m+fp/hard/libc_nano.a(libc_a-sscanf.o) (__seofread)
/opt/ST/STM32CubeCLT_1.21.0/GNU-tools-for-STM32/bin/../lib/gcc/arm-none-eabi/14.3.1/../../../../arm-none-eabi/lib/thumb/v7e-m+fp/hard/libc_nano.a(libc_a-findfp.o)
                              /opt/ST/STM32CubeCLT_1.21.0/GNU-tools-for-STM32/bin/../lib/gcc/arm-none-eabi/14.3.1/../../../../arm-none-eabi/lib/thumb/v7e-m+fp/hard/libc_nano.a(libc_a-exit.o) (__stdio_exit_handler)
/opt/ST/STM32CubeCLT_1.21.0/GNU-tools-for-STM32/bin/../lib/gcc/arm-none-eabi/14.3.1/../../../../arm-none-eabi/lib/thumb/v7e-m+fp/hard/libc_nano.a(libc_a-vsnprintf.o)
                              build/user_usart.o (vsnprintf)
/opt/ST/STM32CubeCLT_1.21.0/GNU-tools-for-STM32/bin/../lib/gcc/arm-none-eabi/14.3.1/../../../../arm-none-eabi/lib/thumb/v7e-m+fp/hard/libc_nano.a(libc_a-strtod.o)
                              /opt/ST/STM32CubeCLT_1.21.0/GNU-tools-for-STM32/bin/../lib/gcc/arm-none-eabi/14.3.1/../../../../arm-none-eabi/lib/thumb/v7e-m+fp/hard/libc_nano.a(libc_a-nano-vfscanf_float.o) (_strtod_r)
/opt/ST/STM32CubeCLT_1.21.0/GNU-tools-for-STM32/bin/../lib/gcc/arm-none-eabi/14.3.1/../../../../arm-none-eabi/lib/thumb/v7e-m+fp/hard/libc_nano.a(libc_a-strtol.o)
                              /opt/ST/STM32CubeCLT_1.21.0/GNU-tools-for-STM32/bin/../lib/gcc/arm-none-eabi/14.3.1/../../../../arm-none-eabi/lib/thumb/v7e-m+fp/hard/libc_nano.a(libc_a-nano-vfscanf_float.o) (_strtol_r)
/opt/ST/STM32CubeCLT_1.21.0/GNU-tools-for-STM32/bin/../lib/gcc/arm-none-eabi/14.3.1/../../../../arm-none-eabi/lib/thumb/v7e-m+fp/hard/libc_nano.a(libc_a-fwalk.o)
                              /opt/ST/STM32CubeCLT_1.21.0/GNU-tools-for-STM32/bin/../lib/gcc/arm-none-eabi/14.3.1/../../../../arm-none-eabi/lib/thumb/v7e-m+fp/hard/libc_nano.a(libc_a-findfp.o) (_fwalk_sglue)
/opt/ST/STM32CubeCLT_1.21.0/GNU-tools-for-STM32/bin/../lib/gcc/arm-none-eabi/14.3.1/../../../../arm-none-eabi/lib/thumb/v7e-m+fp/hard/libc_nano.a(libc_a-printf.o)
                              build/gps.o (printf)
/opt/ST/STM32CubeCLT_1.21.0/GNU-tools-for-STM32/bin/../lib/gcc/arm-none-eabi/14.3.1/../../../../arm-none-eabi/lib/thumb/v7e-m+fp/hard/libc_nano.a(libc_a-puts.o)
                              build/gps.o (puts)
/opt/ST/STM32CubeCLT_1.21.0/GNU-tools-for-STM32/bin/../lib/gcc/arm-none-eabi/14.3.1/../../../../arm-none-eabi/lib/thumb/v7e-m+fp/hard/libc_nano.a(libc_a-memset.o)
[...]
Memory Configuration

Name             Origin             Length             Attributes
RAM              0x20000000         0x00020000         xrw
CCMRAM           0x10000000         0x00010000         xrw
FLASH            0x08000000         0x00100000         xr
*default*        0x00000000         0xffffffff

Linker script and memory map

LOAD /opt/ST/STM32CubeCLT_1.21.0/GNU-tools-for-STM32/bin/../lib/gcc/arm-none-eabi/14.3.1/thumb/v7e-m+fp/hard/crti.o
LOAD /opt/ST/STM32CubeCLT_1.21.0/GNU-tools-for-STM32/bin/../lib/gcc/arm-none-eabi/14.3.1/thumb/v7e-m+fp/hard/crtbegin.o
LOAD /opt/ST/STM32CubeCLT_1.21.0/GNU-tools-for-STM32/bin/../lib/gcc/arm-none-eabi/14.3.1/../../../../arm-none-eabi/lib/thumb/v7e-m+fp/hard/crt0.o
LOAD build/BMI088driver.o
LOAD build/BMI088Middleware.o
LOAD build/bsp_can.o
LOAD build/CAN_receive.o
LOAD build/can.o
LOAD build/dma.o
LOAD build/FusionAhrs.o
LOAD build/FusionCompass.o
LOAD build/FusionOffset.o
LOAD build/gpio.o
LOAD build/gps.o
LOAD build/i2c.o
LOAD build/IMU.o
LOAD build/IST.o
LOAD build/ist8310driver_middleware.o
LOAD build/ist8310driver.o
LOAD build/Joystick.o
LOAD build/led.o
LOAD build/main.o
LOAD build/Motor_Speed_pid.o
LOAD build/pid.o
LOAD build/ps2.o
LOAD build/spi.o
LOAD build/stm32f4xx_hal_msp.o
LOAD build/stm32f4xx_it.o
LOAD build/sweep.o
LOAD build/syscalls.o
LOAD build/sysmem.o
LOAD build/system_stm32f4xx.o
LOAD build/Task.o
LOAD build/tim.o
LOAD build/usart.o
LOAD build/user_delay.o
LOAD build/User_init.o
LOAD build/user_usart.o
LOAD build/stm32f4xx_hal_can.o
LOAD build/stm32f4xx_hal_rcc.o
LOAD build/stm32f4xx_hal_rcc_ex.o
LOAD build/stm32f4xx_hal_flash.o
LOAD build/stm32f4xx_hal_flash_ex.o
LOAD build/stm32f4xx_hal_flash_ramfunc.o
LOAD build/stm32f4xx_hal_gpio.o
LOAD build/stm32f4xx_hal_dma_ex.o
LOAD build/stm32f4xx_hal_dma.o
LOAD build/stm32f4xx_hal_pwr.o
LOAD build/stm32f4xx_hal_pwr_ex.o
LOAD build/stm32f4xx_hal_cortex.o
LOAD build/stm32f4xx_hal.o
LOAD build/stm32f4xx_hal_exti.o
LOAD build/stm32f4xx_hal_i2c.o
LOAD build/stm32f4xx_hal_i2c_ex.o
LOAD build/stm32f4xx_hal_spi.o
LOAD build/stm32f4xx_hal_tim.o
LOAD build/stm32f4xx_hal_tim_ex.o
LOAD build/stm32f4xx_hal_uart.o
LOAD build/startup_stm32f407xx.o
LOAD /opt/ST/STM32CubeCLT_1.21.0/GNU-tools-for-STM32/bin/../lib/gcc/arm-none-eabi/14.3.1/../../../../arm-none-eabi/lib/thumb/v7e-m+fp/hard/libc_nano.a
LOAD /opt/ST/STM32CubeCLT_1.21.0/GNU-tools-for-STM32/bin/../lib/gcc/arm-none-eabi/14.3.1/../../../../arm-none-eabi/lib/thumb/v7e-m+fp/hard/libm.a
LOAD /opt/ST/STM32CubeCLT_1.21.0/GNU-tools-for-STM32/bin/../lib/gcc/arm-none-eabi/14.3.1/../../../../arm-none-eabi/lib/thumb/v7e-m+fp/hard/libnosys.a
START GROUP
LOAD /opt/ST/STM32CubeCLT_1.21.0/GNU-tools-for-STM32/bin/../lib/gcc/arm-none-eabi/14.3.1/thumb/v7e-m+fp/hard/libgcc.a
LOAD /opt/ST/STM32CubeCLT_1.21.0/GNU-tools-for-STM32/bin/../lib/gcc/arm-none-eabi/14.3.1/../../../../arm-none-eabi/lib/thumb/v7e-m+fp/hard/libc_nano.a
END GROUP
START GROUP
LOAD /opt/ST/STM32CubeCLT_1.21.0/GNU-tools-for-STM32/bin/../lib/gcc/arm-none-eabi/14.3.1/thumb/v7e-m+fp/hard/libgcc.a
LOAD /opt/ST/STM32CubeCLT_1.21.0/GNU-tools-for-STM32/bin/../lib/gcc/arm-none-eabi/14.3.1/../../../../arm-none-eabi/lib/thumb/v7e-m+fp/hard/libc_nano.a
END GROUP
LOAD /opt/ST/STM32CubeCLT_1.21.0/GNU-tools-for-STM32/bin/../lib/gcc/arm-none-eabi/14.3.1/thumb/v7e-m+fp/hard/crtend.o
LOAD /opt/ST/STM32CubeCLT_1.21.0/GNU-tools-for-STM32/bin/../lib/gcc/arm-none-eabi/14.3.1/thumb/v7e-m+fp/hard/crtn.o
                0x20020000                        _estack = (ORIGIN (RAM) + LENGTH (RAM))
                0x00000200                        _Min_Heap_Size = 0x200
                0x00000400                        _Min_Stack_Size = 0x400

.isr_vector     0x08000000      0x188
                0x08000000                        . = ALIGN (0x4)
 *(.isr_vector)
 .isr_vector    0x08000000      0x188 build/startup_stm32f407xx.o
                0x08000000                g_pfnVectors
                0x08000188                        . = ALIGN (0x4)

.text           0x08000190    0x10454
                0x08000190                        . = ALIGN (0x4)
 *(.text)
 .text          0x08000190       0x40 /opt/ST/STM32CubeCLT_1.21.0/GNU-tools-for-STM32/bin/../lib/gcc/arm-none-eabi/14.3.1/thumb/v7e-m+fp/hard/crtbegin.o
 .text          0x080001d0       0xa0 /opt/ST/STM32CubeCLT_1.21.0/GNU-tools-for-STM32/bin/../lib/gcc/arm-none-eabi/14.3.1/../../../../arm-none-eabi/lib/thumb/v7e-m+fp/hard/libc_nano.a(libc_a-memchr.o)
                0x080001d0                memchr
 .text          0x08000270       0x10 /opt/ST/STM32CubeCLT_1.21.0/GNU-tools-for-STM32/bin/../lib/gcc/arm-none-eabi/14.3.1/../../../../arm-none-eabi/lib/thumb/v7e-m+fp/hard/libc_nano.a(libc_a-strlen.o)
                0x08000270                strlen
 .text          0x08000280      0x378 /opt/ST/STM32CubeCLT_1.21.0/GNU-tools-for-STM32/bin/../lib/gcc/arm-none-eabi/14.3.1/thumb/v7e-m+fp/hard/libgcc.a(_arm_addsubdf3.o)
                0x08000280                __aeabi_drsub
                0x08000288                __subdf3
                0x08000288                __aeabi_dsub
                0x0800028c                __aeabi_dadd
                0x0800028c                __adddf3
                0x08000504                __aeabi_ui2d
                0x08000504                __floatunsidf
                0x08000524                __floatsidf
                0x08000524                __aeabi_i2d
                0x08000548                __extendsfdf2
                0x08000548                __aeabi_f2d
                0x0800058c                __aeabi_ul2d
                0x0800058c                __floatundidf
                0x0800059c                __aeabi_l2d
                0x0800059c                __floatdidf
 .text          0x080005f8      0x424 /opt/ST/STM32CubeCLT_1.21.0/GNU-tools-for-STM32/bin/../lib/gcc/arm-none-eabi/14.3.1/thumb/v7e-m+fp/hard/libgcc.a(_arm_muldivdf3.o)
                0x080005f8                __aeabi_dmul
                0x080005f8                __muldf3
                0x0800084c                __aeabi_ddiv
                0x0800084c                __divdf3
 .text          0x08000a1c      0x110 /opt/ST/STM32CubeCLT_1.21.0/GNU-tools-for-STM32/bin/../lib/gcc/arm-none-eabi/14.3.1/thumb/v7e-m+fp/hard/libgcc.a(_arm_cmpdf2.o)
                0x08000a1c                __gedf2
                0x08000a1c                __gtdf2
                0x08000a24                __ledf2
                0x08000a24                __ltdf2
                0x08000a2c                __cmpdf2
                0x08000a2c                __eqdf2
                0x08000a2c                __nedf2
                0x08000aa8                __aeabi_cdrcmple
                0x08000ab8                __aeabi_cdcmple
                0x08000ab8                __aeabi_cdcmpeq
                0x08000ac8                __aeabi_dcmpeq
                0x08000adc                __aeabi_dcmplt
                0x08000af0                __aeabi_dcmple
                0x08000b04                __aeabi_dcmpge
                0x08000b18                __aeabi_dcmpgt
 .text          0x08000b2c       0x2c /opt/ST/STM32CubeCLT_1.21.0/GNU-tools-for-STM32/bin/../lib/gcc/arm-none-eabi/14.3.1/thumb/v7e-m+fp/hard/libgcc.a(_arm_unorddf2.o)
                0x08000b2c                __aeabi_dcmpun
                0x08000b2c                __unorddf2
 .text          0x08000b58       0x50 /opt/ST/STM32CubeCLT_1.21.0/GNU-tools-for-STM32/bin/../lib/gcc/arm-none-eabi/14.3.1/thumb/v7e-m+fp/hard/libgcc.a(_arm_fixdfsi.o)
                0x08000b58                __fixdfsi
                0x08000b58                __aeabi_d2iz
 .text          0x08000ba8       0x40 /opt/ST/STM32CubeCLT_1.21.0/GNU-tools-for-STM32/bin/../lib/gcc/arm-none-eabi/14.3.1/thumb/v7e-m+fp/hard/libgcc.a(_arm_fixunsdfsi.o)
                0x08000ba8                __fixunsdfsi
                0x08000ba8                __aeabi_d2uiz
 .text          0x08000be8       0xa0 /opt/ST/STM32CubeCLT_1.21.0/GNU-tools-for-STM32/bin/../lib/gcc/arm-none-eabi/14.3.1/thumb/v7e-m+fp/hard/libgcc.a(_arm_truncdfsf2.o)
                0x08000be8                __aeabi_d2f
                0x08000be8                __truncdfsf2
 .text          0x08000c88       0x30 /opt/ST/STM32CubeCLT_1.21.0/GNU-tools-for-STM32/bin/../lib/gcc/arm-none-eabi/14.3.1/thumb/v7e-m+fp/hard/libgcc.a(_aeabi_uldivmod.o)
                0x08000c88                __aeabi_uldivmod
 .text          0x08000cb8       0x30 /opt/ST/STM32CubeCLT_1.21.0/GNU-tools-for-STM32/bin/../lib/gcc/arm-none-eabi/14.3.1/thumb/v7e-m+fp/hard/libgcc.a(_fixdfdi.o)
                0x08000cb8                __aeabi_d2lz
                0x08000cb8                __fixdfdi
 .text          0x08000ce8       0x3c /opt/ST/STM32CubeCLT_1.21.0/GNU-tools-for-STM32/bin/../lib/gcc/arm-none-eabi/14.3.1/thumb/v7e-m+fp/hard/libgcc.a(_fixunsdfdi.o)
                0x08000ce8                __aeabi_d2ulz
                0x08000ce8                __fixunsdfdi
 .text          0x08000d24      0x2f8 /opt/ST/STM32CubeCLT_1.21.0/GNU-tools-for-STM32/bin/../lib/gcc/arm-none-eabi/14.3.1/thumb/v7e-m+fp/hard/libgcc.a(_udivmoddi4.o)
                0x08000d24                __udivmoddi4
 .text          0x0800101c        0x4 /opt/ST/STM32CubeCLT_1.21.0/GNU-tools-for-STM32/bin/../lib/gcc/arm-none-eabi/14.3.1/thumb/v7e-m+fp/hard/libgcc.a(_dvmd_tls.o)
                0x0800101c                __aeabi_ldiv0
                0x0800101c                __aeabi_idiv0
 *(.text*)
 .text.BMI088_write_single_reg
                0x08001020       0x10 build/BMI088driver.o
 .text.BMI088_read_single_reg
                0x08001030       0x16 build/BMI088driver.o
 .text.BMI088_read_muli_reg
                0x08001046       0x24 build/BMI088driver.o
 *fill*         0x0800106a        0x2 
 .text.bmi088_accel_init
                0x0800106c      0x10c build/BMI088driver.o
                0x0800106c                bmi088_accel_init
 .text.bmi088_gyro_init
                0x08001178       0xec build/BMI088driver.o
                0x08001178                bmi088_gyro_init
 .text.BMI088_init
                0x08001264       0x1a build/BMI088driver.o
                0x08001264                BMI088_init
 *fill*         0x0800127e        0x2 
 .text.BMI088_read
                0x08001280      0x168 build/BMI088driver.o
                0x08001280                BMI088_read
 .text.BMI088_GPIO_init
                0x080013e8        0x2 build/BMI088Middleware.o
                0x080013e8                BMI088_GPIO_init
 .text.BMI088_com_init
                0x080013ea        0x2 build/BMI088Middleware.o
                0x080013ea                BMI088_com_init
 .text.BMI088_delay_us
                0x080013ec       0x38 build/BMI088Middleware.o
                0x080013ec                BMI088_delay_us
 .text.BMI088_delay_ms
                0x08001424       0x18 build/BMI088Middleware.o
                0x08001424                BMI088_delay_ms
 .text.BMI088_ACCEL_NS_L
                0x0800143c       0x14 build/BMI088Middleware.o
                0x0800143c                BMI088_ACCEL_NS_L
 .text.BMI088_ACCEL_NS_H
                0x08001450       0x14 build/BMI088Middleware.o
                0x08001450                BMI088_ACCEL_NS_H
 .text.BMI088_GYRO_NS_L
                0x08001464       0x14 build/BMI088Middleware.o
                0x08001464                BMI088_GYRO_NS_L
 .text.BMI088_GYRO_NS_H
                0x08001478       0x14 build/BMI088Middleware.o
                0x08001478                BMI088_GYRO_NS_H
 .text.BMI088_read_write_byte
                0x0800148c       0x2c build/BMI088Middleware.o
                0x0800148c                BMI088_read_write_byte
 .text.can_filter_init
                0x080014b8       0x5c build/bsp_can.o
                0x080014b8                can_filter_init
 .text.HAL_CAN_RxFifo0MsgPendingCallback
                0x08001514       0x7c build/CAN_receive.o
                0x08001514                HAL_CAN_RxFifo0MsgPendingCallback
 .text.CAN_cmd_chassis
                0x08001590       0x54 build/CAN_receive.o
                0x08001590                CAN_cmd_chassis
 .text.MX_CAN1_Init
                0x080015e4       0x40 build/can.o
                0x080015e4                MX_CAN1_Init
 .text.MX_CAN2_Init
                0x08001624       0x40 build/can.o
                0x08001624                MX_CAN2_Init
 .text.HAL_CAN_MspInit
                0x08001664      0x110 build/can.o
                0x08001664                HAL_CAN_MspInit
 .text.MX_DMA_Init
                0x08001774       0x54 build/dma.o
                0x08001774                MX_DMA_Init
 .text.FusionVectorCrossProduct
                0x080017c8       0x66 build/FusionAhrs.o
 .text.FusionVectorDotProduct
                0x0800182e       0x50 build/FusionAhrs.o
 .text.FusionVectorMagnitudeSquared
                0x0800187e       0x44 build/FusionAhrs.o
 *fill*         0x080018c2        0x2 
 .text.FusionVectorNormalise
                0x080018c4       0x98 build/FusionAhrs.o
 .text.FusionQuaternionMultiplyVector
                0x0800195c       0x9e build/FusionAhrs.o
 *fill*         0x080019fa        0x2 
 .text.FusionQuaternionNormalise
                0x080019fc       0xa4 build/FusionAhrs.o
 .text.HalfGravity
                0x08001aa0       0xd4 build/FusionAhrs.o
 .text.HalfMagnetic
                0x08001b74      0x134 build/FusionAhrs.o
 .text.Feedback
                0x08001ca8       0x9c build/FusionAhrs.o
 .text.FusionAhrsReset
                0x08001d44       0x48 build/FusionAhrs.o
                0x08001d44                FusionAhrsReset
 .text.FusionAhrsSetSettings
                0x08001d8c       0xf4 build/FusionAhrs.o
                0x08001d8c                FusionAhrsSetSettings
 .text.FusionAhrsInitialise
                0x08001e80       0x30 build/FusionAhrs.o
                0x08001e80                FusionAhrsInitialise
 .text.FusionAhrsUpdate
                0x08001eb0      0x484 build/FusionAhrs.o
                0x08001eb0                FusionAhrsUpdate
 .text.FusionAhrsGetQuaternion
                0x08002334       0x22 build/FusionAhrs.o
                0x08002334                FusionAhrsGetQuaternion
 .text.FusionAhrsGetLinearAcceleration
                0x08002356       0xfc build/FusionAhrs.o
                0x08002356                FusionAhrsGetLinearAcceleration
 *fill*         0x08002452        0x2 
 .text.FusionOffsetInitialise
                0x08002454       0x34 build/FusionOffset.o
                0x08002454                FusionOffsetInitialise
 .text.FusionOffsetUpdate
                0x08002488      0x14a build/FusionOffset.o
                0x08002488                FusionOffsetUpdate
 *fill*         0x080025d2        0x2 
 .text.MX_GPIO_Init
                0x080025d4      0x174 build/gpio.o
                0x080025d4                MX_GPIO_Init
 .text.MX_I2C3_Init
                0x08002748       0x3c build/i2c.o
                0x08002748                MX_I2C3_Init
 .text.HAL_I2C_MspInit
                0x08002784       0xb0 build/i2c.o
                0x08002784                HAL_I2C_MspInit
 .text.FusionMatrixMultiplyVector
                0x08002834       0xa0 build/IMU.o
 .text.FusionCalibrationInertial
                0x080028d4       0xca build/IMU.o
 .text.FusionCalibrationMagnetic
                0x0800299e       0x90 build/IMU.o
 *fill*         0x08002a2e        0x2 
 .text.IMU_update
                0x08002a30      0x244 build/IMU.o
                0x08002a30                IMU_update
 .text.IST_read
                0x08002c74       0x10 build/IST.o
                0x08002c74                IST_read
 .text.ist8310_GPIO_init
                0x08002c84        0x2 build/ist8310driver_middleware.o
                0x08002c84                ist8310_GPIO_init
 .text.ist8310_com_init
                0x08002c86        0x2 build/ist8310driver_middleware.o
                0x08002c86                ist8310_com_init
 .text.ist8310_IIC_read_single_reg
                0x08002c88       0x30 build/ist8310driver_middleware.o
                0x08002c88                ist8310_IIC_read_single_reg
 .text.ist8310_IIC_write_single_reg
                0x08002cb8       0x28 build/ist8310driver_middleware.o
                0x08002cb8                ist8310_IIC_write_single_reg
 .text.ist8310_IIC_read_muli_reg
                0x08002ce0       0x20 build/ist8310driver_middleware.o
                0x08002ce0                ist8310_IIC_read_muli_reg
 .text.ist8310_delay_ms
                0x08002d00        0x8 build/ist8310driver_middleware.o
                0x08002d00                ist8310_delay_ms
 .text.ist8310_delay_us
                0x08002d08       0x3a build/ist8310driver_middleware.o
                0x08002d08                ist8310_delay_us
 *fill*         0x08002d42        0x2 
 .text.ist8310_RST_H
                0x08002d44       0x14 build/ist8310driver_middleware.o
                0x08002d44                ist8310_RST_H
 .text.ist8310_RST_L
                0x08002d58       0x14 build/ist8310driver_middleware.o
                0x08002d58                ist8310_RST_L
 .text.ist8310_init
                0x08002d6c       0x78 build/ist8310driver.o
                0x08002d6c                ist8310_init
 .text.ist8310_read_mag
                0x08002de4       0x78 build/ist8310driver.o
                0x08002de4                ist8310_read_mag
 .text.Joystick_motor_start
                0x08002e5c      0x12c build/Joystick.o
                0x08002e5c                Joystick_motor_start
 .text.Joystick_v_set
                0x08002f88       0x78 build/Joystick.o
                0x08002f88                Joystick_v_set
 .text.Joystick_motor_control
                0x08003000      0x168 build/Joystick.o
                0x08003000                Joystick_motor_control
 .text.led_green_start
                0x08003168       0x18 build/led.o
                0x08003168                led_green_start
 .text.led_red_start
                0x08003180       0x18 build/led.o
                0x08003180                led_red_start
 .text.led_white_start
                0x08003198       0x14 build/led.o
                0x08003198                led_white_start
 .text.led_pink_start
                0x080031ac       0x1c build/led.o
                0x080031ac                led_pink_start
 .text.led_blue_blink
                0x080031c8       0x48 build/led.o
                0x080031c8                led_blue_blink
 .text.led_red_blink
                0x08003210       0x48 build/led.o
                0x08003210                led_red_blink
 .text.Serial_Control
                0x08003258        0x2 build/main.o
                0x08003258                Serial_Control
 *fill*         0x0800325a        0x2 
 .text.FusionAsin
                0x0800325c       0x38 build/main.o
 .text.FusionQuaternionToEuler
                0x08003294       0xb8 build/main.o
 *fill*         0x0800334c        0x4 
 .text.Serial_Output
                0x08003350      0x324 build/main.o
                0x08003350                Serial_Output
 .text.Serial_Input
                0x08003674       0x78 build/main.o
                0x08003674                Serial_Input
 .text.Error_Handler
                0x080036ec        0x4 build/main.o
                0x080036ec                Error_Handler
 .text.SystemClock_Config
                0x080036f0       0xa8 build/main.o
                0x080036f0                SystemClock_Config
 .text.main     0x08003798      0x10c build/main.o
                0x08003798                main
 .text.Motor_Speed_pid_init
                0x080038a4       0x54 build/Motor_Speed_pid.o
                0x080038a4                Motor_Speed_pid_init
 .text.Set_free
                0x080038f8       0x30 build/Motor_Speed_pid.o
                0x080038f8                Set_free
 .text.Motor_Speed_Calc
                0x08003928      0x1a4 build/Motor_Speed_pid.o
                0x08003928                Motor_Speed_Calc
 .text.Speed_set
                0x08003acc      0x134 build/Motor_Speed_pid.o
                0x08003acc                Speed_set
 .text.MOTORrpm2vw
                0x08003c00       0x60 build/Motor_Speed_pid.o
                0x08003c00                MOTORrpm2vw
 .text.pid_param_init
                0x08003c60       0x60 build/pid.o
 .text.pid_reset
                0x08003cc0        0xe build/pid.o
 *fill*         0x08003cce        0x2 
 .text.pid_calculate
                0x08003cd0      0x188 build/pid.o
 .text.pid_init
                0x08003e58       0x1c build/pid.o
                0x08003e58                pid_init
 .text.PS2_Cmd  0x08003e74       0xb4 build/ps2.o
                0x08003e74                PS2_Cmd
 .text.PS2_ReadData
                0x08003f28       0xe0 build/ps2.o
                0x08003f28                PS2_ReadData
 .text.PS2_AnologData
                0x08004008        0xc build/ps2.o
                0x08004008                PS2_AnologData
 .text.PS2_ClearData
                0x08004014       0x18 build/ps2.o
                0x08004014                PS2_ClearData
 .text.PS2_DataKey
                0x0800402c       0x4c build/ps2.o
                0x0800402c                PS2_DataKey
 .text.PS2_ShortPoll
                0x08004078       0x4c build/ps2.o
                0x08004078                PS2_ShortPoll
 .text.PS2_EnterConfing
                0x080040c4       0x64 build/ps2.o
                0x080040c4                PS2_EnterConfing
 .text.PS2_TurnOnAnalogMode
                0x08004128       0x60 build/ps2.o
                0x08004128                PS2_TurnOnAnalogMode
 .text.PS2_VibrationMode
                0x08004188       0x4c build/ps2.o
                0x08004188                PS2_VibrationMode
 .text.PS2_ExitConfing
                0x080041d4       0x64 build/ps2.o
                0x080041d4                PS2_ExitConfing
 .text.PS2_SetInit
                0x08004238       0x2c build/ps2.o
                0x08004238                PS2_SetInit
 .text.PS2_Receive
                0x08004264       0x48 build/ps2.o
                0x08004264                PS2_Receive
 .text.MX_SPI1_Init
                0x080042ac       0x48 build/spi.o
                0x080042ac                MX_SPI1_Init
 .text.HAL_SPI_MspInit
                0x080042f4       0xa4 build/spi.o
                0x080042f4                HAL_SPI_MspInit
 .text.HAL_MspInit
                0x08004398       0x38 build/stm32f4xx_hal_msp.o
                0x08004398                HAL_MspInit
 .text.NMI_Handler
                0x080043d0        0x2 build/stm32f4xx_it.o
                0x080043d0                NMI_Handler
 .text.HardFault_Handler
                0x080043d2        0x2 build/stm32f4xx_it.o
                0x080043d2                HardFault_Handler
 .text.MemManage_Handler
                0x080043d4        0x2 build/stm32f4xx_it.o
                0x080043d4                MemManage_Handler
 .text.BusFault_Handler
                0x080043d6        0x2 build/stm32f4xx_it.o
                0x080043d6                BusFault_Handler
 .text.UsageFault_Handler
                0x080043d8        0x2 build/stm32f4xx_it.o
                0x080043d8                UsageFault_Handler
 .text.SVC_Handler
                0x080043da        0x2 build/stm32f4xx_it.o
                0x080043da                SVC_Handler
 .text.DebugMon_Handler
                0x080043dc        0x2 build/stm32f4xx_it.o
                0x080043dc                DebugMon_Handler
 .text.PendSV_Handler
                0x080043de        0x2 build/stm32f4xx_it.o
                0x080043de                PendSV_Handler
 .text.SysTick_Handler
                0x080043e0        0x8 build/stm32f4xx_it.o
                0x080043e0                SysTick_Handler
 .text.EXTI0_IRQHandler
                0x080043e8       0x14 build/stm32f4xx_it.o
                0x080043e8                EXTI0_IRQHandler
 .text.EXTI3_IRQHandler
                0x080043fc        0xe build/stm32f4xx_it.o
                0x080043fc                EXTI3_IRQHandler
 *fill*         0x0800440a        0x2 
 .text.CAN1_RX0_IRQHandler
                0x0800440c       0x10 build/stm32f4xx_it.o
                0x0800440c                CAN1_RX0_IRQHandler
 .text.TIM1_UP_TIM10_IRQHandler
                0x0800441c       0x18 build/stm32f4xx_it.o
                0x0800441c                TIM1_UP_TIM10_IRQHandler
 .text.TIM4_IRQHandler
                0x08004434       0x10 build/stm32f4xx_it.o
                0x08004434                TIM4_IRQHandler
 .text.TIM8_UP_TIM13_IRQHandler
                0x08004444       0x14 build/stm32f4xx_it.o
                0x08004444                TIM8_UP_TIM13_IRQHandler
 .text.DMA2_Stream2_IRQHandler
                0x08004458       0x10 build/stm32f4xx_it.o
                0x08004458                DMA2_Stream2_IRQHandler
 .text.DMA2_Stream6_IRQHandler
                0x08004468       0x10 build/stm32f4xx_it.o
                0x08004468                DMA2_Stream6_IRQHandler
 .text.DMA2_Stream7_IRQHandler
                0x08004478       0x10 build/stm32f4xx_it.o
                0x08004478                DMA2_Stream7_IRQHandler
 .text.USART6_IRQHandler
                0x08004488       0x10 build/stm32f4xx_it.o
                0x08004488                USART6_IRQHandler
 .text._getpid  0x08004498        0x4 build/syscalls.o
                0x08004498                _getpid
 .text._kill    0x0800449c       0x10 build/syscalls.o
                0x0800449c                _kill
 .text._exit    0x080044ac        0xc build/syscalls.o
                0x080044ac                _exit
 .text._read    0x080044b8       0x20 build/syscalls.o
                0x080044b8                _read
 .text._write   0x080044d8       0x1c build/syscalls.o
                0x080044d8                _write
 .text._close   0x080044f4        0x6 build/syscalls.o
                0x080044f4                _close
 .text._fstat   0x080044fa        0xa build/syscalls.o
                0x080044fa                _fstat
 .text._isatty  0x08004504        0x4 build/syscalls.o
                0x08004504                _isatty
 .text._lseek   0x08004508        0x4 build/syscalls.o
                0x08004508                _lseek
 .text._sbrk    0x0800450c       0x48 build/sysmem.o
                0x0800450c                _sbrk
 .text.SystemInit
                0x08004554       0x14 build/system_stm32f4xx.o
                0x08004554                SystemInit
 .text.TaskAdd  0x08004568       0x44 build/Task.o
                0x08004568                TaskAdd
 .text.TaskCheck
                0x080045ac       0x54 build/Task.o
                0x080045ac                TaskCheck
 .text.TaskRun  0x08004600       0x98 build/Task.o
                0x08004600                TaskRun
 .text.MX_TIM1_Init
                0x08004698       0x74 build/tim.o
                0x08004698                MX_TIM1_Init
 .text.MX_TIM4_Init
                0x0800470c       0x74 build/tim.o
                0x0800470c                MX_TIM4_Init
 .text.MX_TIM8_Init
                0x08004780       0x74 build/tim.o
                0x08004780                MX_TIM8_Init
 .text.HAL_TIM_Base_MspInit
                0x080047f4       0xfc build/tim.o
                0x080047f4                HAL_TIM_Base_MspInit
 .text.HAL_TIM_MspPostInit
                0x080048f0       0x94 build/tim.o
                0x080048f0                HAL_TIM_MspPostInit
 .text.MX_TIM5_Init
                0x08004984       0xf8 build/tim.o
                0x08004984                MX_TIM5_Init
 .text.MX_TIM10_Init
                0x08004a7c       0x70 build/tim.o
                0x08004a7c                MX_TIM10_Init
 .text.USART1_IRQHandler
                0x08004aec       0x84 build/usart.o
                0x08004aec                USART1_IRQHandler
 .text.HAL_UART_RxCpltCallback
                0x08004b70       0x14 build/usart.o
                0x08004b70                HAL_UART_RxCpltCallback
 .text.clrStruct
                0x08004b84       0x4c build/usart.o
                0x08004b84                clrStruct
 .text.MX_USART1_UART_Init
                0x08004bd0       0x34 build/usart.o
                0x08004bd0                MX_USART1_UART_Init
 .text.MX_USART6_UART_Init
                0x08004c04       0x34 build/usart.o
                0x08004c04                MX_USART6_UART_Init
 .text.HAL_UART_MspInit
                0x08004c38      0x1e8 build/usart.o
                0x08004c38                HAL_UART_MspInit
 .text.HAL_Delay_us
                0x08004e20       0x34 build/user_delay.o
                0x08004e20                HAL_Delay_us
 .text.Init_all
                0x08004e54       0x9c build/User_init.o
                0x08004e54                Init_all
 .text.usart_printf
                0x08004ef0       0x58 build/user_usart.o
                0x08004ef0                usart_printf
 .text.HAL_CAN_Init
                0x08004f48      0x14c build/stm32f4xx_hal_can.o
                0x08004f48                HAL_CAN_Init
 .text.HAL_CAN_ConfigFilter
                0x08005094      0x138 build/stm32f4xx_hal_can.o
                0x08005094                HAL_CAN_ConfigFilter
 .text.HAL_CAN_Start
                0x080051cc       0x5c build/stm32f4xx_hal_can.o
                0x080051cc                HAL_CAN_Start
 .text.HAL_CAN_AddTxMessage
                0x08005228       0xea build/stm32f4xx_hal_can.o
                0x08005228                HAL_CAN_AddTxMessage
 .text.HAL_CAN_GetRxMessage
                0x08005312      0x16a build/stm32f4xx_hal_can.o
                0x08005312                HAL_CAN_GetRxMessage
 .text.HAL_CAN_ActivateNotification
                0x0800547c       0x24 build/stm32f4xx_hal_can.o
                0x0800547c                HAL_CAN_ActivateNotification
 .text.HAL_CAN_TxMailbox0CompleteCallback
                0x080054a0        0x2 build/stm32f4xx_hal_can.o
                0x080054a0                HAL_CAN_TxMailbox0CompleteCallback
 .text.HAL_CAN_TxMailbox1CompleteCallback
                0x080054a2        0x2 build/stm32f4xx_hal_can.o
                0x080054a2                HAL_CAN_TxMailbox1CompleteCallback
 .text.HAL_CAN_TxMailbox2CompleteCallback
                0x080054a4        0x2 build/stm32f4xx_hal_can.o
                0x080054a4                HAL_CAN_TxMailbox2CompleteCallback
 .text.HAL_CAN_TxMailbox0AbortCallback
                0x080054a6        0x2 build/stm32f4xx_hal_can.o
                0x080054a6                HAL_CAN_TxMailbox0AbortCallback
 .text.HAL_CAN_TxMailbox1AbortCallback
                0x080054a8        0x2 build/stm32f4xx_hal_can.o
                0x080054a8                HAL_CAN_TxMailbox1AbortCallback
 .text.HAL_CAN_TxMailbox2AbortCallback
                0x080054aa        0x2 build/stm32f4xx_hal_can.o
                0x080054aa                HAL_CAN_TxMailbox2AbortCallback
 .text.HAL_CAN_RxFifo0FullCallback
                0x080054ac        0x2 build/stm32f4xx_hal_can.o
                0x080054ac                HAL_CAN_RxFifo0FullCallback
 .text.HAL_CAN_RxFifo1MsgPendingCallback
                0x080054ae        0x2 build/stm32f4xx_hal_can.o
                0x080054ae                HAL_CAN_RxFifo1MsgPendingCallback
 .text.HAL_CAN_RxFifo1FullCallback
                0x080054b0        0x2 build/stm32f4xx_hal_can.o
                0x080054b0                HAL_CAN_RxFifo1FullCallback
 .text.HAL_CAN_SleepCallback
                0x080054b2        0x2 build/stm32f4xx_hal_can.o
                0x080054b2                HAL_CAN_SleepCallback
 .text.HAL_CAN_WakeUpFromRxMsgCallback
                0x080054b4        0x2 build/stm32f4xx_hal_can.o
                0x080054b4                HAL_CAN_WakeUpFromRxMsgCallback
 .text.HAL_CAN_ErrorCallback
                0x080054b6        0x2 build/stm32f4xx_hal_can.o
                0x080054b6                HAL_CAN_ErrorCallback
 .text.HAL_CAN_IRQHandler
                0x080054b8      0x250 build/stm32f4xx_hal_can.o
                0x080054b8                HAL_CAN_IRQHandler
 .text.HAL_RCC_OscConfig
                0x08005708      0x3f8 build/stm32f4xx_hal_rcc.o
                0x08005708                HAL_RCC_OscConfig
 .text.HAL_RCC_GetSysClockFreq
                0x08005b00       0xa8 build/stm32f4xx_hal_rcc.o
                0x08005b00                HAL_RCC_GetSysClockFreq
 .text.HAL_RCC_ClockConfig
                0x08005ba8      0x160 build/stm32f4xx_hal_rcc.o
                0x08005ba8                HAL_RCC_ClockConfig
 .text.HAL_RCC_GetHCLKFreq
                0x08005d08        0xc build/stm32f4xx_hal_rcc.o
                0x08005d08                HAL_RCC_GetHCLKFreq
 .text.HAL_RCC_GetPCLK1Freq
                0x08005d14       0x20 build/stm32f4xx_hal_rcc.o
                0x08005d14                HAL_RCC_GetPCLK1Freq
 .text.HAL_RCC_GetPCLK2Freq
                0x08005d34       0x20 build/stm32f4xx_hal_rcc.o
                0x08005d34                HAL_RCC_GetPCLK2Freq
 .text.HAL_GPIO_Init
                0x08005d54      0x1ec build/stm32f4xx_hal_gpio.o
                0x08005d54                HAL_GPIO_Init
 .text.HAL_GPIO_ReadPin
                0x08005f40        0xe build/stm32f4xx_hal_gpio.o
                0x08005f40                HAL_GPIO_ReadPin
 .text.HAL_GPIO_WritePin
                0x08005f4e        0xc build/stm32f4xx_hal_gpio.o
                0x08005f4e                HAL_GPIO_WritePin
 .text.HAL_GPIO_EXTI_Callback
                0x08005f5a        0x2 build/stm32f4xx_hal_gpio.o
                0x08005f5a                HAL_GPIO_EXTI_Callback
 .text.HAL_GPIO_EXTI_IRQHandler
                0x08005f5c       0x1c build/stm32f4xx_hal_gpio.o
                0x08005f5c                HAL_GPIO_EXTI_IRQHandler
 .text.DMA_SetConfig
                0x08005f78       0x2c build/stm32f4xx_hal_dma.o
 .text.DMA_CalcBaseAndBitshift
                0x08005fa4       0x3c build/stm32f4xx_hal_dma.o
 .text.DMA_CheckFifoParam
                0x08005fe0       0x8e build/stm32f4xx_hal_dma.o
 *fill*         0x0800606e        0x2 
 .text.HAL_DMA_Init
                0x08006070       0xcc build/stm32f4xx_hal_dma.o
                0x08006070                HAL_DMA_Init
 .text.HAL_DMA_Start_IT
                0x0800613c       0x68 build/stm32f4xx_hal_dma.o
                0x0800613c                HAL_DMA_Start_IT
 .text.HAL_DMA_Abort
                0x080061a4       0x92 build/stm32f4xx_hal_dma.o
                0x080061a4                HAL_DMA_Abort
 .text.HAL_DMA_Abort_IT
                0x08006236       0x24 build/stm32f4xx_hal_dma.o
                0x08006236                HAL_DMA_Abort_IT
 *fill*         0x0800625a        0x2 
 .text.HAL_DMA_IRQHandler
                0x0800625c      0x1dc build/stm32f4xx_hal_dma.o
                0x0800625c                HAL_DMA_IRQHandler
 .text.__NVIC_EnableIRQ
                0x08006438       0x1c build/stm32f4xx_hal_cortex.o
 .text.__NVIC_SetPriority
                0x08006454       0x28 build/stm32f4xx_hal_cortex.o
 .text.NVIC_EncodePriority
                0x0800647c       0x3c build/stm32f4xx_hal_cortex.o
 .text.HAL_NVIC_SetPriorityGrouping
                0x080064b8       0x24 build/stm32f4xx_hal_cortex.o
                0x080064b8                HAL_NVIC_SetPriorityGrouping
 .text.HAL_NVIC_SetPriority
                0x080064dc       0x20 build/stm32f4xx_hal_cortex.o
                0x080064dc                HAL_NVIC_SetPriority
 .text.HAL_NVIC_EnableIRQ
                0x080064fc        0x8 build/stm32f4xx_hal_cortex.o
                0x080064fc                HAL_NVIC_EnableIRQ
 .text.HAL_SYSTICK_Config
                0x08006504       0x28 build/stm32f4xx_hal_cortex.o
                0x08006504                HAL_SYSTICK_Config
 .text.HAL_InitTick
                0x0800652c       0x4c build/stm32f4xx_hal.o
                0x0800652c                HAL_InitTick
 .text.HAL_Init
                0x08006578       0x34 build/stm32f4xx_hal.o
                0x08006578                HAL_Init
 .text.HAL_IncTick
                0x080065ac       0x18 build/stm32f4xx_hal.o
                0x080065ac                HAL_IncTick
 .text.HAL_GetTick
                0x080065c4        0xc build/stm32f4xx_hal.o
                0x080065c4                HAL_GetTick
 .text.HAL_Delay
                0x080065d0       0x28 build/stm32f4xx_hal.o
                0x080065d0                HAL_Delay
 .text.I2C_IsAcknowledgeFailed
                0x080065f8       0x32 build/stm32f4xx_hal_i2c.o
 .text.I2C_WaitOnFlagUntilTimeout
                0x0800662a       0xaa build/stm32f4xx_hal_i2c.o
 .text.I2C_WaitOnMasterAddressFlagUntilTimeout
                0x080066d4       0xd6 build/stm32f4xx_hal_i2c.o
 .text.I2C_WaitOnTXEFlagUntilTimeout
                0x080067aa       0x5e build/stm32f4xx_hal_i2c.o
 .text.I2C_RequestMemoryWrite
                0x08006808       0xd8 build/stm32f4xx_hal_i2c.o
 .text.I2C_RequestMemoryRead
                0x080068e0      0x154 build/stm32f4xx_hal_i2c.o
 .text.I2C_WaitOnBTFFlagUntilTimeout
                0x08006a34       0x5e build/stm32f4xx_hal_i2c.o
 .text.I2C_WaitOnRXNEFlagUntilTimeout
                0x08006a92       0x78 build/stm32f4xx_hal_i2c.o
 *fill*         0x08006b0a        0x2 
 .text.HAL_I2C_Init
                0x08006b0c      0x1bc build/stm32f4xx_hal_i2c.o
                0x08006b0c                HAL_I2C_Init
 .text.HAL_I2C_Mem_Write
                0x08006cc8      0x160 build/stm32f4xx_hal_i2c.o
                0x08006cc8                HAL_I2C_Mem_Write
 .text.HAL_I2C_Mem_Read
                0x08006e28      0x2f8 build/stm32f4xx_hal_i2c.o
                0x08006e28                HAL_I2C_Mem_Read
 .text.SPI_WaitFlagStateUntilTimeout
                0x08007120       0xc8 build/stm32f4xx_hal_spi.o
 .text.SPI_EndRxTxTransaction
                0x080071e8       0x80 build/stm32f4xx_hal_spi.o
 .text.HAL_SPI_Init
                0x08007268       0xbe build/stm32f4xx_hal_spi.o
                0x08007268                HAL_SPI_Init
 .text.HAL_SPI_TransmitReceive
                0x08007326      0x252 build/stm32f4xx_hal_spi.o
                0x08007326                HAL_SPI_TransmitReceive
 .text.TIM_OC1_SetConfig
                0x08007578       0x70 build/stm32f4xx_hal_tim.o
 .text.TIM_OC3_SetConfig
                0x080075e8       0x70 build/stm32f4xx_hal_tim.o
 .text.TIM_OC4_SetConfig
                0x08007658       0x50 build/stm32f4xx_hal_tim.o
 .text.TIM_TI1_ConfigInputStage
                0x080076a8       0x26 build/stm32f4xx_hal_tim.o
 .text.TIM_TI2_ConfigInputStage
                0x080076ce       0x28 build/stm32f4xx_hal_tim.o
 .text.TIM_ITRx_SetConfig
                0x080076f6       0x10 build/stm32f4xx_hal_tim.o
 *fill*         0x08007706        0x2 
 .text.HAL_TIM_Base_Start_IT
                0x08007708       0x84 build/stm32f4xx_hal_tim.o
                0x08007708                HAL_TIM_Base_Start_IT
 .text.HAL_TIM_PWM_MspInit
                0x0800778c        0x2 build/stm32f4xx_hal_tim.o
                0x0800778c                HAL_TIM_PWM_MspInit
 .text.HAL_TIM_PeriodElapsedCallback
                0x0800778e        0x2 build/stm32f4xx_hal_tim.o
                0x0800778e                HAL_TIM_PeriodElapsedCallback
 .text.HAL_TIM_OC_DelayElapsedCallback
                0x08007790        0x2 build/stm32f4xx_hal_tim.o
                0x08007790                HAL_TIM_OC_DelayElapsedCallback
 .text.HAL_TIM_IC_CaptureCallback
                0x08007792        0x2 build/stm32f4xx_hal_tim.o
                0x08007792                HAL_TIM_IC_CaptureCallback
 .text.HAL_TIM_PWM_PulseFinishedCallback
                0x08007794        0x2 build/stm32f4xx_hal_tim.o
                0x08007794                HAL_TIM_PWM_PulseFinishedCallback
 .text.HAL_TIM_TriggerCallback
                0x08007796        0x2 build/stm32f4xx_hal_tim.o
                0x08007796                HAL_TIM_TriggerCallback
 .text.HAL_TIM_IRQHandler
                0x08007798      0x15e build/stm32f4xx_hal_tim.o
                0x08007798                HAL_TIM_IRQHandler
 *fill*         0x080078f6        0x2 
 .text.TIM_Base_SetConfig
                0x080078f8       0xd8 build/stm32f4xx_hal_tim.o
                0x080078f8                TIM_Base_SetConfig
 .text.HAL_TIM_Base_Init
                0x080079d0       0x58 build/stm32f4xx_hal_tim.o
                0x080079d0                HAL_TIM_Base_Init
 .text.HAL_TIM_PWM_Init
                0x08007a28       0x58 build/stm32f4xx_hal_tim.o
                0x08007a28                HAL_TIM_PWM_Init
 .text.TIM_OC2_SetConfig
                0x08007a80       0x70 build/stm32f4xx_hal_tim.o
                0x08007a80                TIM_OC2_SetConfig
 .text.HAL_TIM_PWM_ConfigChannel
                0x08007af0       0xdc build/stm32f4xx_hal_tim.o
                0x08007af0                HAL_TIM_PWM_ConfigChannel
 .text.TIM_ETR_SetConfig
                0x08007bcc       0x1a build/stm32f4xx_hal_tim.o
                0x08007bcc                TIM_ETR_SetConfig
 .text.HAL_TIM_ConfigClockSource
                0x08007be6       0xfe build/stm32f4xx_hal_tim.o
                0x08007be6                HAL_TIM_ConfigClockSource
 .text.TIM_CCxChannelCmd
                0x08007ce4       0x1e build/stm32f4xx_hal_tim.o
                0x08007ce4                TIM_CCxChannelCmd
 *fill*         0x08007d02        0x2 
 .text.HAL_TIM_PWM_Start
                0x08007d04       0xfc build/stm32f4xx_hal_tim.o
                0x08007d04                HAL_TIM_PWM_Start
 .text.HAL_TIMEx_MasterConfigSynchronization
                0x08007e00       0x8c build/stm32f4xx_hal_tim_ex.o
                0x08007e00                HAL_TIMEx_MasterConfigSynchronization
 .text.HAL_TIMEx_CommutCallback
                0x08007e8c        0x2 build/stm32f4xx_hal_tim_ex.o
                0x08007e8c                HAL_TIMEx_CommutCallback
 .text.HAL_TIMEx_BreakCallback
                0x08007e8e        0x2 build/stm32f4xx_hal_tim_ex.o
                0x08007e8e                HAL_TIMEx_BreakCallback
 .text.UART_EndTxTransfer
                0x08007e90       0x20 build/stm32f4xx_hal_uart.o
 .text.UART_EndRxTransfer
                0x08007eb0       0x5c build/stm32f4xx_hal_uart.o
 .text.UART_Transmit_IT
                0x08007f0c       0x5e build/stm32f4xx_hal_uart.o
 *fill*         0x08007f6a        0x2 
 .text.UART_SetConfig
                0x08007f6c      0x110 build/stm32f4xx_hal_uart.o
 .text.HAL_UART_Init
                0x0800807c       0x60 build/stm32f4xx_hal_uart.o
                0x0800807c                HAL_UART_Init
 .text.HAL_UART_Transmit_DMA
                0x080080dc       0x80 build/stm32f4xx_hal_uart.o
                0x080080dc                HAL_UART_Transmit_DMA
 .text.HAL_UART_DMAStop
                0x0800815c       0x80 build/stm32f4xx_hal_uart.o
                0x0800815c                HAL_UART_DMAStop
 .text.HAL_UART_TxCpltCallback
                0x080081dc        0x2 build/stm32f4xx_hal_uart.o
                0x080081dc                HAL_UART_TxCpltCallback
 .text.UART_DMATransmitCplt
                0x080081de       0x4c build/stm32f4xx_hal_uart.o
 .text.UART_EndTransmit_IT
                0x0800822a       0x1a build/stm32f4xx_hal_uart.o
 .text.HAL_UART_TxHalfCpltCallback
                0x08008244        0x2 build/stm32f4xx_hal_uart.o
                0x08008244                HAL_UART_TxHalfCpltCallback
 .text.UART_DMATxHalfCplt
                0x08008246        0xa build/stm32f4xx_hal_uart.o
 .text.HAL_UART_RxHalfCpltCallback
                0x08008250        0x2 build/stm32f4xx_hal_uart.o
                0x08008250                HAL_UART_RxHalfCpltCallback
 .text.HAL_UART_ErrorCallback
                0x08008252        0x2 build/stm32f4xx_hal_uart.o
                0x08008252                HAL_UART_ErrorCallback
 .text.UART_DMAError
                0x08008254       0x54 build/stm32f4xx_hal_uart.o
 .text.UART_DMAAbortOnError
                0x080082a8       0x10 build/stm32f4xx_hal_uart.o
 .text.HAL_UARTEx_RxEventCallback
                0x080082b8        0x2 build/stm32f4xx_hal_uart.o
                0x080082b8                HAL_UARTEx_RxEventCallback
 .text.UART_Receive_IT
                0x080082ba       0xe2 build/stm32f4xx_hal_uart.o
 .text.HAL_UART_IRQHandler
                0x0800839c      0x284 build/stm32f4xx_hal_uart.o
                0x0800839c                HAL_UART_IRQHandler
 .text.UART_DMARxHalfCplt
                0x08008620       0x1e build/stm32f4xx_hal_uart.o
 .text.UART_DMAReceiveCplt
                0x0800863e       0x9a build/stm32f4xx_hal_uart.o
 .text.UART_Start_Receive_DMA
                0x080086d8       0xa4 build/stm32f4xx_hal_uart.o
                0x080086d8                UART_Start_Receive_DMA
 .text.HAL_UART_Receive_DMA
                0x0800877c       0x30 build/stm32f4xx_hal_uart.o
                0x0800877c                HAL_UART_Receive_DMA
 .text.Reset_Handler
                0x080087ac       0x50 build/startup_stm32f407xx.o
                0x080087ac                Reset_Handler
 .text.Default_Handler
                0x080087fc        0x2 build/startup_stm32f407xx.o
                0x080087fc                DMA1_Stream3_IRQHandler
                0x080087fc                HASH_RNG_IRQHandler
                0x080087fc                EXTI2_IRQHandler
                0x080087fc                TIM8_CC_IRQHandler
                0x080087fc                TIM1_CC_IRQHandler
                0x080087fc                DMA2_Stream5_IRQHandler
                0x080087fc                DMA1_Stream5_IRQHandler
                0x080087fc                PVD_IRQHandler
                0x080087fc                SDIO_IRQHandler
                0x080087fc                TAMP_STAMP_IRQHandler
                0x080087fc                CAN2_RX1_IRQHandler
                0x080087fc                TIM8_TRG_COM_TIM14_IRQHandler
                0x080087fc                I2C3_ER_IRQHandler
                0x080087fc                I2C2_EV_IRQHandler
                0x080087fc                DMA1_Stream2_IRQHandler
                0x080087fc                FPU_IRQHandler
                0x080087fc                OTG_HS_WKUP_IRQHandler
                0x080087fc                CAN2_SCE_IRQHandler
                0x080087fc                SPI1_IRQHandler
                0x080087fc                TIM6_DAC_IRQHandler
                0x080087fc                TIM1_BRK_TIM9_IRQHandler
                0x080087fc                DCMI_IRQHandler
                0x080087fc                CAN2_RX0_IRQHandler
                0x080087fc                DMA2_Stream3_IRQHandler
                0x080087fc                USART3_IRQHandler
                0x080087fc                CAN1_RX1_IRQHandler
                0x080087fc                UART5_IRQHandler
                0x080087fc                DMA2_Stream0_IRQHandler
                0x080087fc                I2C1_EV_IRQHandler
                0x080087fc                DMA1_Stream6_IRQHandler
                0x080087fc                DMA1_Stream1_IRQHandler
                0x080087fc                UART4_IRQHandler
                0x080087fc                TIM3_IRQHandler
                0x080087fc                RCC_IRQHandler
                0x080087fc                TIM8_BRK_TIM12_IRQHandler
                0x080087fc                Default_Handler
                0x080087fc                EXTI15_10_IRQHandler
                0x080087fc                ADC_IRQHandler
                0x080087fc                DMA1_Stream7_IRQHandler
                0x080087fc                TIM7_IRQHandler
                0x080087fc                CAN2_TX_IRQHandler
                0x080087fc                TIM5_IRQHandler
                0x080087fc                I2C3_EV_IRQHandler
                0x080087fc                EXTI9_5_IRQHandler
                0x080087fc                RTC_WKUP_IRQHandler
                0x080087fc                ETH_WKUP_IRQHandler
                0x080087fc                SPI2_IRQHandler
                0x080087fc                OTG_HS_EP1_IN_IRQHandler
                0x080087fc                DMA1_Stream0_IRQHandler
                0x080087fc                CAN1_TX_IRQHandler
                0x080087fc                EXTI4_IRQHandler
                0x080087fc                FSMC_IRQHandler
                0x080087fc                ETH_IRQHandler
                0x080087fc                OTG_HS_EP1_OUT_IRQHandler
                0x080087fc                WWDG_IRQHandler
                0x080087fc                TIM2_IRQHandler
                0x080087fc                OTG_FS_WKUP_IRQHandler
                0x080087fc                TIM1_TRG_COM_TIM11_IRQHandler
                0x080087fc                OTG_HS_IRQHandler
                0x080087fc                EXTI1_IRQHandler
                0x080087fc                USART2_IRQHandler
                0x080087fc                I2C2_ER_IRQHandler
                0x080087fc                DMA2_Stream1_IRQHandler
                0x080087fc                CAN1_SCE_IRQHandler
                0x080087fc                FLASH_IRQHandler
                0x080087fc                DMA2_Stream4_IRQHandler
                0x080087fc                OTG_FS_IRQHandler
                0x080087fc                SPI3_IRQHandler
                0x080087fc                DMA1_Stream4_IRQHandler
                0x080087fc                I2C1_ER_IRQHandler
                0x080087fc                RTC_Alarm_IRQHandler
 .text.__cvt    0x080087fe       0xca /opt/ST/STM32CubeCLT_1.21.0/GNU-tools-for-STM32/bin/../lib/gcc/arm-none-eabi/14.3.1/../../../../arm-none-eabi/lib/thumb/v7e-m+fp/hard/libc_nano.a(libc_a-nano-vfprintf_float.o)
                0x080087fe                __cvt
 .text.__exponent
                0x080088c8       0x74 /opt/ST/STM32CubeCLT_1.21.0/GNU-tools-for-STM32/bin/../lib/gcc/arm-none-eabi/14.3.1/../../../../arm-none-eabi/lib/thumb/v7e-m+fp/hard/libc_nano.a(libc_a-nano-vfprintf_float.o)
                0x080088c8                __exponent
 .text._printf_float
                0x0800893c      0x450 /opt/ST/STM32CubeCLT_1.21.0/GNU-tools-for-STM32/bin/../lib/gcc/arm-none-eabi/14.3.1/../../../../arm-none-eabi/lib/thumb/v7e-m+fp/hard/libc_nano.a(libc_a-nano-vfprintf_float.o)
                0x0800893c                _printf_float
 .text._printf_common
                0x08008d8c       0xda /opt/ST/STM32CubeCLT_1.21.0/GNU-tools-for-STM32/bin/../lib/gcc/arm-none-eabi/14.3.1/../../../../arm-none-eabi/lib/thumb/v7e-m+fp/hard/libc_nano.a(libc_a-nano-vfprintf_i.o)
                0x08008d8c                _printf_common
 *fill*         0x08008e66        0x2 
 .text._printf_i
                0x08008e68      0x24c /opt/ST/STM32CubeCLT_1.21.0/GNU-tools-for-STM32/bin/../lib/gcc/arm-none-eabi/14.3.1/../../../../arm-none-eabi/lib/thumb/v7e-m+fp/hard/libc_nano.a(libc_a-nano-vfprintf_i.o)
                0x08008e68                _printf_i
 .text._scanf_float
                0x080090b4      0x418 /opt/ST/STM32CubeCLT_1.21.0/GNU-tools-for-STM32/bin/../lib/gcc/arm-none-eabi/14.3.1/../../../../arm-none-eabi/lib/thumb/v7e-m+fp/hard/libc_nano.a(libc_a-nano-vfscanf_float.o)
                0x080090b4                _scanf_float
 .text.snprintf
                0x080094cc       0x6c /opt/ST/STM32CubeCLT_1.21.0/GNU-tools-for-STM32/bin/../lib/gcc/arm-none-eabi/14.3.1/../../../../arm-none-eabi/lib/thumb/v7e-m+fp/hard/libc_nano.a(libc_a-snprintf.o)
                0x080094cc                snprintf
                0x080094cc                sniprintf
 .text.sprintf  0x08009538       0x44 /opt/ST/STM32CubeCLT_1.21.0/GNU-tools-for-STM32/bin/../lib/gcc/arm-none-eabi/14.3.1/../../../../arm-none-eabi/lib/thumb/v7e-m+fp/hard/libc_nano.a(libc_a-sprintf.o)
                0x08009538                sprintf
                0x08009538                siprintf
 .text.sscanf   0x0800957c       0x58 /opt/ST/STM32CubeCLT_1.21.0/GNU-tools-for-STM32/bin/../lib/gcc/arm-none-eabi/14.3.1/../../../../arm-none-eabi/lib/thumb/v7e-m+fp/hard/libc_nano.a(libc_a-sscanf.o)
                0x0800957c                sscanf
                0x0800957c                siscanf
 .text.__sread  0x080095d4       0x22 /opt/ST/STM32CubeCLT_1.21.0/GNU-tools-for-STM32/bin/../lib/gcc/arm-none-eabi/14.3.1/../../../../arm-none-eabi/lib/thumb/v7e-m+fp/hard/libc_nano.a(libc_a-stdio.o)
                0x080095d4                __sread
 .text.__seofread
                0x080095f6        0x4 /opt/ST/STM32CubeCLT_1.21.0/GNU-tools-for-STM32/bin/../lib/gcc/arm-none-eabi/14.3.1/../../../../arm-none-eabi/lib/thumb/v7e-m+fp/hard/libc_nano.a(libc_a-stdio.o)
                0x080095f6                __seofread
 .text.__swrite
                0x080095fa       0x38 /opt/ST/STM32CubeCLT_1.21.0/GNU-tools-for-STM32/bin/../lib/gcc/arm-none-eabi/14.3.1/../../../../arm-none-eabi/lib/thumb/v7e-m+fp/hard/libc_nano.a(libc_a-stdio.o)
                0x080095fa                __swrite
 .text.__sseek  0x08009632       0x26 /opt/ST/STM32CubeCLT_1.21.0/GNU-tools-for-STM32/bin/../lib/gcc/arm-none-eabi/14.3.1/../../../../arm-none-eabi/lib/thumb/v7e-m+fp/hard/libc_nano.a(libc_a-stdio.o)
                0x08009632                __sseek
 .text.__sclose
                0x08009658        0x8 /opt/ST/STM32CubeCLT_1.21.0/GNU-tools-for-STM32/bin/../lib/gcc/arm-none-eabi/14.3.1/../../../../arm-none-eabi/lib/thumb/v7e-m+fp/hard/libc_nano.a(libc_a-stdio.o)
                0x08009658                __sclose
 .text.std      0x08009660       0x6c /opt/ST/STM32CubeCLT_1.21.0/GNU-tools-for-STM32/bin/../lib/gcc/arm-none-eabi/14.3.1/../../../../arm-none-eabi/lib/thumb/v7e-m+fp/hard/libc_nano.a(libc_a-findfp.o)
 .text.stdio_exit_handler
                0x080096cc       0x18 /opt/ST/STM32CubeCLT_1.21.0/GNU-tools-for-STM32/bin/../lib/gcc/arm-none-eabi/14.3.1/../../../../arm-none-eabi/lib/thumb/v7e-m+fp/hard/libc_nano.a(libc_a-findfp.o)
 .text.cleanup_stdio
                0x080096e4       0x40 /opt/ST/STM32CubeCLT_1.21.0/GNU-tools-for-STM32/bin/../lib/gcc/arm-none-eabi/14.3.1/../../../../arm-none-eabi/lib/thumb/v7e-m+fp/hard/libc_nano.a(libc_a-findfp.o)
 .text.global_stdio_init.part.0
                0x08009724       0x40 /opt/ST/STM32CubeCLT_1.21.0/GNU-tools-for-STM32/bin/../lib/gcc/arm-none-eabi/14.3.1/../../../../arm-none-eabi/lib/thumb/v7e-m+fp/hard/libc_nano.a(libc_a-findfp.o)
 .text.__sfp_lock_acquire
                0x08009764        0xc /opt/ST/STM32CubeCLT_1.21.0/GNU-tools-for-STM32/bin/../lib/gcc/arm-none-eabi/14.3.1/../../../../arm-none-eabi/lib/thumb/v7e-m+fp/hard/libc_nano.a(libc_a-findfp.o)
                0x08009764                __sfp_lock_acquire
 .text.__sfp_lock_release
                0x08009770        0xc /opt/ST/STM32CubeCLT_1.21.0/GNU-tools-for-STM32/bin/../lib/gcc/arm-none-eabi/14.3.1/../../../../arm-none-eabi/lib/thumb/v7e-m+fp/hard/libc_nano.a(libc_a-findfp.o)
                0x08009770                __sfp_lock_release
 .text.__sinit  0x0800977c       0x30 /opt/ST/STM32CubeCLT_1.21.0/GNU-tools-for-STM32/bin/../lib/gcc/arm-none-eabi/14.3.1/../../../../arm-none-eabi/lib/thumb/v7e-m+fp/hard/libc_nano.a(libc_a-findfp.o)
                0x0800977c                __sinit
 .text._vsnprintf_r
                0x080097ac       0x5c /opt/ST/STM32CubeCLT_1.21.0/GNU-tools-for-STM32/bin/../lib/gcc/arm-none-eabi/14.3.1/../../../../arm-none-eabi/lib/thumb/v7e-m+fp/hard/libc_nano.a(libc_a-vsnprintf.o)
                0x080097ac                _vsnprintf_r
                0x080097ac                _vsniprintf_r
 .text.vsnprintf
                0x08009808       0x1c /opt/ST/STM32CubeCLT_1.21.0/GNU-tools-for-STM32/bin/../lib/gcc/arm-none-eabi/14.3.1/../../../../arm-none-eabi/lib/thumb/v7e-m+fp/hard/libc_nano.a(libc_a-vsnprintf.o)
                0x08009808                vsnprintf
                0x08009808                vsniprintf
 .text.sulp     0x08009824       0x3c /opt/ST/STM32CubeCLT_1.21.0/GNU-tools-for-STM32/bin/../lib/gcc/arm-none-eabi/14.3.1/../../../../arm-none-eabi/lib/thumb/v7e-m+fp/hard/libc_nano.a(libc_a-strtod.o)
 .text._strtod_l
                0x08009860      0xbb8 /opt/ST/STM32CubeCLT_1.21.0/GNU-tools-for-STM32/bin/../lib/gcc/arm-none-eabi/14.3.1/../../../../arm-none-eabi/lib/thumb/v7e-m+fp/hard/libc_nano.a(libc_a-strtod.o)
                0x08009860                _strtod_l
 .text._strtod_r
                0x0800a418        0xc /opt/ST/STM32CubeCLT_1.21.0/GNU-tools-for-STM32/bin/../lib/gcc/arm-none-eabi/14.3.1/../../../../arm-none-eabi/lib/thumb/v7e-m+fp/hard/libc_nano.a(libc_a-strtod.o)
                0x0800a418                _strtod_r
 .text._strtol_l.isra.0
                0x0800a424       0xf4 /opt/ST/STM32CubeCLT_1.21.0/GNU-tools-for-STM32/bin/../lib/gcc/arm-none-eabi/14.3.1/../../../../arm-none-eabi/lib/thumb/v7e-m+fp/hard/libc_nano.a(libc_a-strtol.o)
 .text._strtol_r
                0x0800a518        0x4 /opt/ST/STM32CubeCLT_1.21.0/GNU-tools-for-STM32/bin/../lib/gcc/arm-none-eabi/14.3.1/../../../../arm-none-eabi/lib/thumb/v7e-m+fp/hard/libc_nano.a(libc_a-strtol.o)
                0x0800a518                _strtol_r
 .text._fwalk_sglue
                0x0800a51c       0x3c /opt/ST/STM32CubeCLT_1.21.0/GNU-tools-for-STM32/bin/../lib/gcc/arm-none-eabi/14.3.1/../../../../arm-none-eabi/lib/thumb/v7e-m+fp/hard/libc_nano.a(libc_a-fwalk.o)
                0x0800a51c                _fwalk_sglue
 .text.memset   0x0800a558       0x10 /opt/ST/STM32CubeCLT_1.21.0/GNU-tools-for-STM32/bin/../lib/gcc/arm-none-eabi/14.3.1/../../../../arm-none-eabi/lib/thumb/v7e-m+fp/hard/libc_nano.a(libc_a-memset.o)
                0x0800a558                memset
 .text.strncmp  0x0800a568       0x24 /opt/ST/STM32CubeCLT_1.21.0/GNU-tools-for-STM32/bin/../lib/gcc/arm-none-eabi/14.3.1/../../../../arm-none-eabi/lib/thumb/v7e-m+fp/hard/libc_nano.a(libc_a-strncmp.o)
                0x0800a568                strncmp
 .text._lseek_r
                0x0800a58c       0x24 /opt/ST/STM32CubeCLT_1.21.0/GNU-tools-for-STM32/bin/../lib/gcc/arm-none-eabi/14.3.1/../../../../arm-none-eabi/lib/thumb/v7e-m+fp/hard/libc_nano.a(libc_a-lseekr.o)
                0x0800a58c                _lseek_r
 .text._read_r  0x0800a5b0       0x24 /opt/ST/STM32CubeCLT_1.21.0/GNU-tools-for-STM32/bin/../lib/gcc/arm-none-eabi/14.3.1/../../../../arm-none-eabi/lib/thumb/v7e-m+fp/hard/libc_nano.a(libc_a-readr.o)
                0x0800a5b0                _read_r
 .text._write_r
                0x0800a5d4       0x24 /opt/ST/STM32CubeCLT_1.21.0/GNU-tools-for-STM32/bin/../lib/gcc/arm-none-eabi/14.3.1/../../../../arm-none-eabi/lib/thumb/v7e-m+fp/hard/libc_nano.a(libc_a-writer.o)
                0x0800a5d4                _write_r
 .text.__errno  0x0800a5f8        0xc /opt/ST/STM32CubeCLT_1.21.0/GNU-tools-for-STM32/bin/../lib/gcc/arm-none-eabi/14.3.1/../../../../arm-none-eabi/lib/thumb/v7e-m+fp/hard/libc_nano.a(libc_a-errno.o)
                0x0800a5f8                __errno
 .text.__libc_init_array
                0x0800a604       0x48 /opt/ST/STM32CubeCLT_1.21.0/GNU-tools-for-STM32/bin/../lib/gcc/arm-none-eabi/14.3.1/../../../../arm-none-eabi/lib/thumb/v7e-m+fp/hard/libc_nano.a(libc_a-init.o)
                0x0800a604                __libc_init_array
 .text.__retarget_lock_init_recursive
                0x0800a64c        0x2 /opt/ST/STM32CubeCLT_1.21.0/GNU-tools-for-STM32/bin/../lib/gcc/arm-none-eabi/14.3.1/../../../../arm-none-eabi/lib/thumb/v7e-m+fp/hard/libc_nano.a(libc_a-lock.o)
                0x0800a64c                __retarget_lock_init_recursive
 .text.__retarget_lock_acquire_recursive
                0x0800a64e        0x2 /opt/ST/STM32CubeCLT_1.21.0/GNU-tools-for-STM32/bin/../lib/gcc/arm-none-eabi/14.3.1/../../../../arm-none-eabi/lib/thumb/v7e-m+fp/hard/libc_nano.a(libc_a-lock.o)
                0x0800a64e                __retarget_lock_acquire_recursive
 .text.__retarget_lock_release_recursive
                0x0800a650        0x2 /opt/ST/STM32CubeCLT_1.21.0/GNU-tools-for-STM32/bin/../lib/gcc/arm-none-eabi/14.3.1/../../../../arm-none-eabi/lib/thumb/v7e-m+fp/hard/libc_nano.a(libc_a-lock.o)
                0x0800a650                __retarget_lock_release_recursive
 *fill*         0x0800a652        0x2 
 .text._localeconv_r
                0x0800a654        0x8 /opt/ST/STM32CubeCLT_1.21.0/GNU-tools-for-STM32/bin/../lib/gcc/arm-none-eabi/14.3.1/../../../../arm-none-eabi/lib/thumb/v7e-m+fp/hard/libc_nano.a(libc_a-localeconv.o)
                0x0800a654                _localeconv_r
 .text._close_r
                0x0800a65c       0x20 /opt/ST/STM32CubeCLT_1.21.0/GNU-tools-for-STM32/bin/../lib/gcc/arm-none-eabi/14.3.1/../../../../arm-none-eabi/lib/thumb/v7e-m+fp/hard/libc_nano.a(libc_a-closer.o)
                0x0800a65c                _close_r
 .text.memcpy   0x0800a67c       0x1c /opt/ST/STM32CubeCLT_1.21.0/GNU-tools-for-STM32/bin/../lib/gcc/arm-none-eabi/14.3.1/../../../../arm-none-eabi/lib/thumb/v7e-m+fp/hard/libc_nano.a(libc_a-memcpy-stub.o)
                0x0800a67c                memcpy
 .text.nan      0x0800a698       0x10 /opt/ST/STM32CubeCLT_1.21.0/GNU-tools-for-STM32/bin/../lib/gcc/arm-none-eabi/14.3.1/../../../../arm-none-eabi/lib/thumb/v7e-m+fp/hard/libc_nano.a(libm_a-s_nan.o)
                0x0800a698                nan
 .text.nanf     0x0800a6a8        0xc /opt/ST/STM32CubeCLT_1.21.0/GNU-tools-for-STM32/bin/../lib/gcc/arm-none-eabi/14.3.1/../../../../arm-none-eabi/lib/thumb/v7e-m+fp/hard/libc_nano.a(libm_a-sf_nan.o)
                0x0800a6a8                nanf
 .text.quorem   0x0800a6b4      0x110 /opt/ST/STM32CubeCLT_1.21.0/GNU-tools-for-STM32/bin/../lib/gcc/arm-none-eabi/14.3.1/../../../../arm-none-eabi/lib/thumb/v7e-m+fp/hard/libc_nano.a(libc_a-dtoa.o)
 *fill*         0x0800a7c4        0x4 
 .text._dtoa_r  0x0800a7c8      0xbb8 /opt/ST/STM32CubeCLT_1.21.0/GNU-tools-for-STM32/bin/../lib/gcc/arm-none-eabi/14.3.1/../../../../arm-none-eabi/lib/thumb/v7e-m+fp/hard/libc_nano.a(libc_a-dtoa.o)
                0x0800a7c8                _dtoa_r
 .text._free_r  0x0800b380       0x94 /opt/ST/STM32CubeCLT_1.21.0/GNU-tools-for-STM32/bin/../lib/gcc/arm-none-eabi/14.3.1/../../../../arm-none-eabi/lib/thumb/v7e-m+fp/hard/libc_nano.a(libc_a-freer.o)
                0x0800b380                _free_r
 .text.rshift   0x0800b414       0xa4 /opt/ST/STM32CubeCLT_1.21.0/GNU-tools-for-STM32/bin/../lib/gcc/arm-none-eabi/14.3.1/../../../../arm-none-eabi/lib/thumb/v7e-m+fp/hard/libc_nano.a(libc_a-gdtoa-gethex.o)
 .text.__hexdig_fun
                0x0800b4b8       0x2a /opt/ST/STM32CubeCLT_1.21.0/GNU-tools-for-STM32/bin/../lib/gcc/arm-none-eabi/14.3.1/../../../../arm-none-eabi/lib/thumb/v7e-m+fp/hard/libc_nano.a(libc_a-gdtoa-gethex.o)
                0x0800b4b8                __hexdig_fun
 *fill*         0x0800b4e2        0x2 
 .text.__gethex
                0x0800b4e4      0x420 /opt/ST/STM32CubeCLT_1.21.0/GNU-tools-for-STM32/bin/../lib/gcc/arm-none-eabi/14.3.1/../../../../arm-none-eabi/lib/thumb/v7e-m+fp/hard/libc_nano.a(libc_a-gdtoa-gethex.o)
                0x0800b4e4                __gethex
 .text.L_shift  0x0800b904       0x24 /opt/ST/STM32CubeCLT_1.21.0/GNU-tools-for-STM32/bin/../lib/gcc/arm-none-eabi/14.3.1/../../../../arm-none-eabi/lib/thumb/v7e-m+fp/hard/libc_nano.a(libc_a-gdtoa-hexnan.o)
 .text.__match  0x0800b928       0x28 /opt/ST/STM32CubeCLT_1.21.0/GNU-tools-for-STM32/bin/../lib/gcc/arm-none-eabi/14.3.1/../../../../arm-none-eabi/lib/thumb/v7e-m+fp/hard/libc_nano.a(libc_a-gdtoa-hexnan.o)
                0x0800b928                __match
 .text.__hexnan
                0x0800b950      0x13a /opt/ST/STM32CubeCLT_1.21.0/GNU-tools-for-STM32/bin/../lib/gcc/arm-none-eabi/14.3.1/../../../../arm-none-eabi/lib/thumb/v7e-m+fp/hard/libc_nano.a(libc_a-gdtoa-hexnan.o)
                0x0800b950                __hexnan
 .text.__ssputs_r
                0x0800ba8a       0xc0 /opt/ST/STM32CubeCLT_1.21.0/GNU-tools-for-STM32/bin/../lib/gcc/arm-none-eabi/14.3.1/../../../../arm-none-eabi/lib/thumb/v7e-m+fp/hard/libc_nano.a(libc_a-nano-svfprintf.o)
                0x0800ba8a                __ssputs_r
 *fill*         0x0800bb4a        0x2 
 .text._svfprintf_r
                0x0800bb4c      0x1f0 /opt/ST/STM32CubeCLT_1.21.0/GNU-tools-for-STM32/bin/../lib/gcc/arm-none-eabi/14.3.1/../../../../arm-none-eabi/lib/thumb/v7e-m+fp/hard/libc_nano.a(libc_a-nano-svfprintf.o)
                0x0800bb4c                _svfprintf_r
                0x0800bb4c                _svfiprintf_r
 .text._sungetc_r
                0x0800bd3c       0x7a /opt/ST/STM32CubeCLT_1.21.0/GNU-tools-for-STM32/bin/../lib/gcc/arm-none-eabi/14.3.1/../../../../arm-none-eabi/lib/thumb/v7e-m+fp/hard/libc_nano.a(libc_a-nano-svfscanf.o)
                0x0800bd3c                _sungetc_r
 .text.__ssrefill_r
                0x0800bdb6       0x3a /opt/ST/STM32CubeCLT_1.21.0/GNU-tools-for-STM32/bin/../lib/gcc/arm-none-eabi/14.3.1/../../../../arm-none-eabi/lib/thumb/v7e-m+fp/hard/libc_nano.a(libc_a-nano-svfscanf.o)
                0x0800bdb6                __ssrefill_r
 .text.__ssvfscanf_r
                0x0800bdf0      0x2fc /opt/ST/STM32CubeCLT_1.21.0/GNU-tools-for-STM32/bin/../lib/gcc/arm-none-eabi/14.3.1/../../../../arm-none-eabi/lib/thumb/v7e-m+fp/hard/libc_nano.a(libc_a-nano-svfscanf.o)
                0x0800bdf0                __ssvfscanf_r
                0x0800bdf0                __ssvfiscanf_r
 .text.__sfputc_r
                0x0800c0ec       0x2e /opt/ST/STM32CubeCLT_1.21.0/GNU-tools-for-STM32/bin/../lib/gcc/arm-none-eabi/14.3.1/../../../../arm-none-eabi/lib/thumb/v7e-m+fp/hard/libc_nano.a(libc_a-nano-vfprintf.o)
 .text.__sfputs_r
                0x0800c11a       0x24 /opt/ST/STM32CubeCLT_1.21.0/GNU-tools-for-STM32/bin/../lib/gcc/arm-none-eabi/14.3.1/../../../../arm-none-eabi/lib/thumb/v7e-m+fp/hard/libc_nano.a(libc_a-nano-vfprintf.o)
                0x0800c11a                __sfputs_r
 *fill*         0x0800c13e        0x2 
 .text._vfprintf_r
                0x0800c140      0x228 /opt/ST/STM32CubeCLT_1.21.0/GNU-tools-for-STM32/bin/../lib/gcc/arm-none-eabi/14.3.1/../../../../arm-none-eabi/lib/thumb/v7e-m+fp/hard/libc_nano.a(libc_a-nano-vfprintf.o)
                0x0800c140                _vfiprintf_r
                0x0800c140                _vfprintf_r
 .text.malloc   0x0800c368       0x10 /opt/ST/STM32CubeCLT_1.21.0/GNU-tools-for-STM32/bin/../lib/gcc/arm-none-eabi/14.3.1/../../../../arm-none-eabi/lib/thumb/v7e-m+fp/hard/libc_nano.a(libc_a-malloc.o)
                0x0800c368                malloc
 .text.sbrk_aligned
                0x0800c378       0x44 /opt/ST/STM32CubeCLT_1.21.0/GNU-tools-for-STM32/bin/../lib/gcc/arm-none-eabi/14.3.1/../../../../arm-none-eabi/lib/thumb/v7e-m+fp/hard/libc_nano.a(libc_a-mallocr.o)
 .text._malloc_r
                0x0800c3bc      0x100 /opt/ST/STM32CubeCLT_1.21.0/GNU-tools-for-STM32/bin/../lib/gcc/arm-none-eabi/14.3.1/../../../../arm-none-eabi/lib/thumb/v7e-m+fp/hard/libc_nano.a(libc_a-mallocr.o)
                0x0800c3bc                _malloc_r
 .text.__ascii_mbtowc
                0x0800c4bc       0x24 /opt/ST/STM32CubeCLT_1.21.0/GNU-tools-for-STM32/bin/../lib/gcc/arm-none-eabi/14.3.1/../../../../arm-none-eabi/lib/thumb/v7e-m+fp/hard/libc_nano.a(libc_a-mbtowc_r.o)
                0x0800c4bc                __ascii_mbtowc
 .text._scanf_chars
                0x0800c4e0       0xb4 /opt/ST/STM32CubeCLT_1.21.0/GNU-tools-for-STM32/bin/../lib/gcc/arm-none-eabi/14.3.1/../../../../arm-none-eabi/lib/thumb/v7e-m+fp/hard/libc_nano.a(libc_a-nano-vfscanf_i.o)
                0x0800c4e0                _scanf_chars
 .text._scanf_i
                0x0800c594      0x1e4 /opt/ST/STM32CubeCLT_1.21.0/GNU-tools-for-STM32/bin/../lib/gcc/arm-none-eabi/14.3.1/../../../../arm-none-eabi/lib/thumb/v7e-m+fp/hard/libc_nano.a(libc_a-nano-vfscanf_i.o)
                0x0800c594                _scanf_i
 .text.__sccl   0x0800c778       0x72 /opt/ST/STM32CubeCLT_1.21.0/GNU-tools-for-STM32/bin/../lib/gcc/arm-none-eabi/14.3.1/../../../../arm-none-eabi/lib/thumb/v7e-m+fp/hard/libc_nano.a(libc_a-sccl.o)
                0x0800c778                __sccl
 *fill*         0x0800c7ea        0x2 
 .text.__sflush_r
                0x0800c7ec      0x104 /opt/ST/STM32CubeCLT_1.21.0/GNU-tools-for-STM32/bin/../lib/gcc/arm-none-eabi/14.3.1/../../../../arm-none-eabi/lib/thumb/v7e-m+fp/hard/libc_nano.a(libc_a-fflush.o)
                0x0800c7ec                __sflush_r
 .text._fflush_r
                0x0800c8f0       0x50 /opt/ST/STM32CubeCLT_1.21.0/GNU-tools-for-STM32/bin/../lib/gcc/arm-none-eabi/14.3.1/../../../../arm-none-eabi/lib/thumb/v7e-m+fp/hard/libc_nano.a(libc_a-fflush.o)
                0x0800c8f0                _fflush_r
 .text.__malloc_lock
                0x0800c940        0xc /opt/ST/STM32CubeCLT_1.21.0/GNU-tools-for-STM32/bin/../lib/gcc/arm-none-eabi/14.3.1/../../../../arm-none-eabi/lib/thumb/v7e-m+fp/hard/libc_nano.a(libc_a-mlock.o)
                0x0800c940                __malloc_lock
 .text.__malloc_unlock
                0x0800c94c        0xc /opt/ST/STM32CubeCLT_1.21.0/GNU-tools-for-STM32/bin/../lib/gcc/arm-none-eabi/14.3.1/../../../../arm-none-eabi/lib/thumb/v7e-m+fp/hard/libc_nano.a(libc_a-mlock.o)
                0x0800c94c                __malloc_unlock
 .text._Balloc  0x0800c958       0x7c /opt/ST/STM32CubeCLT_1.21.0/GNU-tools-for-STM32/bin/../lib/gcc/arm-none-eabi/14.3.1/../../../../arm-none-eabi/lib/thumb/v7e-m+fp/hard/libc_nano.a(libc_a-mprec.o)
                0x0800c958                _Balloc
 .text._Bfree   0x0800c9d4       0x44 /opt/ST/STM32CubeCLT_1.21.0/GNU-tools-for-STM32/bin/../lib/gcc/arm-none-eabi/14.3.1/../../../../arm-none-eabi/lib/thumb/v7e-m+fp/hard/libc_nano.a(libc_a-mprec.o)
                0x0800c9d4                _Bfree
 .text.__multadd
                0x0800ca18       0x8c /opt/ST/STM32CubeCLT_1.21.0/GNU-tools-for-STM32/bin/../lib/gcc/arm-none-eabi/14.3.1/../../../../arm-none-eabi/lib/thumb/v7e-m+fp/hard/libc_nano.a(libc_a-mprec.o)
                0x0800ca18                __multadd
 .text.__s2b    0x0800caa4       0x94 /opt/ST/STM32CubeCLT_1.21.0/GNU-tools-for-STM32/bin/../lib/gcc/arm-none-eabi/14.3.1/../../../../arm-none-eabi/lib/thumb/v7e-m+fp/hard/libc_nano.a(libc_a-mprec.o)
                0x0800caa4                __s2b
 .text.__hi0bits
                0x0800cb38       0x3e /opt/ST/STM32CubeCLT_1.21.0/GNU-tools-for-STM32/bin/../lib/gcc/arm-none-eabi/14.3.1/../../../../arm-none-eabi/lib/thumb/v7e-m+fp/hard/libc_nano.a(libc_a-mprec.o)
                0x0800cb38                __hi0bits
 .text.__lo0bits
                0x0800cb76       0x5a /opt/ST/STM32CubeCLT_1.21.0/GNU-tools-for-STM32/bin/../lib/gcc/arm-none-eabi/14.3.1/../../../../arm-none-eabi/lib/thumb/v7e-m+fp/hard/libc_nano.a(libc_a-mprec.o)
                0x0800cb76                __lo0bits
 .text.__i2b    0x0800cbd0       0x2c /opt/ST/STM32CubeCLT_1.21.0/GNU-tools-for-STM32/bin/../lib/gcc/arm-none-eabi/14.3.1/../../../../arm-none-eabi/lib/thumb/v7e-m+fp/hard/libc_nano.a(libc_a-mprec.o)
                0x0800cbd0                __i2b
 .text.__multiply
                0x0800cbfc      0x154 /opt/ST/STM32CubeCLT_1.21.0/GNU-tools-for-STM32/bin/../lib/gcc/arm-none-eabi/14.3.1/../../../../arm-none-eabi/lib/thumb/v7e-m+fp/hard/libc_nano.a(libc_a-mprec.o)
                0x0800cbfc                __multiply
 .text.__pow5mult
                0x0800cd50       0xb8 /opt/ST/STM32CubeCLT_1.21.0/GNU-tools-for-STM32/bin/../lib/gcc/arm-none-eabi/14.3.1/../../../../arm-none-eabi/lib/thumb/v7e-m+fp/hard/libc_nano.a(libc_a-mprec.o)
                0x0800cd50                __pow5mult
 .text.__lshift
                0x0800ce08       0xdc /opt/ST/STM32CubeCLT_1.21.0/GNU-tools-for-STM32/bin/../lib/gcc/arm-none-eabi/14.3.1/../../../../arm-none-eabi/lib/thumb/v7e-m+fp/hard/libc_nano.a(libc_a-mprec.o)
                0x0800ce08                __lshift
 .text.__mcmp   0x0800cee4       0x36 /opt/ST/STM32CubeCLT_1.21.0/GNU-tools-for-STM32/bin/../lib/gcc/arm-none-eabi/14.3.1/../../../../arm-none-eabi/lib/thumb/v7e-m+fp/hard/libc_nano.a(libc_a-mprec.o)
                0x0800cee4                __mcmp
 *fill*         0x0800cf1a        0x2 
 .text.__mdiff  0x0800cf1c      0x130 /opt/ST/STM32CubeCLT_1.21.0/GNU-tools-for-STM32/bin/../lib/gcc/arm-none-eabi/14.3.1/../../../../arm-none-eabi/lib/thumb/v7e-m+fp/hard/libc_nano.a(libc_a-mprec.o)
                0x0800cf1c                __mdiff
 .text.__ulp    0x0800d04c       0x4c /opt/ST/STM32CubeCLT_1.21.0/GNU-tools-for-STM32/bin/../lib/gcc/arm-none-eabi/14.3.1/../../../../arm-none-eabi/lib/thumb/v7e-m+fp/hard/libc_nano.a(libc_a-mprec.o)
                0x0800d04c                __ulp
 .text.__b2d    0x0800d098       0x94 /opt/ST/STM32CubeCLT_1.21.0/GNU-tools-for-STM32/bin/../lib/gcc/arm-none-eabi/14.3.1/../../../../arm-none-eabi/lib/thumb/v7e-m+fp/hard/libc_nano.a(libc_a-mprec.o)
                0x0800d098                __b2d
 .text.__d2b    0x0800d12c       0xb0 /opt/ST/STM32CubeCLT_1.21.0/GNU-tools-for-STM32/bin/../lib/gcc/arm-none-eabi/14.3.1/../../../../arm-none-eabi/lib/thumb/v7e-m+fp/hard/libc_nano.a(libc_a-mprec.o)
                0x0800d12c                __d2b
 .text.__ratio  0x0800d1dc       0x64 /opt/ST/STM32CubeCLT_1.21.0/GNU-tools-for-STM32/bin/../lib/gcc/arm-none-eabi/14.3.1/../../../../arm-none-eabi/lib/thumb/v7e-m+fp/hard/libc_nano.a(libc_a-mprec.o)
                0x0800d1dc                __ratio
 .text.__copybits
                0x0800d240       0x46 /opt/ST/STM32CubeCLT_1.21.0/GNU-tools-for-STM32/bin/../lib/gcc/arm-none-eabi/14.3.1/../../../../arm-none-eabi/lib/thumb/v7e-m+fp/hard/libc_nano.a(libc_a-mprec.o)
                0x0800d240                __copybits
 .text.__any_on
                0x0800d286       0x42 /opt/ST/STM32CubeCLT_1.21.0/GNU-tools-for-STM32/bin/../lib/gcc/arm-none-eabi/14.3.1/../../../../arm-none-eabi/lib/thumb/v7e-m+fp/hard/libc_nano.a(libc_a-mprec.o)
                0x0800d286                __any_on
 .text.__submore
                0x0800d2c8       0x74 /opt/ST/STM32CubeCLT_1.21.0/GNU-tools-for-STM32/bin/../lib/gcc/arm-none-eabi/14.3.1/../../../../arm-none-eabi/lib/thumb/v7e-m+fp/hard/libc_nano.a(libc_a-ungetc.o)
                0x0800d2c8                __submore
 .text._realloc_r
                0x0800d33c       0x5c /opt/ST/STM32CubeCLT_1.21.0/GNU-tools-for-STM32/bin/../lib/gcc/arm-none-eabi/14.3.1/../../../../arm-none-eabi/lib/thumb/v7e-m+fp/hard/libc_nano.a(libc_a-reallocr.o)
                0x0800d33c                _realloc_r
 .text.__swbuf_r
                0x0800d398       0x7c /opt/ST/STM32CubeCLT_1.21.0/GNU-tools-for-STM32/bin/../lib/gcc/arm-none-eabi/14.3.1/../../../../arm-none-eabi/lib/thumb/v7e-m+fp/hard/libc_nano.a(libc_a-wbuf.o)
                0x0800d398                __swbuf_r
 .text._strtoul_l.isra.0
                0x0800d414       0xdc /opt/ST/STM32CubeCLT_1.21.0/GNU-tools-for-STM32/bin/../lib/gcc/arm-none-eabi/14.3.1/../../../../arm-none-eabi/lib/thumb/v7e-m+fp/hard/libc_nano.a(libc_a-strtoul.o)
 .text._strtoul_r
                0x0800d4f0        0x4 /opt/ST/STM32CubeCLT_1.21.0/GNU-tools-for-STM32/bin/../lib/gcc/arm-none-eabi/14.3.1/../../../../arm-none-eabi/lib/thumb/v7e-m+fp/hard/libc_nano.a(libc_a-strtoul.o)
                0x0800d4f0                _strtoul_r
 .text.__swsetup_r
                0x0800d4f4       0xa8 /opt/ST/STM32CubeCLT_1.21.0/GNU-tools-for-STM32/bin/../lib/gcc/arm-none-eabi/14.3.1/../../../../arm-none-eabi/lib/thumb/v7e-m+fp/hard/libc_nano.a(libc_a-wsetup.o)
                0x0800d4f4                __swsetup_r
 .text.__ascii_wctomb
                0x0800d59c       0x1a /opt/ST/STM32CubeCLT_1.21.0/GNU-tools-for-STM32/bin/../lib/gcc/arm-none-eabi/14.3.1/../../../../arm-none-eabi/lib/thumb/v7e-m+fp/hard/libc_nano.a(libc_a-wctomb_r.o)
                0x0800d59c                __ascii_wctomb
 .text.__swhatbuf_r
                0x0800d5b6       0x48 /opt/ST/STM32CubeCLT_1.21.0/GNU-tools-for-STM32/bin/../lib/gcc/arm-none-eabi/14.3.1/../../../../arm-none-eabi/lib/thumb/v7e-m+fp/hard/libc_nano.a(libc_a-makebuf.o)
                0x0800d5b6                __swhatbuf_r
 .text.__smakebuf_r
                0x0800d5fe       0x72 /opt/ST/STM32CubeCLT_1.21.0/GNU-tools-for-STM32/bin/../lib/gcc/arm-none-eabi/14.3.1/../../../../arm-none-eabi/lib/thumb/v7e-m+fp/hard/libc_nano.a(libc_a-makebuf.o)
                0x0800d5fe                __smakebuf_r
 .text.memmove  0x0800d670       0x32 /opt/ST/STM32CubeCLT_1.21.0/GNU-tools-for-STM32/bin/../lib/gcc/arm-none-eabi/14.3.1/../../../../arm-none-eabi/lib/thumb/v7e-m+fp/hard/libc_nano.a(libc_a-memmove.o)
                0x0800d670                memmove
 *fill*         0x0800d6a2        0x2 
 .text._isatty_r
                0x0800d6a4       0x20 /opt/ST/STM32CubeCLT_1.21.0/GNU-tools-for-STM32/bin/../lib/gcc/arm-none-eabi/14.3.1/../../../../arm-none-eabi/lib/thumb/v7e-m+fp/hard/libc_nano.a(libc_a-isattyr.o)
                0x0800d6a4                _isatty_r
 .text._sbrk_r  0x0800d6c4       0x20 /opt/ST/STM32CubeCLT_1.21.0/GNU-tools-for-STM32/bin/../lib/gcc/arm-none-eabi/14.3.1/../../../../arm-none-eabi/lib/thumb/v7e-m+fp/hard/libc_nano.a(libc_a-sbrkr.o)
                0x0800d6c4                _sbrk_r
 .text._fstat_r
                0x0800d6e4       0x24 /opt/ST/STM32CubeCLT_1.21.0/GNU-tools-for-STM32/bin/../lib/gcc/arm-none-eabi/14.3.1/../../../../arm-none-eabi/lib/thumb/v7e-m+fp/hard/libc_nano.a(libc_a-fstatr.o)
                0x0800d6e4                _fstat_r
 .text.__assert_func
                0x0800d708       0x3c /opt/ST/STM32CubeCLT_1.21.0/GNU-tools-for-STM32/bin/../lib/gcc/arm-none-eabi/14.3.1/../../../../arm-none-eabi/lib/thumb/v7e-m+fp/hard/libc_nano.a(libc_a-assert.o)
                0x0800d708                __assert_func
 .text._calloc_r
                0x0800d744       0x28 /opt/ST/STM32CubeCLT_1.21.0/GNU-tools-for-STM32/bin/../lib/gcc/arm-none-eabi/14.3.1/../../../../arm-none-eabi/lib/thumb/v7e-m+fp/hard/libc_nano.a(libc_a-callocr.o)
                0x0800d744                _calloc_r
 .text._malloc_usable_size_r
                0x0800d76c       0x10 /opt/ST/STM32CubeCLT_1.21.0/GNU-tools-for-STM32/bin/../lib/gcc/arm-none-eabi/14.3.1/../../../../arm-none-eabi/lib/thumb/v7e-m+fp/hard/libc_nano.a(libc_a-msizer.o)
                0x0800d76c                _malloc_usable_size_r
 .text.fprintf  0x0800d77c       0x24 /opt/ST/STM32CubeCLT_1.21.0/GNU-tools-for-STM32/bin/../lib/gcc/arm-none-eabi/14.3.1/../../../../arm-none-eabi/lib/thumb/v7e-m+fp/hard/libc_nano.a(libc_a-fprintf.o)
                0x0800d77c                fprintf
                0x0800d77c                fiprintf
 .text.abort    0x0800d7a0        0xe /opt/ST/STM32CubeCLT_1.21.0/GNU-tools-for-STM32/bin/../lib/gcc/arm-none-eabi/14.3.1/../../../../arm-none-eabi/lib/thumb/v7e-m+fp/hard/libc_nano.a(libc_a-abort.o)
                0x0800d7a0                abort
 .text._raise_r
                0x0800d7ae       0x50 /opt/ST/STM32CubeCLT_1.21.0/GNU-tools-for-STM32/bin/../lib/gcc/arm-none-eabi/14.3.1/../../../../arm-none-eabi/lib/thumb/v7e-m+fp/hard/libc_nano.a(libc_a-signal.o)
                0x0800d7ae                _raise_r
 *fill*         0x0800d7fe        0x2 
 .text.raise    0x0800d800       0x10 /opt/ST/STM32CubeCLT_1.21.0/GNU-tools-for-STM32/bin/../lib/gcc/arm-none-eabi/14.3.1/../../../../arm-none-eabi/lib/thumb/v7e-m+fp/hard/libc_nano.a(libc_a-signal.o)
                0x0800d800                raise
 .text._kill_r  0x0800d810       0x24 /opt/ST/STM32CubeCLT_1.21.0/GNU-tools-for-STM32/bin/../lib/gcc/arm-none-eabi/14.3.1/../../../../arm-none-eabi/lib/thumb/v7e-m+fp/hard/libc_nano.a(libc_a-signalr.o)
                0x0800d810                _kill_r
 .text._getpid_r
                0x0800d834        0x4 /opt/ST/STM32CubeCLT_1.21.0/GNU-tools-for-STM32/bin/../lib/gcc/arm-none-eabi/14.3.1/../../../../arm-none-eabi/lib/thumb/v7e-m+fp/hard/libc_nano.a(libc_a-signalr.o)
                0x0800d834                _getpid_r
 .text.asinf    0x0800d838       0x58 /opt/ST/STM32CubeCLT_1.21.0/GNU-tools-for-STM32/bin/../lib/gcc/arm-none-eabi/14.3.1/../../../../arm-none-eabi/lib/thumb/v7e-m+fp/hard/libm.a(libm_a-wf_asin.o)
                0x0800d838                asinf
 .text.atan2f   0x0800d890        0x4 /opt/ST/STM32CubeCLT_1.21.0/GNU-tools-for-STM32/bin/../lib/gcc/arm-none-eabi/14.3.1/../../../../arm-none-eabi/lib/thumb/v7e-m+fp/hard/libm.a(libm_a-wf_atan2.o)
                0x0800d890                atan2f
 .text.powf     0x0800d894       0xbc /opt/ST/STM32CubeCLT_1.21.0/GNU-tools-for-STM32/bin/../lib/gcc/arm-none-eabi/14.3.1/../../../../arm-none-eabi/lib/thumb/v7e-m+fp/hard/libm.a(libm_a-wf_pow.o)
                0x0800d894                powf
 .text.finitef  0x0800d950       0x14 /opt/ST/STM32CubeCLT_1.21.0/GNU-tools-for-STM32/bin/../lib/gcc/arm-none-eabi/14.3.1/../../../../arm-none-eabi/lib/thumb/v7e-m+fp/hard/libm.a(libm_a-sf_finite.o)
                0x0800d950                finitef
 .text.fabsf    0x0800d964       0x10 /opt/ST/STM32CubeCLT_1.21.0/GNU-tools-for-STM32/bin/../lib/gcc/arm-none-eabi/14.3.1/../../../../arm-none-eabi/lib/thumb/v7e-m+fp/hard/libm.a(libm_a-sf_fabs.o)
                0x0800d964                fabsf
 *fill*         0x0800d974        0x4 
 .text.cos      0x0800d978       0x88 /opt/ST/STM32CubeCLT_1.21.0/GNU-tools-for-STM32/bin/../lib/gcc/arm-none-eabi/14.3.1/../../../../arm-none-eabi/lib/thumb/v7e-m+fp/hard/libm.a(libm_a-s_cos.o)
                0x0800d978                cos
 .text.sinf     0x0800da00       0x74 /opt/ST/STM32CubeCLT_1.21.0/GNU-tools-for-STM32/bin/../lib/gcc/arm-none-eabi/14.3.1/../../../../arm-none-eabi/lib/thumb/v7e-m+fp/hard/libm.a(libm_a-sf_sin.o)
                0x0800da00                sinf
 *fill*         0x0800da74        0x4 
 .text.sin      0x0800da78       0x88 /opt/ST/STM32CubeCLT_1.21.0/GNU-tools-for-STM32/bin/../lib/gcc/arm-none-eabi/14.3.1/../../../../arm-none-eabi/lib/thumb/v7e-m+fp/hard/libm.a(libm_a-s_sin.o)
                0x0800da78                sin
 .text.__kernel_cosf
                0x0800db00      0x104 /opt/ST/STM32CubeCLT_1.21.0/GNU-tools-for-STM32/bin/../lib/gcc/arm-none-eabi/14.3.1/../../../../arm-none-eabi/lib/thumb/v7e-m+fp/hard/libm.a(libm_a-kf_cos.o)
                0x0800db00                __kernel_cosf
 .text.__kernel_sinf
                0x0800dc04       0x90 /opt/ST/STM32CubeCLT_1.21.0/GNU-tools-for-STM32/bin/../lib/gcc/arm-none-eabi/14.3.1/../../../../arm-none-eabi/lib/thumb/v7e-m+fp/hard/libm.a(libm_a-kf_sin.o)
                0x0800dc04                __kernel_sinf
 .text.__ieee754_asinf
                0x0800dc94      0x1f4 /opt/ST/STM32CubeCLT_1.21.0/GNU-tools-for-STM32/bin/../lib/gcc/arm-none-eabi/14.3.1/../../../../arm-none-eabi/lib/thumb/v7e-m+fp/hard/libm.a(libm_a-ef_asin.o)
                0x0800dc94                __ieee754_asinf
 .text.__ieee754_atan2f
                0x0800de88      0x14c /opt/ST/STM32CubeCLT_1.21.0/GNU-tools-for-STM32/bin/../lib/gcc/arm-none-eabi/14.3.1/../../../../arm-none-eabi/lib/thumb/v7e-m+fp/hard/libm.a(libm_a-ef_atan2.o)
                0x0800de88                __ieee754_atan2f
 .text.__ieee754_sqrtf
                0x0800dfd4        0x8 /opt/ST/STM32CubeCLT_1.21.0/GNU-tools-for-STM32/bin/../lib/gcc/arm-none-eabi/14.3.1/../../../../arm-none-eabi/lib/thumb/v7e-m+fp/hard/libm.a(libm_a-ef_sqrt.o)
                0x0800dfd4                __ieee754_sqrtf
 .text.__ieee754_powf
                0x0800dfdc      0x6b8 /opt/ST/STM32CubeCLT_1.21.0/GNU-tools-for-STM32/bin/../lib/gcc/arm-none-eabi/14.3.1/../../../../arm-none-eabi/lib/thumb/v7e-m+fp/hard/libm.a(libm_a-ef_pow.o)
                0x0800dfdc                __ieee754_powf
 *fill*         0x0800e694        0x4 
 .text.__ieee754_rem_pio2
                0x0800e698      0x424 /opt/ST/STM32CubeCLT_1.21.0/GNU-tools-for-STM32/bin/../lib/gcc/arm-none-eabi/14.3.1/../../../../arm-none-eabi/lib/thumb/v7e-m+fp/hard/libm.a(libm_a-e_rem_pio2.o)
                0x0800e698                __ieee754_rem_pio2
 .text.__ieee754_rem_pio2f
                0x0800eabc      0x26c /opt/ST/STM32CubeCLT_1.21.0/GNU-tools-for-STM32/bin/../lib/gcc/arm-none-eabi/14.3.1/../../../../arm-none-eabi/lib/thumb/v7e-m+fp/hard/libm.a(libm_a-ef_rem_pio2.o)
                0x0800eabc                __ieee754_rem_pio2f
 .text.__kernel_rem_pio2
                0x0800ed28      0x888 /opt/ST/STM32CubeCLT_1.21.0/GNU-tools-for-STM32/bin/../lib/gcc/arm-none-eabi/14.3.1/../../../../arm-none-eabi/lib/thumb/v7e-m+fp/hard/libm.a(libm_a-k_rem_pio2.o)
                0x0800ed28                __kernel_rem_pio2
 .text.__kernel_cos
                0x0800f5b0      0x26c /opt/ST/STM32CubeCLT_1.21.0/GNU-tools-for-STM32/bin/../lib/gcc/arm-none-eabi/14.3.1/../../../../arm-none-eabi/lib/thumb/v7e-m+fp/hard/libm.a(libm_a-k_cos.o)
                0x0800f5b0                __kernel_cos
 *fill*         0x0800f81c        0x4 
 .text.__kernel_sin
                0x0800f820      0x184 /opt/ST/STM32CubeCLT_1.21.0/GNU-tools-for-STM32/bin/../lib/gcc/arm-none-eabi/14.3.1/../../../../arm-none-eabi/lib/thumb/v7e-m+fp/hard/libm.a(libm_a-k_sin.o)
                0x0800f820                __kernel_sin
 .text.with_errnof
                0x0800f9a4       0x1c /opt/ST/STM32CubeCLT_1.21.0/GNU-tools-for-STM32/bin/../lib/gcc/arm-none-eabi/14.3.1/../../../../arm-none-eabi/lib/thumb/v7e-m+fp/hard/libm.a(libm_a-math_errf.o)
 .text.xflowf   0x0800f9c0       0x20 /opt/ST/STM32CubeCLT_1.21.0/GNU-tools-for-STM32/bin/../lib/gcc/arm-none-eabi/14.3.1/../../../../arm-none-eabi/lib/thumb/v7e-m+fp/hard/libm.a(libm_a-math_errf.o)
 .text.__math_uflowf
                0x0800f9e0        0xc /opt/ST/STM32CubeCLT_1.21.0/GNU-tools-for-STM32/bin/../lib/gcc/arm-none-eabi/14.3.1/../../../../arm-none-eabi/lib/thumb/v7e-m+fp/hard/libm.a(libm_a-math_errf.o)
                0x0800f9e0                __math_uflowf
 .text.__math_oflowf
                0x0800f9ec        0xc /opt/ST/STM32CubeCLT_1.21.0/GNU-tools-for-STM32/bin/../lib/gcc/arm-none-eabi/14.3.1/../../../../arm-none-eabi/lib/thumb/v7e-m+fp/hard/libm.a(libm_a-math_errf.o)
                0x0800f9ec                __math_oflowf
 .text.scalbnf  0x0800f9f8       0xdc /opt/ST/STM32CubeCLT_1.21.0/GNU-tools-for-STM32/bin/../lib/gcc/arm-none-eabi/14.3.1/../../../../arm-none-eabi/lib/thumb/v7e-m+fp/hard/libm.a(libm_a-sf_scalbn.o)
                0x0800f9f8                scalbnf
 .text.atanf    0x0800fad4      0x1a4 /opt/ST/STM32CubeCLT_1.21.0/GNU-tools-for-STM32/bin/../lib/gcc/arm-none-eabi/14.3.1/../../../../arm-none-eabi/lib/thumb/v7e-m+fp/hard/libm.a(libm_a-sf_atan.o)
                0x0800fad4                atanf
 .text.fabs     0x0800fc78       0x10 /opt/ST/STM32CubeCLT_1.21.0/GNU-tools-for-STM32/bin/../lib/gcc/arm-none-eabi/14.3.1/../../../../arm-none-eabi/lib/thumb/v7e-m+fp/hard/libm.a(libm_a-s_fabs.o)
                0x0800fc78                fabs
 .text.__kernel_rem_pio2f
                0x0800fc88      0x68c /opt/ST/STM32CubeCLT_1.21.0/GNU-tools-for-STM32/bin/../lib/gcc/arm-none-eabi/14.3.1/../../../../arm-none-eabi/lib/thumb/v7e-m+fp/hard/libm.a(libm_a-kf_rem_pio2.o)
                0x0800fc88                __kernel_rem_pio2f
 *fill*         0x08010314        0x4 
 .text.scalbn   0x08010318      0x114 /opt/ST/STM32CubeCLT_1.21.0/GNU-tools-for-STM32/bin/../lib/gcc/arm-none-eabi/14.3.1/../../../../arm-none-eabi/lib/thumb/v7e-m+fp/hard/libm.a(libm_a-s_scalbn.o)
                0x08010318                scalbn
 *fill*         0x0801042c        0x4 
 .text.floor    0x08010430      0x108 /opt/ST/STM32CubeCLT_1.21.0/GNU-tools-for-STM32/bin/../lib/gcc/arm-none-eabi/14.3.1/../../../../arm-none-eabi/lib/thumb/v7e-m+fp/hard/libm.a(libm_a-s_floor.o)
                0x08010430                floor
 .text.floorf   0x08010538       0x94 /opt/ST/STM32CubeCLT_1.21.0/GNU-tools-for-STM32/bin/../lib/gcc/arm-none-eabi/14.3.1/../../../../arm-none-eabi/lib/thumb/v7e-m+fp/hard/libm.a(libm_a-sf_floor.o)
                0x08010538                floorf
 *(.glue_7)
 .glue_7        0x080105cc        0x0 linker stubs
 *(.glue_7t)
 .glue_7t       0x080105cc        0x0 linker stubs
 *(.eh_frame)
 .eh_frame      0x080105cc        0x0 /opt/ST/STM32CubeCLT_1.21.0/GNU-tools-for-STM32/bin/../lib/gcc/arm-none-eabi/14.3.1/thumb/v7e-m+fp/hard/crtbegin.o
 *(.init)
 .init          0x080105cc        0x4 /opt/ST/STM32CubeCLT_1.21.0/GNU-tools-for-STM32/bin/../lib/gcc/arm-none-eabi/14.3.1/thumb/v7e-m+fp/hard/crti.o
                0x080105cc                _init
 .init          0x080105d0        0x8 /opt/ST/STM32CubeCLT_1.21.0/GNU-tools-for-STM32/bin/../lib/gcc/arm-none-eabi/14.3.1/thumb/v7e-m+fp/hard/crtn.o
 *(.fini)
 .fini          0x080105d8        0x4 /opt/ST/STM32CubeCLT_1.21.0/GNU-tools-for-STM32/bin/../lib/gcc/arm-none-eabi/14.3.1/thumb/v7e-m+fp/hard/crti.o
                0x080105d8                _fini
 .fini          0x080105dc        0x8 /opt/ST/STM32CubeCLT_1.21.0/GNU-tools-for-STM32/bin/../lib/gcc/arm-none-eabi/14.3.1/thumb/v7e-m+fp/hard/crtn.o
                0x080105e4                        . = ALIGN (0x4)
                0x080105e4                        _etext = .

.vfp11_veneer   0x080105e4        0x0
 .vfp11_veneer  0x080105e4        0x0 linker stubs

.v4_bx          0x080105e4        0x0
 .v4_bx         0x080105e4        0x0 linker stubs

.iplt           0x080105e4        0x0
 .iplt          0x080105e4        0x0 /opt/ST/STM32CubeCLT_1.21.0/GNU-tools-for-STM32/bin/../lib/gcc/arm-none-eabi/14.3.1/thumb/v7e-m+fp/hard/crtbegin.o

.rodata         0x080105e8      0xbc8
                0x080105e8                        . = ALIGN (0x4)
 *(.rodata)
 .rodata        0x080105e8       0x18 build/FusionAhrs.o
 .rodata        0x08010600        0xc /opt/ST/STM32CubeCLT_1.21.0/GNU-tools-for-STM32/bin/../lib/gcc/arm-none-eabi/14.3.1/../../../../arm-none-eabi/lib/thumb/v7e-m+fp/hard/libc_nano.a(libc_a-nano-vfscanf_i.o)
 *(.rodata*)
 .rodata.write_BMI088_gyro_reg_data_error
                0x0801060c       0x12 build/BMI088driver.o
 *fill*         0x0801061e        0x2 
 .rodata.write_BMI088_accel_reg_data_error
                0x08010620       0x12 build/BMI088driver.o
 *fill*         0x08010632        0x2 
 .rodata.hardIronOffset
                0x08010634        0xc build/IMU.o
                0x08010634                hardIronOffset
 .rodata.softIronMatrix
                0x08010640       0x24 build/IMU.o
                0x08010640                softIronMatrix
 .rodata.accelerometerOffset
                0x08010664        0xc build/IMU.o
                0x08010664                accelerometerOffset
 .rodata.accelerometerSensitivity
                0x08010670        0xc build/IMU.o
                0x08010670                accelerometerSensitivity
 .rodata.accelerometerMisalignment
                0x0801067c       0x24 build/IMU.o
                0x0801067c                accelerometerMisalignment
 .rodata.gyroscopeOffset
                0x080106a0        0xc build/IMU.o
                0x080106a0                gyroscopeOffset
 .rodata.gyroscopeSensitivity
                0x080106ac        0xc build/IMU.o
                0x080106ac                gyroscopeSensitivity
 .rodata.gyroscopeMisalignment
                0x080106b8       0x24 build/IMU.o
                0x080106b8                gyroscopeMisalignment
 .rodata.ist8310_write_reg_data_error
                0x080106dc        0xc build/ist8310driver.o
 .rodata.Serial_Output.str1.4
                0x080106e8       0x86 build/main.o
                                 0x31 (size before relaxing)
 .rodata.Serial_Input.str1.4
                0x0801076e       0x25 build/main.o
 .rodata.main.str1.4
                0x0801076e        0xf build/main.o
 *fill*         0x0801076e        0x2 
 .rodata.APBPrescTable
                0x08010770        0x8 build/system_stm32f4xx.o
                0x08010770                APBPrescTable
 .rodata.AHBPrescTable
                0x08010778       0x10 build/system_stm32f4xx.o
                0x08010778                AHBPrescTable
 .rodata.TaskRun.str1.4
                0x08010788       0x1a build/Task.o
 .rodata.flagBitshiftOffset.0
                0x08010788        0x8 build/stm32f4xx_hal_dma.o
 .rodata._printf_float.str1.1
                0x08010790      0x1ef /opt/ST/STM32CubeCLT_1.21.0/GNU-tools-for-STM32/bin/../lib/gcc/arm-none-eabi/14.3.1/../../../../arm-none-eabi/lib/thumb/v7e-m+fp/hard/libc_nano.a(libc_a-nano-vfprintf_float.o)
                                 0x12 (size before relaxing)
 .rodata._printf_i.str1.1
                0x0801097f       0x22 /opt/ST/STM32CubeCLT_1.21.0/GNU-tools-for-STM32/bin/../lib/gcc/arm-none-eabi/14.3.1/../../../../arm-none-eabi/lib/thumb/v7e-m+fp/hard/libc_nano.a(libc_a-nano-vfprintf_i.o)
 .rodata._scanf_float.str1.1
                0x0801097f        0x6 /opt/ST/STM32CubeCLT_1.21.0/GNU-tools-for-STM32/bin/../lib/gcc/arm-none-eabi/14.3.1/../../../../arm-none-eabi/lib/thumb/v7e-m+fp/hard/libc_nano.a(libc_a-nano-vfscanf_float.o)
 .rodata._strtod_l.str1.1
                0x0801097f        0xf /opt/ST/STM32CubeCLT_1.21.0/GNU-tools-for-STM32/bin/../lib/gcc/arm-none-eabi/14.3.1/../../../../arm-none-eabi/lib/thumb/v7e-m+fp/hard/libc_nano.a(libc_a-strtod.o)
 *fill*         0x0801097f        0x1 
 .rodata.fpinan.0
                0x08010980       0x14 /opt/ST/STM32CubeCLT_1.21.0/GNU-tools-for-STM32/bin/../lib/gcc/arm-none-eabi/14.3.1/../../../../arm-none-eabi/lib/thumb/v7e-m+fp/hard/libc_nano.a(libc_a-strtod.o)
 .rodata.fpi.1  0x08010994       0x14 /opt/ST/STM32CubeCLT_1.21.0/GNU-tools-for-STM32/bin/../lib/gcc/arm-none-eabi/14.3.1/../../../../arm-none-eabi/lib/thumb/v7e-m+fp/hard/libc_nano.a(libc_a-strtod.o)
 .rodata.tinytens
                0x080109a8       0x28 /opt/ST/STM32CubeCLT_1.21.0/GNU-tools-for-STM32/bin/../lib/gcc/arm-none-eabi/14.3.1/../../../../arm-none-eabi/lib/thumb/v7e-m+fp/hard/libc_nano.a(libc_a-strtod.o)
 .rodata._setlocale_r.str1.1
                0x080109d0        0x9 /opt/ST/STM32CubeCLT_1.21.0/GNU-tools-for-STM32/bin/../lib/gcc/arm-none-eabi/14.3.1/../../../../arm-none-eabi/lib/thumb/v7e-m+fp/hard/libc_nano.a(libc_a-locale.o)
 .rodata.str1.1
                0x080109d0        0x2 /opt/ST/STM32CubeCLT_1.21.0/GNU-tools-for-STM32/bin/../lib/gcc/arm-none-eabi/14.3.1/../../../../arm-none-eabi/lib/thumb/v7e-m+fp/hard/libc_nano.a(libc_a-locale.o)
 .rodata._ctype_
                0x080109d0      0x101 /opt/ST/STM32CubeCLT_1.21.0/GNU-tools-for-STM32/bin/../lib/gcc/arm-none-eabi/14.3.1/../../../../arm-none-eabi/lib/thumb/v7e-m+fp/hard/libc_nano.a(libc_a-ctype_.o)
                0x080109d0                _ctype_
 .rodata._dtoa_r.str1.1
                0x08010ad1       0x8f /opt/ST/STM32CubeCLT_1.21.0/GNU-tools-for-STM32/bin/../lib/gcc/arm-none-eabi/14.3.1/../../../../arm-none-eabi/lib/thumb/v7e-m+fp/hard/libc_nano.a(libc_a-dtoa.o)
 .rodata.__gethex.str1.1
                0x08010ad1       0x73 /opt/ST/STM32CubeCLT_1.21.0/GNU-tools-for-STM32/bin/../lib/gcc/arm-none-eabi/14.3.1/../../../../arm-none-eabi/lib/thumb/v7e-m+fp/hard/libc_nano.a(libc_a-gdtoa-gethex.o)