Archive member included to satisfy reference by file (symbol)

/Applications/ArmGNUToolchain/13.3.rel1/arm-none-eabi/bin/../lib/gcc/arm-none-eabi/13.3.1/../../../../arm-none-eabi/lib/thumb/v7e-m+fp/hard/libc_nano.a(libc_a-atof.o)
                              build/gps.o (atof)
/Applications/ArmGNUToolchain/13.3.rel1/arm-none-eabi/bin/../lib/gcc/arm-none-eabi/13.3.1/../../../../arm-none-eabi/lib/thumb/v7e-m+fp/hard/libc_nano.a(libc_a-exit.o)
                              /Applications/ArmGNUToolchain/13.3.rel1/arm-none-eabi/bin/../lib/gcc/arm-none-eabi/13.3.1/../../../../arm-none-eabi/lib/thumb/v7e-m+fp/hard/crt0.o (exit)
/Applications/ArmGNUToolchain/13.3.rel1/arm-none-eabi/bin/../lib/gcc/arm-none-eabi/13.3.1/../../../../arm-none-eabi/lib/thumb/v7e-m+fp/hard/libc_nano.a(libc_a-nano-vfprintf_float.o)
                              (_printf_float)
/Applications/ArmGNUToolchain/13.3.rel1/arm-none-eabi/bin/../lib/gcc/arm-none-eabi/13.3.1/../../../../arm-none-eabi/lib/thumb/v7e-m+fp/hard/libc_nano.a(libc_a-nano-vfprintf_i.o)
                              /Applications/ArmGNUToolchain/13.3.rel1/arm-none-eabi/bin/../lib/gcc/arm-none-eabi/13.3.1/../../../../arm-none-eabi/lib/thumb/v7e-m+fp/hard/libc_nano.a(libc_a-nano-vfprintf_float.o) (_printf_common)
/Applications/ArmGNUToolchain/13.3.rel1/arm-none-eabi/bin/../lib/gcc/arm-none-eabi/13.3.1/../../../../arm-none-eabi/lib/thumb/v7e-m+fp/hard/libc_nano.a(libc_a-nano-vfscanf_float.o)
                              (_scanf_float)
/Applications/ArmGNUToolchain/13.3.rel1/arm-none-eabi/bin/../lib/gcc/arm-none-eabi/13.3.1/../../../../arm-none-eabi/lib/thumb/v7e-m+fp/hard/libc_nano.a(libc_a-snprintf.o)
                              build/main.o (snprintf)
/Applications/ArmGNUToolchain/13.3.rel1/arm-none-eabi/bin/../lib/gcc/arm-none-eabi/13.3.1/../../../../arm-none-eabi/lib/thumb/v7e-m+fp/hard/libc_nano.a(libc_a-sprintf.o)
                              /Applications/ArmGNUToolchain/13.3.rel1/arm-none-eabi/bin/../lib/gcc/arm-none-eabi/13.3.1/../../../../arm-none-eabi/lib/thumb/v7e-m+fp/hard/libc_nano.a(libc_a-nano-vfscanf_float.o) (sprintf)
/Applications/ArmGNUToolchain/13.3.rel1/arm-none-eabi/bin/../lib/gcc/arm-none-eabi/13.3.1/../../../../arm-none-eabi/lib/thumb/v7e-m+fp/hard/libc_nano.a(libc_a-sscanf.o)
                              build/main.o (sscanf)
/Applications/ArmGNUToolchain/13.3.rel1/arm-none-eabi/bin/../lib/gcc/arm-none-eabi/13.3.1/../../../../arm-none-eabi/lib/thumb/v7e-m+fp/hard/libc_nano.a(libc_a-stdio.o)
                              /Applications/ArmGNUToolchain/13.3.rel1/arm-none-eabi/bin/../lib/gcc/arm-none-eabi/13.3.1/../../../../arm-none-eabi/lib/thumb/v7e-m+fp/hard/libc_nano.a(libc_a-sscanf.o) (__seofread)
/Applications/ArmGNUToolchain/13.3.rel1/arm-none-eabi/bin/../lib/gcc/arm-none-eabi/13.3.1/../../../../arm-none-eabi/lib/thumb/v7e-m+fp/hard/libc_nano.a(libc_a-findfp.o)
                              /Applications/ArmGNUToolchain/13.3.rel1/arm-none-eabi/bin/../lib/gcc/arm-none-eabi/13.3.1/../../../../arm-none-eabi/lib/thumb/v7e-m+fp/hard/libc_nano.a(libc_a-exit.o) (__stdio_exit_handler)
/Applications/ArmGNUToolchain/13.3.rel1/arm-none-eabi/bin/../lib/gcc/arm-none-eabi/13.3.1/../../../../arm-none-eabi/lib/thumb/v7e-m+fp/hard/libc_nano.a(libc_a-vsprintf.o)
                              build/user_usart.o (vsprintf)
/Applications/ArmGNUToolchain/13.3.rel1/arm-none-eabi/bin/../lib/gcc/arm-none-eabi/13.3.1/../../../../arm-none-eabi/lib/thumb/v7e-m+fp/hard/libc_nano.a(libc_a-strtod.o)
                              /Applications/ArmGNUToolchain/13.3.rel1/arm-none-eabi/bin/../lib/gcc/arm-none-eabi/13.3.1/../../../../arm-none-eabi/lib/thumb/v7e-m+fp/hard/libc_nano.a(libc_a-nano-vfscanf_float.o) (_strtod_r)
/Applications/ArmGNUToolchain/13.3.rel1/arm-none-eabi/bin/../lib/gcc/arm-none-eabi/13.3.1/../../../../arm-none-eabi/lib/thumb/v7e-m+fp/hard/libc_nano.a(libc_a-strtol.o)
                              /Applications/ArmGNUToolchain/13.3.rel1/arm-none-eabi/bin/../lib/gcc/arm-none-eabi/13.3.1/../../../../arm-none-eabi/lib/thumb/v7e-m+fp/hard/libc_nano.a(libc_a-nano-vfscanf_float.o) (_strtol_r)
/Applications/ArmGNUToolchain/13.3.rel1/arm-none-eabi/bin/../lib/gcc/arm-none-eabi/13.3.1/../../../../arm-none-eabi/lib/thumb/v7e-m+fp/hard/libc_nano.a(libc_a-fwalk.o)
                              /Applications/ArmGNUToolchain/13.3.rel1/arm-none-eabi/bin/../lib/gcc/arm-none-eabi/13.3.1/../../../../arm-none-eabi/lib/thumb/v7e-m+fp/hard/libc_nano.a(libc_a-findfp.o) (_fwalk_sglue)
/Applications/ArmGNUToolchain/13.3.rel1/arm-none-eabi/bin/../lib/gcc/arm-none-eabi/13.3.1/../../../../arm-none-eabi/lib/thumb/v7e-m+fp/hard/libc_nano.a(libc_a-printf.o)
                              build/gps.o (printf)
/Applications/ArmGNUToolchain/13.3.rel1/arm-none-eabi/bin/../lib/gcc/arm-none-eabi/13.3.1/../../../../arm-none-eabi/lib/thumb/v7e-m+fp/hard/libc_nano.a(libc_a-puts.o)
                              build/gps.o (puts)
[...]
Memory Configuration

Name             Origin             Length             Attributes
RAM              0x20000000         0x00020000         xrw
CCMRAM           0x10000000         0x00010000         xrw
FLASH            0x08000000         0x00100000         xr
*default*        0x00000000         0xffffffff

Linker script and memory map

LOAD /Applications/ArmGNUToolchain/13.3.rel1/arm-none-eabi/bin/../lib/gcc/arm-none-eabi/13.3.1/thumb/v7e-m+fp/hard/crti.o
LOAD /Applications/ArmGNUToolchain/13.3.rel1/arm-none-eabi/bin/../lib/gcc/arm-none-eabi/13.3.1/thumb/v7e-m+fp/hard/crtbegin.o
LOAD /Applications/ArmGNUToolchain/13.3.rel1/arm-none-eabi/bin/../lib/gcc/arm-none-eabi/13.3.1/../../../../arm-none-eabi/lib/thumb/v7e-m+fp/hard/crt0.o
LOAD build/BMI088driver.o
LOAD build/BMI088Middleware.o
LOAD build/bsp_can.o
LOAD build/CAN_receive.o
LOAD build/can.o
LOAD build/dma.o
LOAD build/FusionAhrs.o
LOAD build/FusionCompass.o
LOAD build/FusionOffset.o
LOAD build/gpio.o
LOAD build/gps.o
LOAD build/i2c.o
LOAD build/IMU.o
LOAD build/IST.o
LOAD build/ist8310driver_middleware.o
LOAD build/ist8310driver.o
LOAD build/Joystick.o
LOAD build/led.o
LOAD build/main.o
LOAD build/Motor_Speed_pid.o
LOAD build/pid.o
LOAD build/ps2.o
LOAD build/spi.o
LOAD build/stm32f4xx_hal_msp.o
LOAD build/stm32f4xx_it.o
LOAD build/sweep.o
LOAD build/syscalls.o
LOAD build/sysmem.o
LOAD build/system_stm32f4xx.o
LOAD build/Task.o
LOAD build/tim.o
LOAD build/usart.o
LOAD build/user_delay.o
LOAD build/User_init.o
LOAD build/user_usart.o
LOAD build/stm32f4xx_hal_can.o
LOAD build/stm32f4xx_hal_rcc.o
LOAD build/stm32f4xx_hal_rcc_ex.o
LOAD build/stm32f4xx_hal_flash.o
LOAD build/stm32f4xx_hal_flash_ex.o
LOAD build/stm32f4xx_hal_flash_ramfunc.o
LOAD build/stm32f4xx_hal_gpio.o
LOAD build/stm32f4xx_hal_dma_ex.o
LOAD build/stm32f4xx_hal_dma.o
LOAD build/stm32f4xx_hal_pwr.o
LOAD build/stm32f4xx_hal_pwr_ex.o
LOAD build/stm32f4xx_hal_cortex.o
LOAD build/stm32f4xx_hal.o
LOAD build/stm32f4xx_hal_exti.o
LOAD build/stm32f4xx_hal_i2c.o
LOAD build/stm32f4xx_hal_i2c_ex.o
LOAD build/stm32f4xx_hal_spi.o
LOAD build/stm32f4xx_hal_tim.o
LOAD build/stm32f4xx_hal_tim_ex.o
LOAD build/stm32f4xx_hal_uart.o
LOAD build/startup_stm32f407xx.o
LOAD /Applications/ArmGNUToolchain/13.3.rel1/arm-none-eabi/bin/../lib/gcc/arm-none-eabi/13.3.1/../../../../arm-none-eabi/lib/thumb/v7e-m+fp/hard/libc_nano.a
LOAD /Applications/ArmGNUToolchain/13.3.rel1/arm-none-eabi/bin/../lib/gcc/arm-none-eabi/13.3.1/../../../../arm-none-eabi/lib/thumb/v7e-m+fp/hard/libm.a
LOAD /Applications/ArmGNUToolchain/13.3.rel1/arm-none-eabi/bin/../lib/gcc/arm-none-eabi/13.3.1/../../../../arm-none-eabi/lib/thumb/v7e-m+fp/hard/libnosys.a
START GROUP
LOAD /Applications/ArmGNUToolchain/13.3.rel1/arm-none-eabi/bin/../lib/gcc/arm-none-eabi/13.3.1/thumb/v7e-m+fp/hard/libgcc.a
LOAD /Applications/ArmGNUToolchain/13.3.rel1/arm-none-eabi/bin/../lib/gcc/arm-none-eabi/13.3.1/../../../../arm-none-eabi/lib/thumb/v7e-m+fp/hard/libc_nano.a
END GROUP
START GROUP
LOAD /Applications/ArmGNUToolchain/13.3.rel1/arm-none-eabi/bin/../lib/gcc/arm-none-eabi/13.3.1/thumb/v7e-m+fp/hard/libgcc.a
LOAD /Applications/ArmGNUToolchain/13.3.rel1/arm-none-eabi/bin/../lib/gcc/arm-none-eabi/13.3.1/../../../../arm-none-eabi/lib/thumb/v7e-m+fp/hard/libc_nano.a
END GROUP
LOAD /Applications/ArmGNUToolchain/13.3.rel1/arm-none-eabi/bin/../lib/gcc/arm-none-eabi/13.3.1/thumb/v7e-m+fp/hard/crtend.o
LOAD /Applications/ArmGNUToolchain/13.3.rel1/arm-none-eabi/bin/../lib/gcc/arm-none-eabi/13.3.1/thumb/v7e-m+fp/hard/crtn.o
                0x20020000                        _estack = (ORIGIN (RAM) + LENGTH (RAM))
                0x00000200                        _Min_Heap_Size = 0x200
                0x00000400                        _Min_Stack_Size = 0x400

.isr_vector     0x08000000      0x188
                0x08000000                        . = ALIGN (0x4)
 *(.isr_vector)
 .isr_vector    0x08000000      0x188 build/startup_stm32f407xx.o
                0x08000000                g_pfnVectors
                0x08000188                        . = ALIGN (0x4)

.text           0x08000190    0x101dc
                0x08000190                        . = ALIGN (0x4)
 *(.text)
 .text          0x08000190       0xa0 /Applications/ArmGNUToolchain/13.3.rel1/arm-none-eabi/bin/../lib/gcc/arm-none-eabi/13.3.1/../../../../arm-none-eabi/lib/thumb/v7e-m+fp/hard/libc_nano.a(libc_a-memchr.o)
                0x08000190                memchr
 .text          0x08000230       0x10 /Applications/ArmGNUToolchain/13.3.rel1/arm-none-eabi/bin/../lib/gcc/arm-none-eabi/13.3.1/../../../../arm-none-eabi/lib/thumb/v7e-m+fp/hard/libc_nano.a(libc_a-strlen.o)
                0x08000230                strlen
 .text          0x08000240      0x378 /Applications/ArmGNUToolchain/13.3.rel1/arm-none-eabi/bin/../lib/gcc/arm-none-eabi/13.3.1/thumb/v7e-m+fp/hard/libgcc.a(_arm_addsubdf3.o)
                0x08000240                __aeabi_drsub
                0x08000248                __subdf3
                0x08000248                __aeabi_dsub
                0x0800024c                __aeabi_dadd
                0x0800024c                __adddf3
                0x080004c4                __aeabi_ui2d
                0x080004c4                __floatunsidf
                0x080004e4                __floatsidf
                0x080004e4                __aeabi_i2d
                0x08000508                __extendsfdf2
                0x08000508                __aeabi_f2d
                0x0800054c                __aeabi_ul2d
                0x0800054c                __floatundidf
                0x0800055c                __aeabi_l2d
                0x0800055c                __floatdidf
 .text          0x080005b8      0x424 /Applications/ArmGNUToolchain/13.3.rel1/arm-none-eabi/bin/../lib/gcc/arm-none-eabi/13.3.1/thumb/v7e-m+fp/hard/libgcc.a(_arm_muldivdf3.o)
                0x080005b8                __aeabi_dmul
                0x080005b8                __muldf3
                0x0800080c                __aeabi_ddiv
                0x0800080c                __divdf3
 .text          0x080009dc      0x110 /Applications/ArmGNUToolchain/13.3.rel1/arm-none-eabi/bin/../lib/gcc/arm-none-eabi/13.3.1/thumb/v7e-m+fp/hard/libgcc.a(_arm_cmpdf2.o)
                0x080009dc                __gedf2
                0x080009dc                __gtdf2
                0x080009e4                __ledf2
                0x080009e4                __ltdf2
                0x080009ec                __cmpdf2
                0x080009ec                __eqdf2
                0x080009ec                __nedf2
                0x08000a68                __aeabi_cdrcmple
                0x08000a78                __aeabi_cdcmple
                0x08000a78                __aeabi_cdcmpeq
                0x08000a88                __aeabi_dcmpeq
                0x08000a9c                __aeabi_dcmplt
                0x08000ab0                __aeabi_dcmple
                0x08000ac4                __aeabi_dcmpge
                0x08000ad8                __aeabi_dcmpgt
 .text          0x08000aec       0x2c /Applications/ArmGNUToolchain/13.3.rel1/arm-none-eabi/bin/../lib/gcc/arm-none-eabi/13.3.1/thumb/v7e-m+fp/hard/libgcc.a(_arm_unorddf2.o)
                0x08000aec                __aeabi_dcmpun
                0x08000aec                __unorddf2
 .text          0x08000b18       0x50 /Applications/ArmGNUToolchain/13.3.rel1/arm-none-eabi/bin/../lib/gcc/arm-none-eabi/13.3.1/thumb/v7e-m+fp/hard/libgcc.a(_arm_fixdfsi.o)
                0x08000b18                __fixdfsi
                0x08000b18                __aeabi_d2iz
 .text          0x08000b68       0x40 /Applications/ArmGNUToolchain/13.3.rel1/arm-none-eabi/bin/../lib/gcc/arm-none-eabi/13.3.1/thumb/v7e-m+fp/hard/libgcc.a(_arm_fixunsdfsi.o)
                0x08000b68                __fixunsdfsi
                0x08000b68                __aeabi_d2uiz
 .text          0x08000ba8       0xa0 /Applications/ArmGNUToolchain/13.3.rel1/arm-none-eabi/bin/../lib/gcc/arm-none-eabi/13.3.1/thumb/v7e-m+fp/hard/libgcc.a(_arm_truncdfsf2.o)
                0x08000ba8                __aeabi_d2f
                0x08000ba8                __truncdfsf2
 .text          0x08000c48       0x30 /Applications/ArmGNUToolchain/13.3.rel1/arm-none-eabi/bin/../lib/gcc/arm-none-eabi/13.3.1/thumb/v7e-m+fp/hard/libgcc.a(_aeabi_uldivmod.o)
                0x08000c48                __aeabi_uldivmod
 .text          0x08000c78        0x4 /Applications/ArmGNUToolchain/13.3.rel1/arm-none-eabi/bin/../lib/gcc/arm-none-eabi/13.3.1/thumb/v7e-m+fp/hard/libgcc.a(_dvmd_tls.o)
                0x08000c78                __aeabi_ldiv0
                0x08000c78                __aeabi_idiv0
 *(.text*)
 .text.deregister_tm_clones
                0x08000c7c       0x1c /Applications/ArmGNUToolchain/13.3.rel1/arm-none-eabi/bin/../lib/gcc/arm-none-eabi/13.3.1/thumb/v7e-m+fp/hard/crtbegin.o
 .text.register_tm_clones
                0x08000c98       0x24 /Applications/ArmGNUToolchain/13.3.rel1/arm-none-eabi/bin/../lib/gcc/arm-none-eabi/13.3.1/thumb/v7e-m+fp/hard/crtbegin.o
 .text.__do_global_dtors_aux
                0x08000cbc       0x28 /Applications/ArmGNUToolchain/13.3.rel1/arm-none-eabi/bin/../lib/gcc/arm-none-eabi/13.3.1/thumb/v7e-m+fp/hard/crtbegin.o
 .text.frame_dummy
                0x08000ce4       0x24 /Applications/ArmGNUToolchain/13.3.rel1/arm-none-eabi/bin/../lib/gcc/arm-none-eabi/13.3.1/thumb/v7e-m+fp/hard/crtbegin.o
 .text.BMI088_write_single_reg
                0x08000d08       0x10 build/BMI088driver.o
 .text.BMI088_read_single_reg
                0x08000d18       0x16 build/BMI088driver.o
 .text.BMI088_read_muli_reg
                0x08000d2e       0x24 build/BMI088driver.o
 *fill*         0x08000d52        0x2 
 .text.bmi088_accel_init
                0x08000d54      0x10c build/BMI088driver.o
                0x08000d54                bmi088_accel_init
 .text.bmi088_gyro_init
                0x08000e60       0xf0 build/BMI088driver.o
                0x08000e60                bmi088_gyro_init
 .text.BMI088_init
                0x08000f50       0x1a build/BMI088driver.o
                0x08000f50                BMI088_init
 *fill*         0x08000f6a        0x2 
 .text.BMI088_read
                0x08000f6c      0x164 build/BMI088driver.o
                0x08000f6c                BMI088_read
 .text.BMI088_GPIO_init
                0x080010d0        0x2 build/BMI088Middleware.o
                0x080010d0                BMI088_GPIO_init
 .text.BMI088_com_init
                0x080010d2        0x2 build/BMI088Middleware.o
                0x080010d2                BMI088_com_init
 .text.BMI088_delay_us
                0x080010d4       0x38 build/BMI088Middleware.o
                0x080010d4                BMI088_delay_us
 .text.BMI088_delay_ms
                0x0800110c       0x18 build/BMI088Middleware.o
                0x0800110c                BMI088_delay_ms
 .text.BMI088_ACCEL_NS_L
                0x08001124       0x14 build/BMI088Middleware.o
                0x08001124                BMI088_ACCEL_NS_L
 .text.BMI088_ACCEL_NS_H
                0x08001138       0x14 build/BMI088Middleware.o
                0x08001138                BMI088_ACCEL_NS_H
 .text.BMI088_GYRO_NS_L
                0x0800114c       0x14 build/BMI088Middleware.o
                0x0800114c                BMI088_GYRO_NS_L
 .text.BMI088_GYRO_NS_H
                0x08001160       0x14 build/BMI088Middleware.o
                0x08001160                BMI088_GYRO_NS_H
 .text.BMI088_read_write_byte
                0x08001174       0x2c build/BMI088Middleware.o
                0x08001174                BMI088_read_write_byte
 .text.can_filter_init
                0x080011a0       0x5c build/bsp_can.o
                0x080011a0                can_filter_init
 .text.HAL_CAN_RxFifo0MsgPendingCallback
                0x080011fc       0x84 build/CAN_receive.o
                0x080011fc                HAL_CAN_RxFifo0MsgPendingCallback
 .text.CAN_cmd_chassis
                0x08001280       0x54 build/CAN_receive.o
                0x08001280                CAN_cmd_chassis
 .text.MX_CAN1_Init
                0x080012d4       0x40 build/can.o
                0x080012d4                MX_CAN1_Init
 .text.MX_CAN2_Init
                0x08001314       0x40 build/can.o
                0x08001314                MX_CAN2_Init
 .text.HAL_CAN_MspInit
                0x08001354      0x110 build/can.o
                0x08001354                HAL_CAN_MspInit
 .text.MX_DMA_Init
                0x08001464       0x54 build/dma.o
                0x08001464                MX_DMA_Init
 .text.FusionVectorCrossProduct
                0x080014b8       0x66 build/FusionAhrs.o
 .text.FusionVectorDotProduct
                0x0800151e       0x50 build/FusionAhrs.o
 .text.FusionVectorMagnitudeSquared
                0x0800156e       0x44 build/FusionAhrs.o
 *fill*         0x080015b2        0x2 
 .text.FusionVectorNormalise
                0x080015b4       0x9c build/FusionAhrs.o
 .text.FusionQuaternionMultiplyVector
                0x08001650       0x9e build/FusionAhrs.o
 *fill*         0x080016ee        0x2 
 .text.FusionQuaternionNormalise
                0x080016f0       0xa4 build/FusionAhrs.o
 .text.HalfGravity
                0x08001794       0xd4 build/FusionAhrs.o
 .text.HalfMagnetic
                0x08001868      0x134 build/FusionAhrs.o
 .text.Feedback
                0x0800199c       0x9e build/FusionAhrs.o
 *fill*         0x08001a3a        0x2 
 .text.FusionAhrsReset
                0x08001a3c       0x48 build/FusionAhrs.o
                0x08001a3c                FusionAhrsReset
 .text.FusionAhrsSetSettings
                0x08001a84       0xf4 build/FusionAhrs.o
                0x08001a84                FusionAhrsSetSettings
 .text.FusionAhrsInitialise
                0x08001b78       0x30 build/FusionAhrs.o
                0x08001b78                FusionAhrsInitialise
 .text.FusionAhrsUpdate
                0x08001ba8      0x4a4 build/FusionAhrs.o
                0x08001ba8                FusionAhrsUpdate
 .text.FusionAhrsGetQuaternion
                0x0800204c       0x22 build/FusionAhrs.o
                0x0800204c                FusionAhrsGetQuaternion
 .text.FusionAhrsGetLinearAcceleration
                0x0800206e       0xfc build/FusionAhrs.o
                0x0800206e                FusionAhrsGetLinearAcceleration
 *fill*         0x0800216a        0x2 
 .text.FusionOffsetInitialise
                0x0800216c       0x34 build/FusionOffset.o
                0x0800216c                FusionOffsetInitialise
 .text.FusionOffsetUpdate
                0x080021a0      0x14a build/FusionOffset.o
                0x080021a0                FusionOffsetUpdate
 *fill*         0x080022ea        0x2 
 .text.MX_GPIO_Init
                0x080022ec      0x170 build/gpio.o
                0x080022ec                MX_GPIO_Init
 .text.MX_I2C3_Init
                0x0800245c       0x3c build/i2c.o
                0x0800245c                MX_I2C3_Init
 .text.HAL_I2C_MspInit
                0x08002498       0xa8 build/i2c.o
                0x08002498                HAL_I2C_MspInit
 .text.FusionMatrixMultiplyVector
                0x08002540       0xa0 build/IMU.o
 .text.FusionCalibrationInertial
                0x080025e0       0xca build/IMU.o
 .text.FusionCalibrationMagnetic
                0x080026aa       0x90 build/IMU.o
 *fill*         0x0800273a        0x2 
 .text.IMU_update
                0x0800273c      0x244 build/IMU.o
                0x0800273c                IMU_update
 .text.IST_read
                0x08002980       0x10 build/IST.o
                0x08002980                IST_read
 .text.ist8310_GPIO_init
                0x08002990        0x2 build/ist8310driver_middleware.o
                0x08002990                ist8310_GPIO_init
 .text.ist8310_com_init
                0x08002992        0x2 build/ist8310driver_middleware.o
                0x08002992                ist8310_com_init
 .text.ist8310_IIC_read_single_reg
                0x08002994       0x30 build/ist8310driver_middleware.o
                0x08002994                ist8310_IIC_read_single_reg
 .text.ist8310_IIC_write_single_reg
                0x080029c4       0x2c build/ist8310driver_middleware.o
                0x080029c4                ist8310_IIC_write_single_reg
 .text.ist8310_IIC_read_muli_reg
                0x080029f0       0x24 build/ist8310driver_middleware.o
                0x080029f0                ist8310_IIC_read_muli_reg
 .text.ist8310_delay_ms
                0x08002a14        0x8 build/ist8310driver_middleware.o
                0x08002a14                ist8310_delay_ms
 .text.ist8310_delay_us
                0x08002a1c       0x3a build/ist8310driver_middleware.o
                0x08002a1c                ist8310_delay_us
 *fill*         0x08002a56        0x2 
 .text.ist8310_RST_H
                0x08002a58       0x14 build/ist8310driver_middleware.o
                0x08002a58                ist8310_RST_H
 .text.ist8310_RST_L
                0x08002a6c       0x14 build/ist8310driver_middleware.o
                0x08002a6c                ist8310_RST_L
 .text.ist8310_init
                0x08002a80       0x78 build/ist8310driver.o
                0x08002a80                ist8310_init
 .text.ist8310_read_mag
                0x08002af8       0x78 build/ist8310driver.o
                0x08002af8                ist8310_read_mag
 .text.Joystick_motor_start
                0x08002b70      0x104 build/Joystick.o
                0x08002b70                Joystick_motor_start
 .text.Joystick_v_set
                0x08002c74       0x78 build/Joystick.o
                0x08002c74                Joystick_v_set
 .text.Joystick_motor_control
                0x08002cec      0x168 build/Joystick.o
                0x08002cec                Joystick_motor_control
 .text.led_green_start
                0x08002e54       0x18 build/led.o
                0x08002e54                led_green_start
 .text.led_red_start
                0x08002e6c       0x18 build/led.o
                0x08002e6c                led_red_start
 .text.led_pink_start
                0x08002e84       0x1c build/led.o
                0x08002e84                led_pink_start
 .text.led_blue_blink
                0x08002ea0       0x48 build/led.o
                0x08002ea0                led_blue_blink
 .text.led_red_blink
                0x08002ee8       0x48 build/led.o
                0x08002ee8                led_red_blink
 .text.led_pink_blink
                0x08002f30       0x58 build/led.o
                0x08002f30                led_pink_blink
 .text.Serial_Control
                0x08002f88        0x2 build/main.o
                0x08002f88                Serial_Control
 *fill*         0x08002f8a        0x2 
 .text.FusionAsin
                0x08002f8c       0x38 build/main.o
 .text.FusionQuaternionToEuler
                0x08002fc4       0xbc build/main.o
 .text.Serial_Output
                0x08003080      0x2cc build/main.o
                0x08003080                Serial_Output
 .text.Serial_Input
                0x0800334c       0x6c build/main.o
                0x0800334c                Serial_Input
 .text.Error_Handler
                0x080033b8        0x4 build/main.o
                0x080033b8                Error_Handler
 .text.SystemClock_Config
                0x080033bc       0xa8 build/main.o
                0x080033bc                SystemClock_Config
 .text.main     0x08003464      0x10c build/main.o
                0x08003464                main
 .text.Motor_Speed_Calc
                0x08003570      0x148 build/Motor_Speed_pid.o
                0x08003570                Motor_Speed_Calc
 .text.Motor_Speed_pid_init
                0x080036b8       0x54 build/Motor_Speed_pid.o
                0x080036b8                Motor_Speed_pid_init
 .text.Speed_set
                0x0800370c       0xa8 build/Motor_Speed_pid.o
                0x0800370c                Speed_set
 .text.MOTORrpm2vw
                0x080037b4       0x8c build/Motor_Speed_pid.o
                0x080037b4                MOTORrpm2vw
 .text.pid_param_init
                0x08003840       0x60 build/pid.o
 .text.pid_reset
                0x080038a0        0xe build/pid.o
 *fill*         0x080038ae        0x2 
 .text.pid_calculate
                0x080038b0      0x158 build/pid.o
 .text.pid_init
                0x08003a08       0x1c build/pid.o
                0x08003a08                pid_init
 .text.PS2_Cmd  0x08003a24       0xb4 build/ps2.o
                0x08003a24                PS2_Cmd
 .text.PS2_ReadData
                0x08003ad8       0xe4 build/ps2.o
                0x08003ad8                PS2_ReadData
 .text.PS2_AnologData
                0x08003bbc        0xc build/ps2.o
                0x08003bbc                PS2_AnologData
 .text.PS2_ClearData
                0x08003bc8       0x18 build/ps2.o
                0x08003bc8                PS2_ClearData
 .text.PS2_DataKey
                0x08003be0       0x4c build/ps2.o
                0x08003be0                PS2_DataKey
 .text.PS2_ShortPoll
                0x08003c2c       0x4c build/ps2.o
                0x08003c2c                PS2_ShortPoll
 .text.PS2_EnterConfing
                0x08003c78       0x64 build/ps2.o
                0x08003c78                PS2_EnterConfing
 .text.PS2_TurnOnAnalogMode
                0x08003cdc       0x60 build/ps2.o
                0x08003cdc                PS2_TurnOnAnalogMode
 .text.PS2_VibrationMode
                0x08003d3c       0x4c build/ps2.o
                0x08003d3c                PS2_VibrationMode
 .text.PS2_ExitConfing
                0x08003d88       0x64 build/ps2.o
                0x08003d88                PS2_ExitConfing
 .text.PS2_SetInit
                0x08003dec       0x2c build/ps2.o
                0x08003dec                PS2_SetInit
 .text.PS2_Receive
                0x08003e18       0x48 build/ps2.o
                0x08003e18                PS2_Receive
 .text.MX_SPI1_Init
                0x08003e60       0x48 build/spi.o
                0x08003e60                MX_SPI1_Init
 .text.HAL_SPI_MspInit
                0x08003ea8       0x98 build/spi.o
                0x08003ea8                HAL_SPI_MspInit
 .text.HAL_MspInit
                0x08003f40       0x38 build/stm32f4xx_hal_msp.o
                0x08003f40                HAL_MspInit
 .text.NMI_Handler
                0x08003f78        0x2 build/stm32f4xx_it.o
                0x08003f78                NMI_Handler
 .text.HardFault_Handler
                0x08003f7a        0x2 build/stm32f4xx_it.o
                0x08003f7a                HardFault_Handler
 .text.MemManage_Handler
                0x08003f7c        0x2 build/stm32f4xx_it.o
                0x08003f7c                MemManage_Handler
 .text.BusFault_Handler
                0x08003f7e        0x2 build/stm32f4xx_it.o
                0x08003f7e                BusFault_Handler
 .text.UsageFault_Handler
                0x08003f80        0x2 build/stm32f4xx_it.o
                0x08003f80                UsageFault_Handler
 .text.SVC_Handler
                0x08003f82        0x2 build/stm32f4xx_it.o
                0x08003f82                SVC_Handler
 .text.DebugMon_Handler
                0x08003f84        0x2 build/stm32f4xx_it.o
                0x08003f84                DebugMon_Handler
 .text.PendSV_Handler
                0x08003f86        0x2 build/stm32f4xx_it.o
                0x08003f86                PendSV_Handler
 .text.SysTick_Handler
                0x08003f88        0x8 build/stm32f4xx_it.o
                0x08003f88                SysTick_Handler
 .text.EXTI0_IRQHandler
                0x08003f90       0x14 build/stm32f4xx_it.o
                0x08003f90                EXTI0_IRQHandler
 .text.EXTI3_IRQHandler
                0x08003fa4        0xe build/stm32f4xx_it.o
                0x08003fa4                EXTI3_IRQHandler
 *fill*         0x08003fb2        0x2 
 .text.CAN1_RX0_IRQHandler
                0x08003fb4       0x10 build/stm32f4xx_it.o
                0x08003fb4                CAN1_RX0_IRQHandler
 .text.TIM1_UP_TIM10_IRQHandler
                0x08003fc4       0x18 build/stm32f4xx_it.o
                0x08003fc4                TIM1_UP_TIM10_IRQHandler
 .text.TIM4_IRQHandler
                0x08003fdc       0x10 build/stm32f4xx_it.o
                0x08003fdc                TIM4_IRQHandler
 .text.TIM8_UP_TIM13_IRQHandler
                0x08003fec       0x14 build/stm32f4xx_it.o
                0x08003fec                TIM8_UP_TIM13_IRQHandler
 .text.DMA2_Stream2_IRQHandler
                0x08004000       0x10 build/stm32f4xx_it.o
                0x08004000                DMA2_Stream2_IRQHandler
 .text.DMA2_Stream6_IRQHandler
                0x08004010       0x10 build/stm32f4xx_it.o
                0x08004010                DMA2_Stream6_IRQHandler
 .text.DMA2_Stream7_IRQHandler
                0x08004020       0x10 build/stm32f4xx_it.o
                0x08004020                DMA2_Stream7_IRQHandler
 .text.USART6_IRQHandler
                0x08004030       0x10 build/stm32f4xx_it.o
                0x08004030                USART6_IRQHandler
 .text._getpid  0x08004040        0x4 build/syscalls.o
                0x08004040                _getpid
 .text._kill    0x08004044       0x10 build/syscalls.o
                0x08004044                _kill
 .text._exit    0x08004054        0xc build/syscalls.o
                0x08004054                _exit
 .text._read    0x08004060       0x20 build/syscalls.o
                0x08004060                _read
 .text._write   0x08004080       0x1c build/syscalls.o
                0x08004080                _write
 .text._close   0x0800409c        0x6 build/syscalls.o
                0x0800409c                _close
 .text._fstat   0x080040a2        0xa build/syscalls.o
                0x080040a2                _fstat
 .text._isatty  0x080040ac        0x4 build/syscalls.o
                0x080040ac                _isatty
 .text._lseek   0x080040b0        0x4 build/syscalls.o
                0x080040b0                _lseek
 .text._sbrk    0x080040b4       0x48 build/sysmem.o
                0x080040b4                _sbrk
 .text.SystemInit
                0x080040fc       0x14 build/system_stm32f4xx.o
                0x080040fc                SystemInit
 .text.TaskAdd  0x08004110       0x44 build/Task.o
                0x08004110                TaskAdd
 .text.TaskCheck
                0x08004154       0x50 build/Task.o
                0x08004154                TaskCheck
 .text.TaskRun  0x080041a4       0x98 build/Task.o
                0x080041a4                TaskRun
 .text.MX_TIM1_Init
                0x0800423c       0x78 build/tim.o
                0x0800423c                MX_TIM1_Init
 .text.MX_TIM4_Init
                0x080042b4       0x74 build/tim.o
                0x080042b4                MX_TIM4_Init
 .text.MX_TIM8_Init
                0x08004328       0x78 build/tim.o
                0x08004328                MX_TIM8_Init
 .text.HAL_TIM_Base_MspInit
                0x080043a0       0xfc build/tim.o
                0x080043a0                HAL_TIM_Base_MspInit
 .text.HAL_TIM_MspPostInit
                0x0800449c       0x94 build/tim.o
                0x0800449c                HAL_TIM_MspPostInit
 .text.MX_TIM5_Init
                0x08004530       0xf8 build/tim.o
                0x08004530                MX_TIM5_Init
 .text.MX_TIM10_Init
                0x08004628       0x74 build/tim.o
                0x08004628                MX_TIM10_Init
 .text.USART1_IRQHandler
                0x0800469c       0x7c build/usart.o
                0x0800469c                USART1_IRQHandler
 .text.HAL_UART_RxCpltCallback
                0x08004718       0x14 build/usart.o
                0x08004718                HAL_UART_RxCpltCallback
 .text.clrStruct
                0x0800472c       0x4c build/usart.o
                0x0800472c                clrStruct
 .text.MX_USART1_UART_Init
                0x08004778       0x34 build/usart.o
                0x08004778                MX_USART1_UART_Init
 .text.MX_USART6_UART_Init
                0x080047ac       0x34 build/usart.o
                0x080047ac                MX_USART6_UART_Init
 .text.HAL_UART_MspInit
                0x080047e0      0x1e0 build/usart.o
                0x080047e0                HAL_UART_MspInit
 .text.HAL_Delay_us
                0x080049c0       0x34 build/user_delay.o
                0x080049c0                HAL_Delay_us
 .text.Init_all
                0x080049f4       0x9c build/User_init.o
                0x080049f4                Init_all
 .text.usart_printf
                0x08004a90       0x3c build/user_usart.o
                0x08004a90                usart_printf
 .text.HAL_CAN_Init
                0x08004acc      0x14c build/stm32f4xx_hal_can.o
                0x08004acc                HAL_CAN_Init
 .text.HAL_CAN_ConfigFilter
                0x08004c18      0x138 build/stm32f4xx_hal_can.o
                0x08004c18                HAL_CAN_ConfigFilter
 .text.HAL_CAN_Start
                0x08004d50       0x5c build/stm32f4xx_hal_can.o
                0x08004d50                HAL_CAN_Start
 .text.HAL_CAN_AddTxMessage
                0x08004dac       0xea build/stm32f4xx_hal_can.o
                0x08004dac                HAL_CAN_AddTxMessage
 .text.HAL_CAN_GetRxMessage
                0x08004e96      0x16a build/stm32f4xx_hal_can.o
                0x08004e96                HAL_CAN_GetRxMessage
 .text.HAL_CAN_ActivateNotification
                0x08005000       0x24 build/stm32f4xx_hal_can.o
                0x08005000                HAL_CAN_ActivateNotification
 .text.HAL_CAN_TxMailbox0CompleteCallback
                0x08005024        0x2 build/stm32f4xx_hal_can.o
                0x08005024                HAL_CAN_TxMailbox0CompleteCallback
 .text.HAL_CAN_TxMailbox1CompleteCallback
                0x08005026        0x2 build/stm32f4xx_hal_can.o
                0x08005026                HAL_CAN_TxMailbox1CompleteCallback
 .text.HAL_CAN_TxMailbox2CompleteCallback
                0x08005028        0x2 build/stm32f4xx_hal_can.o
                0x08005028                HAL_CAN_TxMailbox2CompleteCallback
 .text.HAL_CAN_TxMailbox0AbortCallback
                0x0800502a        0x2 build/stm32f4xx_hal_can.o
                0x0800502a                HAL_CAN_TxMailbox0AbortCallback
 .text.HAL_CAN_TxMailbox1AbortCallback
                0x0800502c        0x2 build/stm32f4xx_hal_can.o
                0x0800502c                HAL_CAN_TxMailbox1AbortCallback
 .text.HAL_CAN_TxMailbox2AbortCallback
                0x0800502e        0x2 build/stm32f4xx_hal_can.o
                0x0800502e                HAL_CAN_TxMailbox2AbortCallback
 .text.HAL_CAN_RxFifo0FullCallback
                0x08005030        0x2 build/stm32f4xx_hal_can.o
                0x08005030                HAL_CAN_RxFifo0FullCallback
 .text.HAL_CAN_RxFifo1MsgPendingCallback
                0x08005032        0x2 build/stm32f4xx_hal_can.o
                0x08005032                HAL_CAN_RxFifo1MsgPendingCallback
 .text.HAL_CAN_RxFifo1FullCallback
                0x08005034        0x2 build/stm32f4xx_hal_can.o
                0x08005034                HAL_CAN_RxFifo1FullCallback
 .text.HAL_CAN_SleepCallback
                0x08005036        0x2 build/stm32f4xx_hal_can.o
                0x08005036                HAL_CAN_SleepCallback
 .text.HAL_CAN_WakeUpFromRxMsgCallback
                0x08005038        0x2 build/stm32f4xx_hal_can.o
                0x08005038                HAL_CAN_WakeUpFromRxMsgCallback
 .text.HAL_CAN_ErrorCallback
                0x0800503a        0x2 build/stm32f4xx_hal_can.o
                0x0800503a                HAL_CAN_ErrorCallback
 .text.HAL_CAN_IRQHandler
                0x0800503c      0x250 build/stm32f4xx_hal_can.o
                0x0800503c                HAL_CAN_IRQHandler
 .text.HAL_RCC_OscConfig
                0x0800528c      0x3f8 build/stm32f4xx_hal_rcc.o
                0x0800528c                HAL_RCC_OscConfig
 .text.HAL_RCC_GetSysClockFreq
                0x08005684       0xa8 build/stm32f4xx_hal_rcc.o
                0x08005684                HAL_RCC_GetSysClockFreq
 .text.HAL_RCC_ClockConfig
                0x0800572c      0x160 build/stm32f4xx_hal_rcc.o
                0x0800572c                HAL_RCC_ClockConfig
 .text.HAL_RCC_GetHCLKFreq
                0x0800588c        0xc build/stm32f4xx_hal_rcc.o
                0x0800588c                HAL_RCC_GetHCLKFreq
 .text.HAL_RCC_GetPCLK1Freq
                0x08005898       0x20 build/stm32f4xx_hal_rcc.o
                0x08005898                HAL_RCC_GetPCLK1Freq
 .text.HAL_RCC_GetPCLK2Freq
                0x080058b8       0x20 build/stm32f4xx_hal_rcc.o
                0x080058b8                HAL_RCC_GetPCLK2Freq
 .text.HAL_GPIO_Init
                0x080058d8      0x1ec build/stm32f4xx_hal_gpio.o
                0x080058d8                HAL_GPIO_Init
 .text.HAL_GPIO_ReadPin
                0x08005ac4        0xe build/stm32f4xx_hal_gpio.o
                0x08005ac4                HAL_GPIO_ReadPin
 .text.HAL_GPIO_WritePin
                0x08005ad2        0xc build/stm32f4xx_hal_gpio.o
                0x08005ad2                HAL_GPIO_WritePin
 .text.HAL_GPIO_EXTI_Callback
                0x08005ade        0x2 build/stm32f4xx_hal_gpio.o
                0x08005ade                HAL_GPIO_EXTI_Callback
 .text.HAL_GPIO_EXTI_IRQHandler
                0x08005ae0       0x1c build/stm32f4xx_hal_gpio.o
                0x08005ae0                HAL_GPIO_EXTI_IRQHandler
 .text.DMA_SetConfig
                0x08005afc       0x2c build/stm32f4xx_hal_dma.o
 .text.DMA_CalcBaseAndBitshift
                0x08005b28       0x3c build/stm32f4xx_hal_dma.o
 .text.DMA_CheckFifoParam
                0x08005b64       0x8e build/stm32f4xx_hal_dma.o
 *fill*         0x08005bf2        0x2 
 .text.HAL_DMA_Init
                0x08005bf4       0xcc build/stm32f4xx_hal_dma.o
                0x08005bf4                HAL_DMA_Init
 .text.HAL_DMA_Start_IT
                0x08005cc0       0x6a build/stm32f4xx_hal_dma.o
                0x08005cc0                HAL_DMA_Start_IT
 .text.HAL_DMA_Abort
                0x08005d2a       0x94 build/stm32f4xx_hal_dma.o
                0x08005d2a                HAL_DMA_Abort
 .text.HAL_DMA_Abort_IT
                0x08005dbe       0x26 build/stm32f4xx_hal_dma.o
                0x08005dbe                HAL_DMA_Abort_IT
 .text.HAL_DMA_IRQHandler
                0x08005de4      0x1dc build/stm32f4xx_hal_dma.o
                0x08005de4                HAL_DMA_IRQHandler
 .text.__NVIC_EnableIRQ
                0x08005fc0       0x1c build/stm32f4xx_hal_cortex.o
 .text.__NVIC_SetPriority
                0x08005fdc       0x28 build/stm32f4xx_hal_cortex.o
 .text.NVIC_EncodePriority
                0x08006004       0x3e build/stm32f4xx_hal_cortex.o
 *fill*         0x08006042        0x2 
 .text.HAL_NVIC_SetPriorityGrouping
                0x08006044       0x24 build/stm32f4xx_hal_cortex.o
                0x08006044                HAL_NVIC_SetPriorityGrouping
 .text.HAL_NVIC_SetPriority
                0x08006068       0x20 build/stm32f4xx_hal_cortex.o
                0x08006068                HAL_NVIC_SetPriority
 .text.HAL_NVIC_EnableIRQ
                0x08006088        0x8 build/stm32f4xx_hal_cortex.o
                0x08006088                HAL_NVIC_EnableIRQ
 .text.HAL_SYSTICK_Config
                0x08006090       0x28 build/stm32f4xx_hal_cortex.o
                0x08006090                HAL_SYSTICK_Config
 .text.HAL_InitTick
                0x080060b8       0x4c build/stm32f4xx_hal.o
                0x080060b8                HAL_InitTick
 .text.HAL_Init
                0x08006104       0x34 build/stm32f4xx_hal.o
                0x08006104                HAL_Init
 .text.HAL_IncTick
                0x08006138       0x18 build/stm32f4xx_hal.o
                0x08006138                HAL_IncTick
 .text.HAL_GetTick
                0x08006150        0xc build/stm32f4xx_hal.o
                0x08006150                HAL_GetTick
 .text.HAL_Delay
                0x0800615c       0x28 build/stm32f4xx_hal.o
                0x0800615c                HAL_Delay
 .text.I2C_IsAcknowledgeFailed
                0x08006184       0x32 build/stm32f4xx_hal_i2c.o
 .text.I2C_WaitOnFlagUntilTimeout
                0x080061b6       0xaa build/stm32f4xx_hal_i2c.o
 .text.I2C_WaitOnMasterAddressFlagUntilTimeout
                0x08006260       0xd6 build/stm32f4xx_hal_i2c.o
 .text.I2C_WaitOnTXEFlagUntilTimeout
                0x08006336       0x5e build/stm32f4xx_hal_i2c.o
 .text.I2C_RequestMemoryWrite
                0x08006394       0xd8 build/stm32f4xx_hal_i2c.o
 .text.I2C_RequestMemoryRead
                0x0800646c      0x154 build/stm32f4xx_hal_i2c.o
 .text.I2C_WaitOnBTFFlagUntilTimeout
                0x080065c0       0x5e build/stm32f4xx_hal_i2c.o
 .text.I2C_WaitOnRXNEFlagUntilTimeout
                0x0800661e       0x78 build/stm32f4xx_hal_i2c.o
 *fill*         0x08006696        0x2 
 .text.HAL_I2C_Init
                0x08006698      0x1bc build/stm32f4xx_hal_i2c.o
                0x08006698                HAL_I2C_Init
 .text.HAL_I2C_Mem_Write
                0x08006854      0x164 build/stm32f4xx_hal_i2c.o
                0x08006854                HAL_I2C_Mem_Write
 .text.HAL_I2C_Mem_Read
                0x080069b8      0x2f8 build/stm32f4xx_hal_i2c.o
                0x080069b8                HAL_I2C_Mem_Read
 .text.SPI_WaitFlagStateUntilTimeout
                0x08006cb0       0xc8 build/stm32f4xx_hal_spi.o
 .text.SPI_EndRxTxTransaction
                0x08006d78       0x80 build/stm32f4xx_hal_spi.o
 .text.HAL_SPI_Init
                0x08006df8       0xbe build/stm32f4xx_hal_spi.o
                0x08006df8                HAL_SPI_Init
 .text.HAL_SPI_TransmitReceive
                0x08006eb6      0x254 build/stm32f4xx_hal_spi.o
                0x08006eb6                HAL_SPI_TransmitReceive
 *fill*         0x0800710a        0x2 
 .text.TIM_OC1_SetConfig
                0x0800710c       0x70 build/stm32f4xx_hal_tim.o
 .text.TIM_OC3_SetConfig
                0x0800717c       0x70 build/stm32f4xx_hal_tim.o
 .text.TIM_OC4_SetConfig
                0x080071ec       0x50 build/stm32f4xx_hal_tim.o
 .text.TIM_TI1_ConfigInputStage
                0x0800723c       0x26 build/stm32f4xx_hal_tim.o
 .text.TIM_TI2_ConfigInputStage
                0x08007262       0x28 build/stm32f4xx_hal_tim.o
 .text.TIM_ITRx_SetConfig
                0x0800728a       0x10 build/stm32f4xx_hal_tim.o
 *fill*         0x0800729a        0x2 
 .text.HAL_TIM_Base_Start_IT
                0x0800729c       0x88 build/stm32f4xx_hal_tim.o
                0x0800729c                HAL_TIM_Base_Start_IT
 .text.HAL_TIM_PWM_MspInit
                0x08007324        0x2 build/stm32f4xx_hal_tim.o
                0x08007324                HAL_TIM_PWM_MspInit
 .text.HAL_TIM_PeriodElapsedCallback
                0x08007326        0x2 build/stm32f4xx_hal_tim.o
                0x08007326                HAL_TIM_PeriodElapsedCallback
 .text.HAL_TIM_OC_DelayElapsedCallback
                0x08007328        0x2 build/stm32f4xx_hal_tim.o
                0x08007328                HAL_TIM_OC_DelayElapsedCallback
 .text.HAL_TIM_IC_CaptureCallback
                0x0800732a        0x2 build/stm32f4xx_hal_tim.o
                0x0800732a                HAL_TIM_IC_CaptureCallback
 .text.HAL_TIM_PWM_PulseFinishedCallback
                0x0800732c        0x2 build/stm32f4xx_hal_tim.o
                0x0800732c                HAL_TIM_PWM_PulseFinishedCallback
 .text.HAL_TIM_TriggerCallback
                0x0800732e        0x2 build/stm32f4xx_hal_tim.o
                0x0800732e                HAL_TIM_TriggerCallback
 .text.HAL_TIM_IRQHandler
                0x08007330      0x15e build/stm32f4xx_hal_tim.o
                0x08007330                HAL_TIM_IRQHandler
 *fill*         0x0800748e        0x2 
 .text.TIM_Base_SetConfig
                0x08007490       0xd8 build/stm32f4xx_hal_tim.o
                0x08007490                TIM_Base_SetConfig
 .text.HAL_TIM_Base_Init
                0x08007568       0x58 build/stm32f4xx_hal_tim.o
                0x08007568                HAL_TIM_Base_Init
 .text.HAL_TIM_PWM_Init
                0x080075c0       0x58 build/stm32f4xx_hal_tim.o
                0x080075c0                HAL_TIM_PWM_Init
 .text.TIM_OC2_SetConfig
                0x08007618       0x70 build/stm32f4xx_hal_tim.o
                0x08007618                TIM_OC2_SetConfig
 .text.HAL_TIM_PWM_ConfigChannel
                0x08007688       0xdc build/stm32f4xx_hal_tim.o
                0x08007688                HAL_TIM_PWM_ConfigChannel
 .text.TIM_ETR_SetConfig
                0x08007764       0x1a build/stm32f4xx_hal_tim.o
                0x08007764                TIM_ETR_SetConfig
 .text.HAL_TIM_ConfigClockSource
                0x0800777e       0xfe build/stm32f4xx_hal_tim.o
                0x0800777e                HAL_TIM_ConfigClockSource
 .text.TIM_CCxChannelCmd
                0x0800787c       0x1e build/stm32f4xx_hal_tim.o
                0x0800787c                TIM_CCxChannelCmd
 *fill*         0x0800789a        0x2 
 .text.HAL_TIM_PWM_Start
                0x0800789c      0x104 build/stm32f4xx_hal_tim.o
                0x0800789c                HAL_TIM_PWM_Start
 .text.HAL_TIMEx_MasterConfigSynchronization
                0x080079a0       0x8c build/stm32f4xx_hal_tim_ex.o
                0x080079a0                HAL_TIMEx_MasterConfigSynchronization
 .text.HAL_TIMEx_CommutCallback
                0x08007a2c        0x2 build/stm32f4xx_hal_tim_ex.o
                0x08007a2c                HAL_TIMEx_CommutCallback
 .text.HAL_TIMEx_BreakCallback
                0x08007a2e        0x2 build/stm32f4xx_hal_tim_ex.o
                0x08007a2e                HAL_TIMEx_BreakCallback
 .text.UART_EndTxTransfer
                0x08007a30       0x20 build/stm32f4xx_hal_uart.o
 .text.UART_EndRxTransfer
                0x08007a50       0x5c build/stm32f4xx_hal_uart.o
 .text.UART_Transmit_IT
                0x08007aac       0x60 build/stm32f4xx_hal_uart.o
 .text.UART_SetConfig
                0x08007b0c      0x110 build/stm32f4xx_hal_uart.o
 .text.HAL_UART_Init
                0x08007c1c       0x60 build/stm32f4xx_hal_uart.o
                0x08007c1c                HAL_UART_Init
 .text.HAL_UART_Transmit_DMA
                0x08007c7c       0x84 build/stm32f4xx_hal_uart.o
                0x08007c7c                HAL_UART_Transmit_DMA
 .text.HAL_UART_DMAStop
                0x08007d00       0x84 build/stm32f4xx_hal_uart.o
                0x08007d00                HAL_UART_DMAStop
 .text.HAL_UART_TxCpltCallback
                0x08007d84        0x2 build/stm32f4xx_hal_uart.o
                0x08007d84                HAL_UART_TxCpltCallback
 .text.UART_DMATransmitCplt
                0x08007d86       0x4c build/stm32f4xx_hal_uart.o
 .text.UART_EndTransmit_IT
                0x08007dd2       0x1a build/stm32f4xx_hal_uart.o
 .text.HAL_UART_TxHalfCpltCallback
                0x08007dec        0x2 build/stm32f4xx_hal_uart.o
                0x08007dec                HAL_UART_TxHalfCpltCallback
 .text.UART_DMATxHalfCplt
                0x08007dee        0xa build/stm32f4xx_hal_uart.o
 .text.HAL_UART_RxHalfCpltCallback
                0x08007df8        0x2 build/stm32f4xx_hal_uart.o
                0x08007df8                HAL_UART_RxHalfCpltCallback
 .text.HAL_UART_ErrorCallback
                0x08007dfa        0x2 build/stm32f4xx_hal_uart.o
                0x08007dfa                HAL_UART_ErrorCallback
 .text.UART_DMAError
                0x08007dfc       0x58 build/stm32f4xx_hal_uart.o
 .text.UART_DMAAbortOnError
                0x08007e54       0x10 build/stm32f4xx_hal_uart.o
 .text.HAL_UARTEx_RxEventCallback
                0x08007e64        0x2 build/stm32f4xx_hal_uart.o
                0x08007e64                HAL_UARTEx_RxEventCallback
 .text.UART_Receive_IT
                0x08007e66       0xe6 build/stm32f4xx_hal_uart.o
 .text.HAL_UART_IRQHandler
                0x08007f4c      0x284 build/stm32f4xx_hal_uart.o
                0x08007f4c                HAL_UART_IRQHandler
 .text.UART_DMARxHalfCplt
                0x080081d0       0x1e build/stm32f4xx_hal_uart.o
 .text.UART_DMAReceiveCplt
                0x080081ee       0x9a build/stm32f4xx_hal_uart.o
 .text.UART_Start_Receive_DMA
                0x08008288       0xa4 build/stm32f4xx_hal_uart.o
                0x08008288                UART_Start_Receive_DMA
 .text.HAL_UART_Receive_DMA
                0x0800832c       0x30 build/stm32f4xx_hal_uart.o
                0x0800832c                HAL_UART_Receive_DMA
 .text.Reset_Handler
                0x0800835c       0x50 build/startup_stm32f407xx.o
                0x0800835c                Reset_Handler
 .text.Default_Handler
                0x080083ac        0x2 build/startup_stm32f407xx.o
                0x080083ac                DMA1_Stream3_IRQHandler
                0x080083ac                HASH_RNG_IRQHandler
                0x080083ac                EXTI2_IRQHandler
                0x080083ac                TIM8_CC_IRQHandler
                0x080083ac                TIM1_CC_IRQHandler
                0x080083ac                DMA2_Stream5_IRQHandler
                0x080083ac                DMA1_Stream5_IRQHandler
                0x080083ac                PVD_IRQHandler
                0x080083ac                SDIO_IRQHandler
                0x080083ac                TAMP_STAMP_IRQHandler
                0x080083ac                CAN2_RX1_IRQHandler
                0x080083ac                TIM8_TRG_COM_TIM14_IRQHandler
                0x080083ac                I2C3_ER_IRQHandler
                0x080083ac                I2C2_EV_IRQHandler
                0x080083ac                DMA1_Stream2_IRQHandler
                0x080083ac                FPU_IRQHandler
                0x080083ac                OTG_HS_WKUP_IRQHandler
                0x080083ac                CAN2_SCE_IRQHandler
                0x080083ac                SPI1_IRQHandler
                0x080083ac                TIM6_DAC_IRQHandler
                0x080083ac                TIM1_BRK_TIM9_IRQHandler
                0x080083ac                DCMI_IRQHandler
                0x080083ac                CAN2_RX0_IRQHandler
                0x080083ac                DMA2_Stream3_IRQHandler
                0x080083ac                USART3_IRQHandler
                0x080083ac                CAN1_RX1_IRQHandler
                0x080083ac                UART5_IRQHandler
                0x080083ac                DMA2_Stream0_IRQHandler
                0x080083ac                I2C1_EV_IRQHandler
                0x080083ac                DMA1_Stream6_IRQHandler
                0x080083ac                DMA1_Stream1_IRQHandler
                0x080083ac                UART4_IRQHandler
                0x080083ac                TIM3_IRQHandler
                0x080083ac                RCC_IRQHandler
                0x080083ac                TIM8_BRK_TIM12_IRQHandler
                0x080083ac                Default_Handler
                0x080083ac                EXTI15_10_IRQHandler
                0x080083ac                ADC_IRQHandler
                0x080083ac                DMA1_Stream7_IRQHandler
                0x080083ac                TIM7_IRQHandler
                0x080083ac                CAN2_TX_IRQHandler
                0x080083ac                TIM5_IRQHandler
                0x080083ac                I2C3_EV_IRQHandler
                0x080083ac                EXTI9_5_IRQHandler
                0x080083ac                RTC_WKUP_IRQHandler
                0x080083ac                ETH_WKUP_IRQHandler
                0x080083ac                SPI2_IRQHandler
                0x080083ac                OTG_HS_EP1_IN_IRQHandler
                0x080083ac                DMA1_Stream0_IRQHandler
                0x080083ac                CAN1_TX_IRQHandler
                0x080083ac                EXTI4_IRQHandler
                0x080083ac                FSMC_IRQHandler
                0x080083ac                ETH_IRQHandler
                0x080083ac                OTG_HS_EP1_OUT_IRQHandler
                0x080083ac                WWDG_IRQHandler
                0x080083ac                TIM2_IRQHandler
                0x080083ac                OTG_FS_WKUP_IRQHandler
                0x080083ac                TIM1_TRG_COM_TIM11_IRQHandler
                0x080083ac                OTG_HS_IRQHandler
                0x080083ac                EXTI1_IRQHandler
                0x080083ac                USART2_IRQHandler
                0x080083ac                I2C2_ER_IRQHandler
                0x080083ac                DMA2_Stream1_IRQHandler
                0x080083ac                CAN1_SCE_IRQHandler
                0x080083ac                FLASH_IRQHandler
                0x080083ac                DMA2_Stream4_IRQHandler
                0x080083ac                OTG_FS_IRQHandler
                0x080083ac                SPI3_IRQHandler
                0x080083ac                DMA1_Stream4_IRQHandler
                0x080083ac                I2C1_ER_IRQHandler
                0x080083ac                RTC_Alarm_IRQHandler
 .text.__cvt    0x080083ae       0xca /Applications/ArmGNUToolchain/13.3.rel1/arm-none-eabi/bin/../lib/gcc/arm-none-eabi/13.3.1/../../../../arm-none-eabi/lib/thumb/v7e-m+fp/hard/libc_nano.a(libc_a-nano-vfprintf_float.o)
                0x080083ae                __cvt
 .text.__exponent
                0x08008478       0x74 /Applications/ArmGNUToolchain/13.3.rel1/arm-none-eabi/bin/../lib/gcc/arm-none-eabi/13.3.1/../../../../arm-none-eabi/lib/thumb/v7e-m+fp/hard/libc_nano.a(libc_a-nano-vfprintf_float.o)
                0x08008478                __exponent
 .text._printf_float
                0x080084ec      0x454 /Applications/ArmGNUToolchain/13.3.rel1/arm-none-eabi/bin/../lib/gcc/arm-none-eabi/13.3.1/../../../../arm-none-eabi/lib/thumb/v7e-m+fp/hard/libc_nano.a(libc_a-nano-vfprintf_float.o)
                0x080084ec                _printf_float
 .text._printf_common
                0x08008940       0xda /Applications/ArmGNUToolchain/13.3.rel1/arm-none-eabi/bin/../lib/gcc/arm-none-eabi/13.3.1/../../../../arm-none-eabi/lib/thumb/v7e-m+fp/hard/libc_nano.a(libc_a-nano-vfprintf_i.o)
                0x08008940                _printf_common
 *fill*         0x08008a1a        0x2 
 .text._printf_i
                0x08008a1c      0x23c /Applications/ArmGNUToolchain/13.3.rel1/arm-none-eabi/bin/../lib/gcc/arm-none-eabi/13.3.1/../../../../arm-none-eabi/lib/thumb/v7e-m+fp/hard/libc_nano.a(libc_a-nano-vfprintf_i.o)
                0x08008a1c                _printf_i
 .text._scanf_float
                0x08008c58      0x428 /Applications/ArmGNUToolchain/13.3.rel1/arm-none-eabi/bin/../lib/gcc/arm-none-eabi/13.3.1/../../../../arm-none-eabi/lib/thumb/v7e-m+fp/hard/libc_nano.a(libc_a-nano-vfscanf_float.o)
                0x08008c58                _scanf_float
 .text.snprintf
                0x08009080       0x6c /Applications/ArmGNUToolchain/13.3.rel1/arm-none-eabi/bin/../lib/gcc/arm-none-eabi/13.3.1/../../../../arm-none-eabi/lib/thumb/v7e-m+fp/hard/libc_nano.a(libc_a-snprintf.o)
                0x08009080                snprintf
                0x08009080                sniprintf
 .text.sprintf  0x080090ec       0x44 /Applications/ArmGNUToolchain/13.3.rel1/arm-none-eabi/bin/../lib/gcc/arm-none-eabi/13.3.1/../../../../arm-none-eabi/lib/thumb/v7e-m+fp/hard/libc_nano.a(libc_a-sprintf.o)
                0x080090ec                sprintf
                0x080090ec                siprintf
 .text.sscanf   0x08009130       0x58 /Applications/ArmGNUToolchain/13.3.rel1/arm-none-eabi/bin/../lib/gcc/arm-none-eabi/13.3.1/../../../../arm-none-eabi/lib/thumb/v7e-m+fp/hard/libc_nano.a(libc_a-sscanf.o)
                0x08009130                sscanf
                0x08009130                siscanf
 .text.__sread  0x08009188       0x22 /Applications/ArmGNUToolchain/13.3.rel1/arm-none-eabi/bin/../lib/gcc/arm-none-eabi/13.3.1/../../../../arm-none-eabi/lib/thumb/v7e-m+fp/hard/libc_nano.a(libc_a-stdio.o)
                0x08009188                __sread
 .text.__seofread
                0x080091aa        0x4 /Applications/ArmGNUToolchain/13.3.rel1/arm-none-eabi/bin/../lib/gcc/arm-none-eabi/13.3.1/../../../../arm-none-eabi/lib/thumb/v7e-m+fp/hard/libc_nano.a(libc_a-stdio.o)
                0x080091aa                __seofread
 .text.__swrite
                0x080091ae       0x38 /Applications/ArmGNUToolchain/13.3.rel1/arm-none-eabi/bin/../lib/gcc/arm-none-eabi/13.3.1/../../../../arm-none-eabi/lib/thumb/v7e-m+fp/hard/libc_nano.a(libc_a-stdio.o)
                0x080091ae                __swrite
 .text.__sseek  0x080091e6       0x24 /Applications/ArmGNUToolchain/13.3.rel1/arm-none-eabi/bin/../lib/gcc/arm-none-eabi/13.3.1/../../../../arm-none-eabi/lib/thumb/v7e-m+fp/hard/libc_nano.a(libc_a-stdio.o)
                0x080091e6                __sseek
 .text.__sclose
                0x0800920a        0x8 /Applications/ArmGNUToolchain/13.3.rel1/arm-none-eabi/bin/../lib/gcc/arm-none-eabi/13.3.1/../../../../arm-none-eabi/lib/thumb/v7e-m+fp/hard/libc_nano.a(libc_a-stdio.o)
                0x0800920a                __sclose
 *fill*         0x08009212        0x2 
 .text.std      0x08009214       0x6c /Applications/ArmGNUToolchain/13.3.rel1/arm-none-eabi/bin/../lib/gcc/arm-none-eabi/13.3.1/../../../../arm-none-eabi/lib/thumb/v7e-m+fp/hard/libc_nano.a(libc_a-findfp.o)
 .text.stdio_exit_handler
                0x08009280       0x18 /Applications/ArmGNUToolchain/13.3.rel1/arm-none-eabi/bin/../lib/gcc/arm-none-eabi/13.3.1/../../../../arm-none-eabi/lib/thumb/v7e-m+fp/hard/libc_nano.a(libc_a-findfp.o)
 .text.cleanup_stdio
                0x08009298       0x40 /Applications/ArmGNUToolchain/13.3.rel1/arm-none-eabi/bin/../lib/gcc/arm-none-eabi/13.3.1/../../../../arm-none-eabi/lib/thumb/v7e-m+fp/hard/libc_nano.a(libc_a-findfp.o)
 .text.global_stdio_init.part.0
                0x080092d8       0x3c /Applications/ArmGNUToolchain/13.3.rel1/arm-none-eabi/bin/../lib/gcc/arm-none-eabi/13.3.1/../../../../arm-none-eabi/lib/thumb/v7e-m+fp/hard/libc_nano.a(libc_a-findfp.o)
 .text.__sfp_lock_acquire
                0x08009314        0xc /Applications/ArmGNUToolchain/13.3.rel1/arm-none-eabi/bin/../lib/gcc/arm-none-eabi/13.3.1/../../../../arm-none-eabi/lib/thumb/v7e-m+fp/hard/libc_nano.a(libc_a-findfp.o)
                0x08009314                __sfp_lock_acquire
 .text.__sfp_lock_release
                0x08009320        0xc /Applications/ArmGNUToolchain/13.3.rel1/arm-none-eabi/bin/../lib/gcc/arm-none-eabi/13.3.1/../../../../arm-none-eabi/lib/thumb/v7e-m+fp/hard/libc_nano.a(libc_a-findfp.o)
                0x08009320                __sfp_lock_release
 .text.__sinit  0x0800932c       0x30 /Applications/ArmGNUToolchain/13.3.rel1/arm-none-eabi/bin/../lib/gcc/arm-none-eabi/13.3.1/../../../../arm-none-eabi/lib/thumb/v7e-m+fp/hard/libc_nano.a(libc_a-findfp.o)
                0x0800932c                __sinit
 .text._vsprintf_r
                0x0800935c       0x2c /Applications/ArmGNUToolchain/13.3.rel1/arm-none-eabi/bin/../lib/gcc/arm-none-eabi/13.3.1/../../../../arm-none-eabi/lib/thumb/v7e-m+fp/hard/libc_nano.a(libc_a-vsprintf.o)
                0x0800935c                _vsiprintf_r
                0x0800935c                _vsprintf_r
 .text.vsprintf
                0x08009388       0x14 /Applications/ArmGNUToolchain/13.3.rel1/arm-none-eabi/bin/../lib/gcc/arm-none-eabi/13.3.1/../../../../arm-none-eabi/lib/thumb/v7e-m+fp/hard/libc_nano.a(libc_a-vsprintf.o)
                0x08009388                vsprintf
                0x08009388                vsiprintf
 .text.sulp     0x0800939c       0x3c /Applications/ArmGNUToolchain/13.3.rel1/arm-none-eabi/bin/../lib/gcc/arm-none-eabi/13.3.1/../../../../arm-none-eabi/lib/thumb/v7e-m+fp/hard/libc_nano.a(libc_a-strtod.o)
 .text._strtod_l
                0x080093d8      0xbc8 /Applications/ArmGNUToolchain/13.3.rel1/arm-none-eabi/bin/../lib/gcc/arm-none-eabi/13.3.1/../../../../arm-none-eabi/lib/thumb/v7e-m+fp/hard/libc_nano.a(libc_a-strtod.o)
                0x080093d8                _strtod_l
 .text._strtod_r
                0x08009fa0        0xc /Applications/ArmGNUToolchain/13.3.rel1/arm-none-eabi/bin/../lib/gcc/arm-none-eabi/13.3.1/../../../../arm-none-eabi/lib/thumb/v7e-m+fp/hard/libc_nano.a(libc_a-strtod.o)
                0x08009fa0                _strtod_r
 .text._strtol_l.isra.0
                0x08009fac       0xf4 /Applications/ArmGNUToolchain/13.3.rel1/arm-none-eabi/bin/../lib/gcc/arm-none-eabi/13.3.1/../../../../arm-none-eabi/lib/thumb/v7e-m+fp/hard/libc_nano.a(libc_a-strtol.o)
 .text._strtol_r
                0x0800a0a0        0x4 /Applications/ArmGNUToolchain/13.3.rel1/arm-none-eabi/bin/../lib/gcc/arm-none-eabi/13.3.1/../../../../arm-none-eabi/lib/thumb/v7e-m+fp/hard/libc_nano.a(libc_a-strtol.o)
                0x0800a0a0                _strtol_r
 .text._fwalk_sglue
                0x0800a0a4       0x3c /Applications/ArmGNUToolchain/13.3.rel1/arm-none-eabi/bin/../lib/gcc/arm-none-eabi/13.3.1/../../../../arm-none-eabi/lib/thumb/v7e-m+fp/hard/libc_nano.a(libc_a-fwalk.o)
                0x0800a0a4                _fwalk_sglue
 .text.memset   0x0800a0e0       0x10 /Applications/ArmGNUToolchain/13.3.rel1/arm-none-eabi/bin/../lib/gcc/arm-none-eabi/13.3.1/../../../../arm-none-eabi/lib/thumb/v7e-m+fp/hard/libc_nano.a(libc_a-memset.o)
                0x0800a0e0                memset
 .text.strncmp  0x0800a0f0       0x24 /Applications/ArmGNUToolchain/13.3.rel1/arm-none-eabi/bin/../lib/gcc/arm-none-eabi/13.3.1/../../../../arm-none-eabi/lib/thumb/v7e-m+fp/hard/libc_nano.a(libc_a-strncmp.o)
                0x0800a0f0                strncmp
 .text._lseek_r
                0x0800a114       0x24 /Applications/ArmGNUToolchain/13.3.rel1/arm-none-eabi/bin/../lib/gcc/arm-none-eabi/13.3.1/../../../../arm-none-eabi/lib/thumb/v7e-m+fp/hard/libc_nano.a(libc_a-lseekr.o)
                0x0800a114                _lseek_r
 .text._read_r  0x0800a138       0x24 /Applications/ArmGNUToolchain/13.3.rel1/arm-none-eabi/bin/../lib/gcc/arm-none-eabi/13.3.1/../../../../arm-none-eabi/lib/thumb/v7e-m+fp/hard/libc_nano.a(libc_a-readr.o)
                0x0800a138                _read_r
 .text._write_r
                0x0800a15c       0x24 /Applications/ArmGNUToolchain/13.3.rel1/arm-none-eabi/bin/../lib/gcc/arm-none-eabi/13.3.1/../../../../arm-none-eabi/lib/thumb/v7e-m+fp/hard/libc_nano.a(libc_a-writer.o)
                0x0800a15c                _write_r
 .text.__errno  0x0800a180        0xc /Applications/ArmGNUToolchain/13.3.rel1/arm-none-eabi/bin/../lib/gcc/arm-none-eabi/13.3.1/../../../../arm-none-eabi/lib/thumb/v7e-m+fp/hard/libc_nano.a(libc_a-errno.o)
                0x0800a180                __errno
 .text.__libc_init_array
                0x0800a18c       0x48 /Applications/ArmGNUToolchain/13.3.rel1/arm-none-eabi/bin/../lib/gcc/arm-none-eabi/13.3.1/../../../../arm-none-eabi/lib/thumb/v7e-m+fp/hard/libc_nano.a(libc_a-init.o)
                0x0800a18c                __libc_init_array
 .text.__retarget_lock_init_recursive
                0x0800a1d4        0x2 /Applications/ArmGNUToolchain/13.3.rel1/arm-none-eabi/bin/../lib/gcc/arm-none-eabi/13.3.1/../../../../arm-none-eabi/lib/thumb/v7e-m+fp/hard/libc_nano.a(libc_a-lock.o)
                0x0800a1d4                __retarget_lock_init_recursive
 .text.__retarget_lock_acquire_recursive
                0x0800a1d6        0x2 /Applications/ArmGNUToolchain/13.3.rel1/arm-none-eabi/bin/../lib/gcc/arm-none-eabi/13.3.1/../../../../arm-none-eabi/lib/thumb/v7e-m+fp/hard/libc_nano.a(libc_a-lock.o)
                0x0800a1d6                __retarget_lock_acquire_recursive
 .text.__retarget_lock_release_recursive
                0x0800a1d8        0x2 /Applications/ArmGNUToolchain/13.3.rel1/arm-none-eabi/bin/../lib/gcc/arm-none-eabi/13.3.1/../../../../arm-none-eabi/lib/thumb/v7e-m+fp/hard/libc_nano.a(libc_a-lock.o)
                0x0800a1d8                __retarget_lock_release_recursive
 *fill*         0x0800a1da        0x2 
 .text._localeconv_r
                0x0800a1dc        0x8 /Applications/ArmGNUToolchain/13.3.rel1/arm-none-eabi/bin/../lib/gcc/arm-none-eabi/13.3.1/../../../../arm-none-eabi/lib/thumb/v7e-m+fp/hard/libc_nano.a(libc_a-localeconv.o)
                0x0800a1dc                _localeconv_r
 .text._close_r
                0x0800a1e4       0x20 /Applications/ArmGNUToolchain/13.3.rel1/arm-none-eabi/bin/../lib/gcc/arm-none-eabi/13.3.1/../../../../arm-none-eabi/lib/thumb/v7e-m+fp/hard/libc_nano.a(libc_a-closer.o)
                0x0800a1e4                _close_r
 .text.memcpy   0x0800a204       0x1c /Applications/ArmGNUToolchain/13.3.rel1/arm-none-eabi/bin/../lib/gcc/arm-none-eabi/13.3.1/../../../../arm-none-eabi/lib/thumb/v7e-m+fp/hard/libc_nano.a(libc_a-memcpy-stub.o)
                0x0800a204                memcpy
 .text.nan      0x0800a220       0x10 /Applications/ArmGNUToolchain/13.3.rel1/arm-none-eabi/bin/../lib/gcc/arm-none-eabi/13.3.1/../../../../arm-none-eabi/lib/thumb/v7e-m+fp/hard/libc_nano.a(libm_a-s_nan.o)
                0x0800a220                nan
 .text.nanf     0x0800a230        0xc /Applications/ArmGNUToolchain/13.3.rel1/arm-none-eabi/bin/../lib/gcc/arm-none-eabi/13.3.1/../../../../arm-none-eabi/lib/thumb/v7e-m+fp/hard/libc_nano.a(libm_a-sf_nan.o)
                0x0800a230                nanf
 .text.quorem   0x0800a23c      0x110 /Applications/ArmGNUToolchain/13.3.rel1/arm-none-eabi/bin/../lib/gcc/arm-none-eabi/13.3.1/../../../../arm-none-eabi/lib/thumb/v7e-m+fp/hard/libc_nano.a(libc_a-dtoa.o)
 *fill*         0x0800a34c        0x4 
 .text._dtoa_r  0x0800a350      0xb74 /Applications/ArmGNUToolchain/13.3.rel1/arm-none-eabi/bin/../lib/gcc/arm-none-eabi/13.3.1/../../../../arm-none-eabi/lib/thumb/v7e-m+fp/hard/libc_nano.a(libc_a-dtoa.o)
                0x0800a350                _dtoa_r
 .text._free_r  0x0800aec4       0x94 /Applications/ArmGNUToolchain/13.3.rel1/arm-none-eabi/bin/../lib/gcc/arm-none-eabi/13.3.1/../../../../arm-none-eabi/lib/thumb/v7e-m+fp/hard/libc_nano.a(libc_a-freer.o)
                0x0800aec4                _free_r
 .text.rshift   0x0800af58       0xa4 /Applications/ArmGNUToolchain/13.3.rel1/arm-none-eabi/bin/../lib/gcc/arm-none-eabi/13.3.1/../../../../arm-none-eabi/lib/thumb/v7e-m+fp/hard/libc_nano.a(libc_a-gdtoa-gethex.o)
 .text.__hexdig_fun
                0x0800affc       0x2a /Applications/ArmGNUToolchain/13.3.rel1/arm-none-eabi/bin/../lib/gcc/arm-none-eabi/13.3.1/../../../../arm-none-eabi/lib/thumb/v7e-m+fp/hard/libc_nano.a(libc_a-gdtoa-gethex.o)
                0x0800affc                __hexdig_fun
 *fill*         0x0800b026        0x2 
 .text.__gethex
                0x0800b028      0x420 /Applications/ArmGNUToolchain/13.3.rel1/arm-none-eabi/bin/../lib/gcc/arm-none-eabi/13.3.1/../../../../arm-none-eabi/lib/thumb/v7e-m+fp/hard/libc_nano.a(libc_a-gdtoa-gethex.o)
                0x0800b028                __gethex
 .text.L_shift  0x0800b448       0x24 /Applications/ArmGNUToolchain/13.3.rel1/arm-none-eabi/bin/../lib/gcc/arm-none-eabi/13.3.1/../../../../arm-none-eabi/lib/thumb/v7e-m+fp/hard/libc_nano.a(libc_a-gdtoa-hexnan.o)
 .text.__match  0x0800b46c       0x28 /Applications/ArmGNUToolchain/13.3.rel1/arm-none-eabi/bin/../lib/gcc/arm-none-eabi/13.3.1/../../../../arm-none-eabi/lib/thumb/v7e-m+fp/hard/libc_nano.a(libc_a-gdtoa-hexnan.o)
                0x0800b46c                __match
 .text.__hexnan
                0x0800b494      0x136 /Applications/ArmGNUToolchain/13.3.rel1/arm-none-eabi/bin/../lib/gcc/arm-none-eabi/13.3.1/../../../../arm-none-eabi/lib/thumb/v7e-m+fp/hard/libc_nano.a(libc_a-gdtoa-hexnan.o)
                0x0800b494                __hexnan
 .text.__ssputs_r
                0x0800b5ca       0xb6 /Applications/ArmGNUToolchain/13.3.rel1/arm-none-eabi/bin/../lib/gcc/arm-none-eabi/13.3.1/../../../../arm-none-eabi/lib/thumb/v7e-m+fp/hard/libc_nano.a(libc_a-nano-svfprintf.o)
                0x0800b5ca                __ssputs_r
 .text._svfprintf_r
                0x0800b680      0x1f8 /Applications/ArmGNUToolchain/13.3.rel1/arm-none-eabi/bin/../lib/gcc/arm-none-eabi/13.3.1/../../../../arm-none-eabi/lib/thumb/v7e-m+fp/hard/libc_nano.a(libc_a-nano-svfprintf.o)
                0x0800b680                _svfprintf_r
                0x0800b680                _svfiprintf_r
 .text._sungetc_r
                0x0800b878       0x7a /Applications/ArmGNUToolchain/13.3.rel1/arm-none-eabi/bin/../lib/gcc/arm-none-eabi/13.3.1/../../../../arm-none-eabi/lib/thumb/v7e-m+fp/hard/libc_nano.a(libc_a-nano-svfscanf.o)
                0x0800b878                _sungetc_r
 .text.__ssrefill_r
                0x0800b8f2       0x3a /Applications/ArmGNUToolchain/13.3.rel1/arm-none-eabi/bin/../lib/gcc/arm-none-eabi/13.3.1/../../../../arm-none-eabi/lib/thumb/v7e-m+fp/hard/libc_nano.a(libc_a-nano-svfscanf.o)
                0x0800b8f2                __ssrefill_r
 .text.__ssvfscanf_r
                0x0800b92c      0x2ec /Applications/ArmGNUToolchain/13.3.rel1/arm-none-eabi/bin/../lib/gcc/arm-none-eabi/13.3.1/../../../../arm-none-eabi/lib/thumb/v7e-m+fp/hard/libc_nano.a(libc_a-nano-svfscanf.o)
                0x0800b92c                __ssvfscanf_r
                0x0800b92c                __ssvfiscanf_r
 .text.__sfputc_r
                0x0800bc18       0x2e /Applications/ArmGNUToolchain/13.3.rel1/arm-none-eabi/bin/../lib/gcc/arm-none-eabi/13.3.1/../../../../arm-none-eabi/lib/thumb/v7e-m+fp/hard/libc_nano.a(libc_a-nano-vfprintf.o)
 .text.__sfputs_r
                0x0800bc46       0x24 /Applications/ArmGNUToolchain/13.3.rel1/arm-none-eabi/bin/../lib/gcc/arm-none-eabi/13.3.1/../../../../arm-none-eabi/lib/thumb/v7e-m+fp/hard/libc_nano.a(libc_a-nano-vfprintf.o)
                0x0800bc46                __sfputs_r
 *fill*         0x0800bc6a        0x2 
 .text._vfprintf_r
                0x0800bc6c      0x230 /Applications/ArmGNUToolchain/13.3.rel1/arm-none-eabi/bin/../lib/gcc/arm-none-eabi/13.3.1/../../../../arm-none-eabi/lib/thumb/v7e-m+fp/hard/libc_nano.a(libc_a-nano-vfprintf.o)
                0x0800bc6c                _vfiprintf_r
                0x0800bc6c                _vfprintf_r
 .text.malloc   0x0800be9c       0x10 /Applications/ArmGNUToolchain/13.3.rel1/arm-none-eabi/bin/../lib/gcc/arm-none-eabi/13.3.1/../../../../arm-none-eabi/lib/thumb/v7e-m+fp/hard/libc_nano.a(libc_a-malloc.o)
                0x0800be9c                malloc
 .text.sbrk_aligned
                0x0800beac       0x44 /Applications/ArmGNUToolchain/13.3.rel1/arm-none-eabi/bin/../lib/gcc/arm-none-eabi/13.3.1/../../../../arm-none-eabi/lib/thumb/v7e-m+fp/hard/libc_nano.a(libc_a-mallocr.o)
 .text._malloc_r
                0x0800bef0      0x100 /Applications/ArmGNUToolchain/13.3.rel1/arm-none-eabi/bin/../lib/gcc/arm-none-eabi/13.3.1/../../../../arm-none-eabi/lib/thumb/v7e-m+fp/hard/libc_nano.a(libc_a-mallocr.o)
                0x0800bef0                _malloc_r
 .text.__ascii_mbtowc
                0x0800bff0       0x24 /Applications/ArmGNUToolchain/13.3.rel1/arm-none-eabi/bin/../lib/gcc/arm-none-eabi/13.3.1/../../../../arm-none-eabi/lib/thumb/v7e-m+fp/hard/libc_nano.a(libc_a-mbtowc_r.o)
                0x0800bff0                __ascii_mbtowc
 .text._scanf_chars
                0x0800c014       0xb4 /Applications/ArmGNUToolchain/13.3.rel1/arm-none-eabi/bin/../lib/gcc/arm-none-eabi/13.3.1/../../../../arm-none-eabi/lib/thumb/v7e-m+fp/hard/libc_nano.a(libc_a-nano-vfscanf_i.o)
                0x0800c014                _scanf_chars
 .text._scanf_i
                0x0800c0c8      0x1e8 /Applications/ArmGNUToolchain/13.3.rel1/arm-none-eabi/bin/../lib/gcc/arm-none-eabi/13.3.1/../../../../arm-none-eabi/lib/thumb/v7e-m+fp/hard/libc_nano.a(libc_a-nano-vfscanf_i.o)
                0x0800c0c8                _scanf_i
 .text.__sccl   0x0800c2b0       0x72 /Applications/ArmGNUToolchain/13.3.rel1/arm-none-eabi/bin/../lib/gcc/arm-none-eabi/13.3.1/../../../../arm-none-eabi/lib/thumb/v7e-m+fp/hard/libc_nano.a(libc_a-sccl.o)
                0x0800c2b0                __sccl
 *fill*         0x0800c322        0x2 
 .text.__sflush_r
                0x0800c324      0x108 /Applications/ArmGNUToolchain/13.3.rel1/arm-none-eabi/bin/../lib/gcc/arm-none-eabi/13.3.1/../../../../arm-none-eabi/lib/thumb/v7e-m+fp/hard/libc_nano.a(libc_a-fflush.o)
                0x0800c324                __sflush_r
 .text._fflush_r
                0x0800c42c       0x50 /Applications/ArmGNUToolchain/13.3.rel1/arm-none-eabi/bin/../lib/gcc/arm-none-eabi/13.3.1/../../../../arm-none-eabi/lib/thumb/v7e-m+fp/hard/libc_nano.a(libc_a-fflush.o)
                0x0800c42c                _fflush_r
 .text.__malloc_lock
                0x0800c47c        0xc /Applications/ArmGNUToolchain/13.3.rel1/arm-none-eabi/bin/../lib/gcc/arm-none-eabi/13.3.1/../../../../arm-none-eabi/lib/thumb/v7e-m+fp/hard/libc_nano.a(libc_a-mlock.o)
                0x0800c47c                __malloc_lock
 .text.__malloc_unlock
                0x0800c488        0xc /Applications/ArmGNUToolchain/13.3.rel1/arm-none-eabi/bin/../lib/gcc/arm-none-eabi/13.3.1/../../../../arm-none-eabi/lib/thumb/v7e-m+fp/hard/libc_nano.a(libc_a-mlock.o)
                0x0800c488                __malloc_unlock
 .text._Balloc  0x0800c494       0x80 /Applications/ArmGNUToolchain/13.3.rel1/arm-none-eabi/bin/../lib/gcc/arm-none-eabi/13.3.1/../../../../arm-none-eabi/lib/thumb/v7e-m+fp/hard/libc_nano.a(libc_a-mprec.o)
                0x0800c494                _Balloc
 .text._Bfree   0x0800c514       0x44 /Applications/ArmGNUToolchain/13.3.rel1/arm-none-eabi/bin/../lib/gcc/arm-none-eabi/13.3.1/../../../../arm-none-eabi/lib/thumb/v7e-m+fp/hard/libc_nano.a(libc_a-mprec.o)
                0x0800c514                _Bfree
 .text.__multadd
                0x0800c558       0x8c /Applications/ArmGNUToolchain/13.3.rel1/arm-none-eabi/bin/../lib/gcc/arm-none-eabi/13.3.1/../../../../arm-none-eabi/lib/thumb/v7e-m+fp/hard/libc_nano.a(libc_a-mprec.o)
                0x0800c558                __multadd
 .text.__s2b    0x0800c5e4       0x94 /Applications/ArmGNUToolchain/13.3.rel1/arm-none-eabi/bin/../lib/gcc/arm-none-eabi/13.3.1/../../../../arm-none-eabi/lib/thumb/v7e-m+fp/hard/libc_nano.a(libc_a-mprec.o)
                0x0800c5e4                __s2b
 .text.__hi0bits
                0x0800c678       0x3e /Applications/ArmGNUToolchain/13.3.rel1/arm-none-eabi/bin/../lib/gcc/arm-none-eabi/13.3.1/../../../../arm-none-eabi/lib/thumb/v7e-m+fp/hard/libc_nano.a(libc_a-mprec.o)
                0x0800c678                __hi0bits
 .text.__lo0bits
                0x0800c6b6       0x5a /Applications/ArmGNUToolchain/13.3.rel1/arm-none-eabi/bin/../lib/gcc/arm-none-eabi/13.3.1/../../../../arm-none-eabi/lib/thumb/v7e-m+fp/hard/libc_nano.a(libc_a-mprec.o)
                0x0800c6b6                __lo0bits
 .text.__i2b    0x0800c710       0x2c /Applications/ArmGNUToolchain/13.3.rel1/arm-none-eabi/bin/../lib/gcc/arm-none-eabi/13.3.1/../../../../arm-none-eabi/lib/thumb/v7e-m+fp/hard/libc_nano.a(libc_a-mprec.o)
                0x0800c710                __i2b
 .text.__multiply
                0x0800c73c      0x144 /Applications/ArmGNUToolchain/13.3.rel1/arm-none-eabi/bin/../lib/gcc/arm-none-eabi/13.3.1/../../../../arm-none-eabi/lib/thumb/v7e-m+fp/hard/libc_nano.a(libc_a-mprec.o)
                0x0800c73c                __multiply
 .text.__pow5mult
                0x0800c880       0xb4 /Applications/ArmGNUToolchain/13.3.rel1/arm-none-eabi/bin/../lib/gcc/arm-none-eabi/13.3.1/../../../../arm-none-eabi/lib/thumb/v7e-m+fp/hard/libc_nano.a(libc_a-mprec.o)
                0x0800c880                __pow5mult
 .text.__lshift
                0x0800c934       0xd8 /Applications/ArmGNUToolchain/13.3.rel1/arm-none-eabi/bin/../lib/gcc/arm-none-eabi/13.3.1/../../../../arm-none-eabi/lib/thumb/v7e-m+fp/hard/libc_nano.a(libc_a-mprec.o)
                0x0800c934                __lshift
 .text.__mcmp   0x0800ca0c       0x36 /Applications/ArmGNUToolchain/13.3.rel1/arm-none-eabi/bin/../lib/gcc/arm-none-eabi/13.3.1/../../../../arm-none-eabi/lib/thumb/v7e-m+fp/hard/libc_nano.a(libc_a-mprec.o)
                0x0800ca0c                __mcmp
 *fill*         0x0800ca42        0x2 
 .text.__mdiff  0x0800ca44      0x128 /Applications/ArmGNUToolchain/13.3.rel1/arm-none-eabi/bin/../lib/gcc/arm-none-eabi/13.3.1/../../../../arm-none-eabi/lib/thumb/v7e-m+fp/hard/libc_nano.a(libc_a-mprec.o)
                0x0800ca44                __mdiff
 .text.__ulp    0x0800cb6c       0x4c /Applications/ArmGNUToolchain/13.3.rel1/arm-none-eabi/bin/../lib/gcc/arm-none-eabi/13.3.1/../../../../arm-none-eabi/lib/thumb/v7e-m+fp/hard/libc_nano.a(libc_a-mprec.o)
                0x0800cb6c                __ulp
 .text.__b2d    0x0800cbb8       0x94 /Applications/ArmGNUToolchain/13.3.rel1/arm-none-eabi/bin/../lib/gcc/arm-none-eabi/13.3.1/../../../../arm-none-eabi/lib/thumb/v7e-m+fp/hard/libc_nano.a(libc_a-mprec.o)
                0x0800cbb8                __b2d
 .text.__d2b    0x0800cc4c       0xb0 /Applications/ArmGNUToolchain/13.3.rel1/arm-none-eabi/bin/../lib/gcc/arm-none-eabi/13.3.1/../../../../arm-none-eabi/lib/thumb/v7e-m+fp/hard/libc_nano.a(libc_a-mprec.o)
                0x0800cc4c                __d2b
 .text.__ratio  0x0800ccfc       0x64 /Applications/ArmGNUToolchain/13.3.rel1/arm-none-eabi/bin/../lib/gcc/arm-none-eabi/13.3.1/../../../../arm-none-eabi/lib/thumb/v7e-m+fp/hard/libc_nano.a(libc_a-mprec.o)
                0x0800ccfc                __ratio
 .text.__copybits
                0x0800cd60       0x46 /Applications/ArmGNUToolchain/13.3.rel1/arm-none-eabi/bin/../lib/gcc/arm-none-eabi/13.3.1/../../../../arm-none-eabi/lib/thumb/v7e-m+fp/hard/libc_nano.a(libc_a-mprec.o)
                0x0800cd60                __copybits
 .text.__any_on
                0x0800cda6       0x42 /Applications/ArmGNUToolchain/13.3.rel1/arm-none-eabi/bin/../lib/gcc/arm-none-eabi/13.3.1/../../../../arm-none-eabi/lib/thumb/v7e-m+fp/hard/libc_nano.a(libc_a-mprec.o)
                0x0800cda6                __any_on
 .text.__submore
                0x0800cde8       0x74 /Applications/ArmGNUToolchain/13.3.rel1/arm-none-eabi/bin/../lib/gcc/arm-none-eabi/13.3.1/../../../../arm-none-eabi/lib/thumb/v7e-m+fp/hard/libc_nano.a(libc_a-ungetc.o)
                0x0800cde8                __submore
 .text._realloc_r
                0x0800ce5c       0x5c /Applications/ArmGNUToolchain/13.3.rel1/arm-none-eabi/bin/../lib/gcc/arm-none-eabi/13.3.1/../../../../arm-none-eabi/lib/thumb/v7e-m+fp/hard/libc_nano.a(libc_a-reallocr.o)
                0x0800ce5c                _realloc_r
 .text.__swbuf_r
                0x0800ceb8       0x7c /Applications/ArmGNUToolchain/13.3.rel1/arm-none-eabi/bin/../lib/gcc/arm-none-eabi/13.3.1/../../../../arm-none-eabi/lib/thumb/v7e-m+fp/hard/libc_nano.a(libc_a-wbuf.o)
                0x0800ceb8                __swbuf_r
 .text._strtoul_l.isra.0
                0x0800cf34       0xdc /Applications/ArmGNUToolchain/13.3.rel1/arm-none-eabi/bin/../lib/gcc/arm-none-eabi/13.3.1/../../../../arm-none-eabi/lib/thumb/v7e-m+fp/hard/libc_nano.a(libc_a-strtoul.o)
 .text._strtoul_r
                0x0800d010        0x4 /Applications/ArmGNUToolchain/13.3.rel1/arm-none-eabi/bin/../lib/gcc/arm-none-eabi/13.3.1/../../../../arm-none-eabi/lib/thumb/v7e-m+fp/hard/libc_nano.a(libc_a-strtoul.o)
                0x0800d010                _strtoul_r
 .text.__swsetup_r
                0x0800d014       0xac /Applications/ArmGNUToolchain/13.3.rel1/arm-none-eabi/bin/../lib/gcc/arm-none-eabi/13.3.1/../../../../arm-none-eabi/lib/thumb/v7e-m+fp/hard/libc_nano.a(libc_a-wsetup.o)
                0x0800d014                __swsetup_r
 .text.__ascii_wctomb
                0x0800d0c0       0x1a /Applications/ArmGNUToolchain/13.3.rel1/arm-none-eabi/bin/../lib/gcc/arm-none-eabi/13.3.1/../../../../arm-none-eabi/lib/thumb/v7e-m+fp/hard/libc_nano.a(libc_a-wctomb_r.o)
                0x0800d0c0                __ascii_wctomb
 .text.__swhatbuf_r
                0x0800d0da       0x4c /Applications/ArmGNUToolchain/13.3.rel1/arm-none-eabi/bin/../lib/gcc/arm-none-eabi/13.3.1/../../../../arm-none-eabi/lib/thumb/v7e-m+fp/hard/libc_nano.a(libc_a-makebuf.o)
                0x0800d0da                __swhatbuf_r
 .text.__smakebuf_r
                0x0800d126       0x78 /Applications/ArmGNUToolchain/13.3.rel1/arm-none-eabi/bin/../lib/gcc/arm-none-eabi/13.3.1/../../../../arm-none-eabi/lib/thumb/v7e-m+fp/hard/libc_nano.a(libc_a-makebuf.o)
                0x0800d126                __smakebuf_r
 .text.memmove  0x0800d19e       0x34 /Applications/ArmGNUToolchain/13.3.rel1/arm-none-eabi/bin/../lib/gcc/arm-none-eabi/13.3.1/../../../../arm-none-eabi/lib/thumb/v7e-m+fp/hard/libc_nano.a(libc_a-memmove.o)
                0x0800d19e                memmove
 *fill*         0x0800d1d2        0x2 
 .text._isatty_r
                0x0800d1d4       0x20 /Applications/ArmGNUToolchain/13.3.rel1/arm-none-eabi/bin/../lib/gcc/arm-none-eabi/13.3.1/../../../../arm-none-eabi/lib/thumb/v7e-m+fp/hard/libc_nano.a(libc_a-isattyr.o)
                0x0800d1d4                _isatty_r
 .text._sbrk_r  0x0800d1f4       0x20 /Applications/ArmGNUToolchain/13.3.rel1/arm-none-eabi/bin/../lib/gcc/arm-none-eabi/13.3.1/../../../../arm-none-eabi/lib/thumb/v7e-m+fp/hard/libc_nano.a(libc_a-sbrkr.o)
                0x0800d1f4                _sbrk_r
 .text._fstat_r
                0x0800d214       0x24 /Applications/ArmGNUToolchain/13.3.rel1/arm-none-eabi/bin/../lib/gcc/arm-none-eabi/13.3.1/../../../../arm-none-eabi/lib/thumb/v7e-m+fp/hard/libc_nano.a(libc_a-fstatr.o)
                0x0800d214                _fstat_r
 .text.__assert_func
                0x0800d238       0x3c /Applications/ArmGNUToolchain/13.3.rel1/arm-none-eabi/bin/../lib/gcc/arm-none-eabi/13.3.1/../../../../arm-none-eabi/lib/thumb/v7e-m+fp/hard/libc_nano.a(libc_a-assert.o)
                0x0800d238                __assert_func
 .text._calloc_r
                0x0800d274       0x28 /Applications/ArmGNUToolchain/13.3.rel1/arm-none-eabi/bin/../lib/gcc/arm-none-eabi/13.3.1/../../../../arm-none-eabi/lib/thumb/v7e-m+fp/hard/libc_nano.a(libc_a-callocr.o)
                0x0800d274                _calloc_r
 .text._malloc_usable_size_r
                0x0800d29c       0x10 /Applications/ArmGNUToolchain/13.3.rel1/arm-none-eabi/bin/../lib/gcc/arm-none-eabi/13.3.1/../../../../arm-none-eabi/lib/thumb/v7e-m+fp/hard/libc_nano.a(libc_a-msizer.o)
                0x0800d29c                _malloc_usable_size_r
 .text.fprintf  0x0800d2ac       0x24 /Applications/ArmGNUToolchain/13.3.rel1/arm-none-eabi/bin/../lib/gcc/arm-none-eabi/13.3.1/../../../../arm-none-eabi/lib/thumb/v7e-m+fp/hard/libc_nano.a(libc_a-fprintf.o)
                0x0800d2ac                fprintf
                0x0800d2ac                fiprintf
 .text.abort    0x0800d2d0        0xe /Applications/ArmGNUToolchain/13.3.rel1/arm-none-eabi/bin/../lib/gcc/arm-none-eabi/13.3.1/../../../../arm-none-eabi/lib/thumb/v7e-m+fp/hard/libc_nano.a(libc_a-abort.o)
                0x0800d2d0                abort
 .text._raise_r
                0x0800d2de       0x50 /Applications/ArmGNUToolchain/13.3.rel1/arm-none-eabi/bin/../lib/gcc/arm-none-eabi/13.3.1/../../../../arm-none-eabi/lib/thumb/v7e-m+fp/hard/libc_nano.a(libc_a-signal.o)
                0x0800d2de                _raise_r
 *fill*         0x0800d32e        0x2 
 .text.raise    0x0800d330       0x10 /Applications/ArmGNUToolchain/13.3.rel1/arm-none-eabi/bin/../lib/gcc/arm-none-eabi/13.3.1/../../../../arm-none-eabi/lib/thumb/v7e-m+fp/hard/libc_nano.a(libc_a-signal.o)
                0x0800d330                raise
 .text._kill_r  0x0800d340       0x24 /Applications/ArmGNUToolchain/13.3.rel1/arm-none-eabi/bin/../lib/gcc/arm-none-eabi/13.3.1/../../../../arm-none-eabi/lib/thumb/v7e-m+fp/hard/libc_nano.a(libc_a-signalr.o)
                0x0800d340                _kill_r
 .text._getpid_r
                0x0800d364        0x4 /Applications/ArmGNUToolchain/13.3.rel1/arm-none-eabi/bin/../lib/gcc/arm-none-eabi/13.3.1/../../../../arm-none-eabi/lib/thumb/v7e-m+fp/hard/libc_nano.a(libc_a-signalr.o)
                0x0800d364                _getpid_r
 .text.asinf    0x0800d368       0x58 /Applications/ArmGNUToolchain/13.3.rel1/arm-none-eabi/bin/../lib/gcc/arm-none-eabi/13.3.1/../../../../arm-none-eabi/lib/thumb/v7e-m+fp/hard/libm.a(libm_a-wf_asin.o)
                0x0800d368                asinf
 .text.atan2f   0x0800d3c0        0x4 /Applications/ArmGNUToolchain/13.3.rel1/arm-none-eabi/bin/../lib/gcc/arm-none-eabi/13.3.1/../../../../arm-none-eabi/lib/thumb/v7e-m+fp/hard/libm.a(libm_a-wf_atan2.o)
                0x0800d3c0                atan2f
 .text.powf     0x0800d3c4       0xbc /Applications/ArmGNUToolchain/13.3.rel1/arm-none-eabi/bin/../lib/gcc/arm-none-eabi/13.3.1/../../../../arm-none-eabi/lib/thumb/v7e-m+fp/hard/libm.a(libm_a-wf_pow.o)
                0x0800d3c4                powf
 .text.finitef  0x0800d480       0x14 /Applications/ArmGNUToolchain/13.3.rel1/arm-none-eabi/bin/../lib/gcc/arm-none-eabi/13.3.1/../../../../arm-none-eabi/lib/thumb/v7e-m+fp/hard/libm.a(libm_a-sf_finite.o)
                0x0800d480                finitef
 .text.fabsf    0x0800d494       0x10 /Applications/ArmGNUToolchain/13.3.rel1/arm-none-eabi/bin/../lib/gcc/arm-none-eabi/13.3.1/../../../../arm-none-eabi/lib/thumb/v7e-m+fp/hard/libm.a(libm_a-sf_fabs.o)
                0x0800d494                fabsf
 *fill*         0x0800d4a4        0x4 
 .text.cos      0x0800d4a8       0x88 /Applications/ArmGNUToolchain/13.3.rel1/arm-none-eabi/bin/../lib/gcc/arm-none-eabi/13.3.1/../../../../arm-none-eabi/lib/thumb/v7e-m+fp/hard/libm.a(libm_a-s_cos.o)
                0x0800d4a8                cos
 .text.sinf     0x0800d530       0x74 /Applications/ArmGNUToolchain/13.3.rel1/arm-none-eabi/bin/../lib/gcc/arm-none-eabi/13.3.1/../../../../arm-none-eabi/lib/thumb/v7e-m+fp/hard/libm.a(libm_a-sf_sin.o)
                0x0800d530                sinf
 *fill*         0x0800d5a4        0x4 
 .text.sin      0x0800d5a8       0x90 /Applications/ArmGNUToolchain/13.3.rel1/arm-none-eabi/bin/../lib/gcc/arm-none-eabi/13.3.1/../../../../arm-none-eabi/lib/thumb/v7e-m+fp/hard/libm.a(libm_a-s_sin.o)
                0x0800d5a8                sin
 .text.__kernel_cosf
                0x0800d638      0x104 /Applications/ArmGNUToolchain/13.3.rel1/arm-none-eabi/bin/../lib/gcc/arm-none-eabi/13.3.1/../../../../arm-none-eabi/lib/thumb/v7e-m+fp/hard/libm.a(libm_a-kf_cos.o)
                0x0800d638                __kernel_cosf
 .text.__kernel_sinf
                0x0800d73c       0x90 /Applications/ArmGNUToolchain/13.3.rel1/arm-none-eabi/bin/../lib/gcc/arm-none-eabi/13.3.1/../../../../arm-none-eabi/lib/thumb/v7e-m+fp/hard/libm.a(libm_a-kf_sin.o)
                0x0800d73c                __kernel_sinf
 .text.__ieee754_asinf
                0x0800d7cc      0x1f8 /Applications/ArmGNUToolchain/13.3.rel1/arm-none-eabi/bin/../lib/gcc/arm-none-eabi/13.3.1/../../../../arm-none-eabi/lib/thumb/v7e-m+fp/hard/libm.a(libm_a-ef_asin.o)
                0x0800d7cc                __ieee754_asinf
 .text.__ieee754_atan2f
                0x0800d9c4      0x150 /Applications/ArmGNUToolchain/13.3.rel1/arm-none-eabi/bin/../lib/gcc/arm-none-eabi/13.3.1/../../../../arm-none-eabi/lib/thumb/v7e-m+fp/hard/libm.a(libm_a-ef_atan2.o)
                0x0800d9c4                __ieee754_atan2f
 .text.__ieee754_sqrtf
                0x0800db14        0x8 /Applications/ArmGNUToolchain/13.3.rel1/arm-none-eabi/bin/../lib/gcc/arm-none-eabi/13.3.1/../../../../arm-none-eabi/lib/thumb/v7e-m+fp/hard/libm.a(libm_a-ef_sqrt.o)
                0x0800db14                __ieee754_sqrtf
 .text.__ieee754_powf
                0x0800db1c      0x684 /Applications/ArmGNUToolchain/13.3.rel1/arm-none-eabi/bin/../lib/gcc/arm-none-eabi/13.3.1/../../../../arm-none-eabi/lib/thumb/v7e-m+fp/hard/libm.a(libm_a-ef_pow.o)
                0x0800db1c                __ieee754_powf
 .text.__ieee754_rem_pio2
                0x0800e1a0      0x424 /Applications/ArmGNUToolchain/13.3.rel1/arm-none-eabi/bin/../lib/gcc/arm-none-eabi/13.3.1/../../../../arm-none-eabi/lib/thumb/v7e-m+fp/hard/libm.a(libm_a-e_rem_pio2.o)
                0x0800e1a0                __ieee754_rem_pio2
 .text.__ieee754_rem_pio2f
                0x0800e5c4      0x260 /Applications/ArmGNUToolchain/13.3.rel1/arm-none-eabi/bin/../lib/gcc/arm-none-eabi/13.3.1/../../../../arm-none-eabi/lib/thumb/v7e-m+fp/hard/libm.a(libm_a-ef_rem_pio2.o)
                0x0800e5c4                __ieee754_rem_pio2f
 *fill*         0x0800e824        0x4 
 .text.__kernel_rem_pio2
                0x0800e828      0x82c /Applications/ArmGNUToolchain/13.3.rel1/arm-none-eabi/bin/../lib/gcc/arm-none-eabi/13.3.1/../../../../arm-none-eabi/lib/thumb/v7e-m+fp/hard/libm.a(libm_a-k_rem_pio2.o)
                0x0800e828                __kernel_rem_pio2
 *fill*         0x0800f054        0x4 
 .text.__kernel_cos
                0x0800f058      0x26c /Applications/ArmGNUToolchain/13.3.rel1/arm-none-eabi/bin/../lib/gcc/arm-none-eabi/13.3.1/../../../../arm-none-eabi/lib/thumb/v7e-m+fp/hard/libm.a(libm_a-k_cos.o)
                0x0800f058                __kernel_cos
 *fill*         0x0800f2c4        0x4 
 .text.__kernel_sin
                0x0800f2c8      0x17c /Applications/ArmGNUToolchain/13.3.rel1/arm-none-eabi/bin/../lib/gcc/arm-none-eabi/13.3.1/../../../../arm-none-eabi/lib/thumb/v7e-m+fp/hard/libm.a(libm_a-k_sin.o)
                0x0800f2c8                __kernel_sin
 .text.with_errnof
                0x0800f444       0x1c /Applications/ArmGNUToolchain/13.3.rel1/arm-none-eabi/bin/../lib/gcc/arm-none-eabi/13.3.1/../../../../arm-none-eabi/lib/thumb/v7e-m+fp/hard/libm.a(libm_a-math_errf.o)
 .text.xflowf   0x0800f460       0x20 /Applications/ArmGNUToolchain/13.3.rel1/arm-none-eabi/bin/../lib/gcc/arm-none-eabi/13.3.1/../../../../arm-none-eabi/lib/thumb/v7e-m+fp/hard/libm.a(libm_a-math_errf.o)
 .text.__math_uflowf
                0x0800f480        0xc /Applications/ArmGNUToolchain/13.3.rel1/arm-none-eabi/bin/../lib/gcc/arm-none-eabi/13.3.1/../../../../arm-none-eabi/lib/thumb/v7e-m+fp/hard/libm.a(libm_a-math_errf.o)
                0x0800f480                __math_uflowf
 .text.__math_oflowf
                0x0800f48c        0xc /Applications/ArmGNUToolchain/13.3.rel1/arm-none-eabi/bin/../lib/gcc/arm-none-eabi/13.3.1/../../../../arm-none-eabi/lib/thumb/v7e-m+fp/hard/libm.a(libm_a-math_errf.o)
                0x0800f48c                __math_oflowf
 .text.scalbnf  0x0800f498       0xe4 /Applications/ArmGNUToolchain/13.3.rel1/arm-none-eabi/bin/../lib/gcc/arm-none-eabi/13.3.1/../../../../arm-none-eabi/lib/thumb/v7e-m+fp/hard/libm.a(libm_a-sf_scalbn.o)
                0x0800f498                scalbnf
 .text.atanf    0x0800f57c      0x1ac /Applications/ArmGNUToolchain/13.3.rel1/arm-none-eabi/bin/../lib/gcc/arm-none-eabi/13.3.1/../../../../arm-none-eabi/lib/thumb/v7e-m+fp/hard/libm.a(libm_a-sf_atan.o)
                0x0800f57c                atanf
 .text.fabs     0x0800f728       0x10 /Applications/ArmGNUToolchain/13.3.rel1/arm-none-eabi/bin/../lib/gcc/arm-none-eabi/13.3.1/../../../../arm-none-eabi/lib/thumb/v7e-m+fp/hard/libm.a(libm_a-s_fabs.o)
                0x0800f728                fabs
 .text.__kernel_rem_pio2f
                0x0800f738      0x63c /Applications/ArmGNUToolchain/13.3.rel1/arm-none-eabi/bin/../lib/gcc/arm-none-eabi/13.3.1/../../../../arm-none-eabi/lib/thumb/v7e-m+fp/hard/libm.a(libm_a-kf_rem_pio2.o)
                0x0800f738                __kernel_rem_pio2f
 *fill*         0x0800fd74        0x4 
 .text.scalbn   0x0800fd78      0x114 /Applications/ArmGNUToolchain/13.3.rel1/arm-none-eabi/bin/../lib/gcc/arm-none-eabi/13.3.1/../../../../arm-none-eabi/lib/thumb/v7e-m+fp/hard/libm.a(libm_a-s_scalbn.o)
                0x0800fd78                scalbn
 *fill*         0x0800fe8c        0x4 
 .text.floor    0x0800fe90      0x108 /Applications/ArmGNUToolchain/13.3.rel1/arm-none-eabi/bin/../lib/gcc/arm-none-eabi/13.3.1/../../../../arm-none-eabi/lib/thumb/v7e-m+fp/hard/libm.a(libm_a-s_floor.o)
                0x0800fe90                floor
 .text.floorf   0x0800ff98       0x94 /Applications/ArmGNUToolchain/13.3.rel1/arm-none-eabi/bin/../lib/gcc/arm-none-eabi/13.3.1/../../../../arm-none-eabi/lib/thumb/v7e-m+fp/hard/libm.a(libm_a-sf_floor.o)
                0x0800ff98                floorf
 .text.__fixdfdi
                0x0801002c       0x30 /Applications/ArmGNUToolchain/13.3.rel1/arm-none-eabi/bin/../lib/gcc/arm-none-eabi/13.3.1/thumb/v7e-m+fp/hard/libgcc.a(_fixdfdi.o)
                0x0801002c                __aeabi_d2lz
                0x0801002c                __fixdfdi
 .text.__fixunsdfdi
                0x0801005c       0x3c /Applications/ArmGNUToolchain/13.3.rel1/arm-none-eabi/bin/../lib/gcc/arm-none-eabi/13.3.1/thumb/v7e-m+fp/hard/libgcc.a(_fixunsdfdi.o)
                0x0801005c                __aeabi_d2ulz
                0x0801005c                __fixunsdfdi
 .text.__udivmoddi4
                0x08010098      0x2bc /Applications/ArmGNUToolchain/13.3.rel1/arm-none-eabi/bin/../lib/gcc/arm-none-eabi/13.3.1/thumb/v7e-m+fp/hard/libgcc.a(_udivmoddi4.o)
                0x08010098                __udivmoddi4
 *(.glue_7)
 .glue_7        0x08010354        0x0 linker stubs
 *(.glue_7t)
 .glue_7t       0x08010354        0x0 linker stubs
 *(.eh_frame)
 .eh_frame      0x08010354        0x0 /Applications/ArmGNUToolchain/13.3.rel1/arm-none-eabi/bin/../lib/gcc/arm-none-eabi/13.3.1/thumb/v7e-m+fp/hard/crtbegin.o
 *(.init)
 .init          0x08010354        0x4 /Applications/ArmGNUToolchain/13.3.rel1/arm-none-eabi/bin/../lib/gcc/arm-none-eabi/13.3.1/thumb/v7e-m+fp/hard/crti.o
                0x08010354                _init
 .init          0x08010358        0x8 /Applications/ArmGNUToolchain/13.3.rel1/arm-none-eabi/bin/../lib/gcc/arm-none-eabi/13.3.1/thumb/v7e-m+fp/hard/crtn.o
 *(.fini)
 .fini          0x08010360        0x4 /Applications/ArmGNUToolchain/13.3.rel1/arm-none-eabi/bin/../lib/gcc/arm-none-eabi/13.3.1/thumb/v7e-m+fp/hard/crti.o
                0x08010360                _fini
 .fini          0x08010364        0x8 /Applications/ArmGNUToolchain/13.3.rel1/arm-none-eabi/bin/../lib/gcc/arm-none-eabi/13.3.1/thumb/v7e-m+fp/hard/crtn.o
                0x0801036c                        . = ALIGN (0x4)
                0x0801036c                        _etext = .

.vfp11_veneer   0x0801036c        0x0
 .vfp11_veneer  0x0801036c        0x0 linker stubs

.v4_bx          0x0801036c        0x0
 .v4_bx         0x0801036c        0x0 linker stubs

.iplt           0x0801036c        0x0
 .iplt          0x0801036c        0x0 /Applications/ArmGNUToolchain/13.3.rel1/arm-none-eabi/bin/../lib/gcc/arm-none-eabi/13.3.1/thumb/v7e-m+fp/hard/crtbegin.o

.rodata         0x08010370      0xbe8
                0x08010370                        . = ALIGN (0x4)
 *(.rodata)
 .rodata        0x08010370       0x18 build/FusionAhrs.o
 .rodata        0x08010388        0xc /Applications/ArmGNUToolchain/13.3.rel1/arm-none-eabi/bin/../lib/gcc/arm-none-eabi/13.3.1/../../../../arm-none-eabi/lib/thumb/v7e-m+fp/hard/libc_nano.a(libc_a-nano-vfscanf_i.o)
 *(.rodata*)
 .rodata.write_BMI088_gyro_reg_data_error
                0x08010394       0x12 build/BMI088driver.o
 *fill*         0x080103a6        0x2 
 .rodata.write_BMI088_accel_reg_data_error
                0x080103a8       0x12 build/BMI088driver.o
 *fill*         0x080103ba        0x2 
 .rodata.hardIronOffset
                0x080103bc        0xc build/IMU.o
                0x080103bc                hardIronOffset
 .rodata.softIronMatrix
                0x080103c8       0x24 build/IMU.o
                0x080103c8                softIronMatrix
 .rodata.accelerometerOffset
                0x080103ec        0xc build/IMU.o
                0x080103ec                accelerometerOffset
 .rodata.accelerometerSensitivity
                0x080103f8        0xc build/IMU.o
                0x080103f8                accelerometerSensitivity
 .rodata.accelerometerMisalignment
                0x08010404       0x24 build/IMU.o
                0x08010404                accelerometerMisalignment
 .rodata.gyroscopeOffset
                0x08010428        0xc build/IMU.o
                0x08010428                gyroscopeOffset
 .rodata.gyroscopeSensitivity
                0x08010434        0xc build/IMU.o
                0x08010434                gyroscopeSensitivity
 .rodata.gyroscopeMisalignment
                0x08010440       0x24 build/IMU.o
                0x08010440                gyroscopeMisalignment
 .rodata.ist8310_write_reg_data_error
                0x08010464        0xc build/ist8310driver.o
 .rodata.Serial_Output.str1.4
                0x08010470       0x86 build/main.o
                                 0x31 (size before relaxing)
 .rodata.Serial_Input.str1.4
                0x080104f6       0x25 build/main.o
 .rodata.main.str1.4
                0x080104f6        0xf build/main.o
 *fill*         0x080104f6        0x2 
 .rodata.APBPrescTable
                0x080104f8        0x8 build/system_stm32f4xx.o
                0x080104f8                APBPrescTable
 .rodata.AHBPrescTable
                0x08010500       0x10 build/system_stm32f4xx.o
                0x08010500                AHBPrescTable
 .rodata.TaskRun.str1.4
                0x08010510       0x1a build/Task.o
 .rodata.flagBitshiftOffset.0
                0x08010510        0x8 build/stm32f4xx_hal_dma.o
 .rodata._printf_float.str1.1
                0x08010518      0x20a /Applications/ArmGNUToolchain/13.3.rel1/arm-none-eabi/bin/../lib/gcc/arm-none-eabi/13.3.1/../../../../arm-none-eabi/lib/thumb/v7e-m+fp/hard/libc_nano.a(libc_a-nano-vfprintf_float.o)
                                 0x12 (size before relaxing)
 .rodata._printf_i.str1.1
                0x08010722       0x22 /Applications/ArmGNUToolchain/13.3.rel1/arm-none-eabi/bin/../lib/gcc/arm-none-eabi/13.3.1/../../../../arm-none-eabi/lib/thumb/v7e-m+fp/hard/libc_nano.a(libc_a-nano-vfprintf_i.o)
 .rodata._scanf_float.str1.1
                0x08010722        0x6 /Applications/ArmGNUToolchain/13.3.rel1/arm-none-eabi/bin/../lib/gcc/arm-none-eabi/13.3.1/../../../../arm-none-eabi/lib/thumb/v7e-m+fp/hard/libc_nano.a(libc_a-nano-vfscanf_float.o)
 .rodata._strtod_l.str1.1
                0x08010722        0xf /Applications/ArmGNUToolchain/13.3.rel1/arm-none-eabi/bin/../lib/gcc/arm-none-eabi/13.3.1/../../../../arm-none-eabi/lib/thumb/v7e-m+fp/hard/libc_nano.a(libc_a-strtod.o)
 *fill*         0x08010722        0x2 
 .rodata.fpinan.0