Component: Arm Compiler for Embedded 6.19 Tool: armlink [5e73cb00]

==============================================================================

Section Cross References

    startup_stm32f407xx.o(STACK) refers (Special) to heapauxi.o(.text) for __use_two_region_memory
    startup_stm32f407xx.o(HEAP) refers (Special) to heapauxi.o(.text) for __use_two_region_memory
    startup_stm32f407xx.o(RESET) refers (Special) to heapauxi.o(.text) for __use_two_region_memory
    startup_stm32f407xx.o(RESET) refers to startup_stm32f407xx.o(STACK) for __initial_sp
    startup_stm32f407xx.o(RESET) refers to startup_stm32f407xx.o(.text) for Reset_Handler
    startup_stm32f407xx.o(RESET) refers to stm32f4xx_it.o(.text.NMI_Handler) for NMI_Handler
    startup_stm32f407xx.o(RESET) refers to stm32f4xx_it.o(.text.HardFault_Handler) for HardFault_Handler
    startup_stm32f407xx.o(RESET) refers to stm32f4xx_it.o(.text.MemManage_Handler) for MemManage_Handler
    startup_stm32f407xx.o(RESET) refers to stm32f4xx_it.o(.text.BusFault_Handler) for BusFault_Handler
    startup_stm32f407xx.o(RESET) refers to stm32f4xx_it.o(.text.UsageFault_Handler) for UsageFault_Handler
    startup_stm32f407xx.o(RESET) refers to stm32f4xx_it.o(.text.SVC_Handler) for SVC_Handler
    startup_stm32f407xx.o(RESET) refers to stm32f4xx_it.o(.text.DebugMon_Handler) for DebugMon_Handler
    startup_stm32f407xx.o(RESET) refers to stm32f4xx_it.o(.text.PendSV_Handler) for PendSV_Handler
    startup_stm32f407xx.o(RESET) refers to stm32f4xx_it.o(.text.SysTick_Handler) for SysTick_Handler
    startup_stm32f407xx.o(RESET) refers to stm32f4xx_it.o(.text.EXTI0_IRQHandler) for EXTI0_IRQHandler
    startup_stm32f407xx.o(RESET) refers to stm32f4xx_it.o(.text.EXTI3_IRQHandler) for EXTI3_IRQHandler
    startup_stm32f407xx.o(RESET) refers to stm32f4xx_it.o(.text.CAN1_RX0_IRQHandler) for CAN1_RX0_IRQHandler
    startup_stm32f407xx.o(RESET) refers to stm32f4xx_it.o(.text.TIM1_UP_TIM10_IRQHandler) for TIM1_UP_TIM10_IRQHandler
    startup_stm32f407xx.o(RESET) refers to stm32f4xx_it.o(.text.TIM4_IRQHandler) for TIM4_IRQHandler
    startup_stm32f407xx.o(RESET) refers to stm32f4xx_it.o(.text.USART1_IRQHandler) for USART1_IRQHandler
    startup_stm32f407xx.o(RESET) refers to stm32f4xx_it.o(.text.TIM8_UP_TIM13_IRQHandler) for TIM8_UP_TIM13_IRQHandler
    startup_stm32f407xx.o(RESET) refers to stm32f4xx_it.o(.text.DMA2_Stream6_IRQHandler) for DMA2_Stream6_IRQHandler
    startup_stm32f407xx.o(RESET) refers to stm32f4xx_it.o(.text.DMA2_Stream7_IRQHandler) for DMA2_Stream7_IRQHandler
    startup_stm32f407xx.o(RESET) refers to stm32f4xx_it.o(.text.USART6_IRQHandler) for USART6_IRQHandler
    startup_stm32f407xx.o(.text) refers (Special) to heapauxi.o(.text) for __use_two_region_memory
    startup_stm32f407xx.o(.text) refers to system_stm32f4xx.o(.text.SystemInit) for SystemInit
    startup_stm32f407xx.o(.text) refers to __main.o(!!!main) for __main
    startup_stm32f407xx.o(.text) refers to startup_stm32f407xx.o(HEAP) for Heap_Mem
    startup_stm32f407xx.o(.text) refers to startup_stm32f407xx.o(STACK) for Stack_Mem
    bmi088driver.o(.text.BMI088_init) refers to bmi088middleware.o(.text.BMI088_GPIO_init) for BMI088_GPIO_init
    bmi088driver.o(.text.BMI088_init) refers to bmi088middleware.o(.text.BMI088_com_init) for BMI088_com_init
    bmi088driver.o(.text.BMI088_init) refers to bmi088driver.o(.text.bmi088_accel_init) for bmi088_accel_init
    bmi088driver.o(.text.BMI088_init) refers to bmi088driver.o(.text.bmi088_gyro_init) for bmi088_gyro_init
    bmi088driver.o(.ARM.exidx.text.BMI088_init) refers to bmi088driver.o(.text.BMI088_init) for [Anonymous Symbol]
    bmi088driver.o(.text.bmi088_accel_init) refers to bmi088middleware.o(.text.BMI088_ACCEL_NS_L) for BMI088_ACCEL_NS_L
    bmi088driver.o(.text.bmi088_accel_init) refers to bmi088middleware.o(.text.BMI088_read_write_byte) for BMI088_read_write_byte
    bmi088driver.o(.text.bmi088_accel_init) refers to bmi088middleware.o(.text.BMI088_ACCEL_NS_H) for BMI088_ACCEL_NS_H
    bmi088driver.o(.text.bmi088_accel_init) refers to bmi088middleware.o(.text.BMI088_delay_us) for BMI088_delay_us
    bmi088driver.o(.text.bmi088_accel_init) refers to bmi088middleware.o(.text.BMI088_delay_ms) for BMI088_delay_ms
    bmi088driver.o(.text.bmi088_accel_init) refers to bmi088driver.o(.rodata.write_BMI088_accel_reg_data_error) for write_BMI088_accel_reg_data_error
    bmi088driver.o(.ARM.exidx.text.bmi088_accel_init) refers to bmi088driver.o(.text.bmi088_accel_init) for [Anonymous Symbol]
    bmi088driver.o(.text.bmi088_gyro_init) refers to bmi088middleware.o(.text.BMI088_GYRO_NS_L) for BMI088_GYRO_NS_L
    bmi088driver.o(.text.bmi088_gyro_init) refers to bmi088middleware.o(.text.BMI088_read_write_byte) for BMI088_read_write_byte
    bmi088driver.o(.text.bmi088_gyro_init) refers to bmi088middleware.o(.text.BMI088_GYRO_NS_H) for BMI088_GYRO_NS_H
[...]
    HAL_SPI_TransmitReceive                  0x08004499   Thumb Code   792  stm32f4xx_hal_spi.o(.text.HAL_SPI_TransmitReceive)
    HAL_SYSTICK_Config                       0x080047b1   Thumb Code    44  stm32f4xx_hal_cortex.o(.text.HAL_SYSTICK_Config)
    HAL_TIMEx_BreakCallback                  0x080047dd   Thumb Code     2  stm32f4xx_hal_tim_ex.o(.text.HAL_TIMEx_BreakCallback)
    HAL_TIMEx_CommutCallback                 0x080047e1   Thumb Code     2  stm32f4xx_hal_tim_ex.o(.text.HAL_TIMEx_CommutCallback)
    HAL_TIMEx_MasterConfigSynchronization    0x080047e5   Thumb Code   182  stm32f4xx_hal_tim_ex.o(.text.HAL_TIMEx_MasterConfigSynchronization)
    HAL_TIM_Base_Init                        0x0800489d   Thumb Code    90  stm32f4xx_hal_tim.o(.text.HAL_TIM_Base_Init)
    HAL_TIM_Base_MspInit                     0x080048f9   Thumb Code   306  tim.o(.text.HAL_TIM_Base_MspInit)
    HAL_TIM_Base_Start_IT                    0x08004a2d   Thumb Code   170  stm32f4xx_hal_tim.o(.text.HAL_TIM_Base_Start_IT)
    HAL_TIM_ConfigClockSource                0x08004ad9   Thumb Code   412  stm32f4xx_hal_tim.o(.text.HAL_TIM_ConfigClockSource)
    HAL_TIM_IC_CaptureCallback               0x08004c75   Thumb Code     2  stm32f4xx_hal_tim.o(.text.HAL_TIM_IC_CaptureCallback)
    HAL_TIM_IRQHandler                       0x08004c79   Thumb Code   368  stm32f4xx_hal_tim.o(.text.HAL_TIM_IRQHandler)
    HAL_TIM_OC_DelayElapsedCallback          0x08004de9   Thumb Code     2  stm32f4xx_hal_tim.o(.text.HAL_TIM_OC_DelayElapsedCallback)
    HAL_TIM_PWM_ConfigChannel                0x08004ded   Thumb Code   546  stm32f4xx_hal_tim.o(.text.HAL_TIM_PWM_ConfigChannel)
    HAL_TIM_PWM_Init                         0x08005011   Thumb Code    90  stm32f4xx_hal_tim.o(.text.HAL_TIM_PWM_Init)
    HAL_TIM_PWM_MspInit                      0x0800506d   Thumb Code     2  stm32f4xx_hal_tim.o(.text.HAL_TIM_PWM_MspInit)
    HAL_TIM_PWM_PulseFinishedCallback        0x08005071   Thumb Code     2  stm32f4xx_hal_tim.o(.text.HAL_TIM_PWM_PulseFinishedCallback)
    HAL_TIM_PWM_Start                        0x08005075   Thumb Code   274  stm32f4xx_hal_tim.o(.text.HAL_TIM_PWM_Start)
    HAL_TIM_PeriodElapsedCallback            0x08005189   Thumb Code     2  stm32f4xx_hal_tim.o(.text.HAL_TIM_PeriodElapsedCallback)
    HAL_TIM_TriggerCallback                  0x0800518d   Thumb Code     2  stm32f4xx_hal_tim.o(.text.HAL_TIM_TriggerCallback)
    HAL_UARTEx_RxEventCallback               0x08005191   Thumb Code     2  stm32f4xx_hal_uart.o(.text.HAL_UARTEx_RxEventCallback)
    HAL_UART_ErrorCallback                   0x08005195   Thumb Code     2  stm32f4xx_hal_uart.o(.text.HAL_UART_ErrorCallback)
    HAL_UART_IRQHandler                      0x08005199   Thumb Code  1380  stm32f4xx_hal_uart.o(.text.HAL_UART_IRQHandler)
    HAL_UART_Init                            0x080056fd   Thumb Code    94  stm32f4xx_hal_uart.o(.text.HAL_UART_Init)
    HAL_UART_MspInit                         0x0800575d   Thumb Code   428  usart.o(.text.HAL_UART_MspInit)
    HAL_UART_Receive_IT                      0x08005909   Thumb Code    94  stm32f4xx_hal_uart.o(.text.HAL_UART_Receive_IT)
    HAL_UART_RxCpltCallback                  0x08005969   Thumb Code   222  usart.o(.text.HAL_UART_RxCpltCallback)
    HAL_UART_Transmit_DMA                    0x08005a49   Thumb Code   200  stm32f4xx_hal_uart.o(.text.HAL_UART_Transmit_DMA)
    HAL_UART_TxCpltCallback                  0x08005b11   Thumb Code     2  stm32f4xx_hal_uart.o(.text.HAL_UART_TxCpltCallback)
    HAL_UART_TxHalfCpltCallback              0x08005b15   Thumb Code     2  stm32f4xx_hal_uart.o(.text.HAL_UART_TxHalfCpltCallback)
    HardFault_Handler                        0x08005b19   Thumb Code     2  stm32f4xx_it.o(.text.HardFault_Handler)
    IMU_update                               0x08006361   Thumb Code   276  imu.o(.text.IMU_update)
    IST_read                                 0x08006475   Thumb Code    12  ist.o(.text.IST_read)
    Init_all                                 0x08006481   Thumb Code   162  user_init.o(.text.Init_all)
    Joystick_motor_control                   0x08006525   Thumb Code   304  joystick.o(.text.Joystick_motor_control)
    Joystick_motor_start                     0x08006655   Thumb Code   206  joystick.o(.text.Joystick_motor_start)
    MOTORrpm2vw                              0x08006729   Thumb Code   160  motor_speed_pid.o(.text.MOTORrpm2vw)
    MX_CAN1_Init                             0x080067c9   Thumb Code    64  can.o(.text.MX_CAN1_Init)
    MX_CAN2_Init                             0x08006809   Thumb Code    64  can.o(.text.MX_CAN2_Init)
    MX_DMA_Init                              0x08006849   Thumb Code    72  dma.o(.text.MX_DMA_Init)
    MX_GPIO_Init                             0x08006891   Thumb Code   366  gpio.o(.text.MX_GPIO_Init)
    MX_I2C3_Init                             0x08006a01   Thumb Code    66  i2c.o(.text.MX_I2C3_Init)
    MX_SPI1_Init                             0x08006a45   Thumb Code    82  spi.o(.text.MX_SPI1_Init)
    MX_TIM10_Init                            0x08006a99   Thumb Code   238  tim.o(.text.MX_TIM10_Init)
    MX_TIM1_Init                             0x08006b89   Thumb Code   130  tim.o(.text.MX_TIM1_Init)
    MX_TIM4_Init                             0x08006c0d   Thumb Code   130  tim.o(.text.MX_TIM4_Init)
    MX_TIM5_Init                             0x08006c91   Thumb Code   388  tim.o(.text.MX_TIM5_Init)
    MX_TIM8_Init                             0x08006e15   Thumb Code   132  tim.o(.text.MX_TIM8_Init)
    MX_USART1_UART_Init                      0x08006e99   Thumb Code    62  usart.o(.text.MX_USART1_UART_Init)
    MX_USART6_UART_Init                      0x08006ed9   Thumb Code    80  usart.o(.text.MX_USART6_UART_Init)
    MemManage_Handler                        0x08006f29   Thumb Code     2  stm32f4xx_it.o(.text.MemManage_Handler)
    Motor_Speed_Calc                         0x08006f31   Thumb Code   220  motor_speed_pid.o(.text.Motor_Speed_Calc)
    Motor_Speed_pid_init                     0x0800700d   Thumb Code   248  motor_speed_pid.o(.text.Motor_Speed_pid_init)
    NMI_Handler                              0x08007105   Thumb Code     2  stm32f4xx_it.o(.text.NMI_Handler)
    PS2_Cmd                                  0x08007109   Thumb Code   176  ps2.o(.text.PS2_Cmd)
    PS2_DataKey                              0x080071b9   Thumb Code   296  ps2.o(.text.PS2_DataKey)
    PS2_EnterConfing                         0x080072e1   Thumb Code   104  ps2.o(.text.PS2_EnterConfing)
    PS2_ExitConfing                          0x08007349   Thumb Code   104  ps2.o(.text.PS2_ExitConfing)
    PS2_ReadData                             0x080073b1   Thumb Code   246  ps2.o(.text.PS2_ReadData)
    PS2_Receive                              0x080074a9   Thumb Code    36  ps2.o(.text.PS2_Receive)
    PS2_SetInit                              0x080074cd   Thumb Code   302  ps2.o(.text.PS2_SetInit)
    PS2_TurnOnAnalogMode                     0x080075fd   Thumb Code    98  ps2.o(.text.PS2_TurnOnAnalogMode)
    PendSV_Handler                           0x08007661   Thumb Code     2  stm32f4xx_it.o(.text.PendSV_Handler)
    SVC_Handler                              0x08007749   Thumb Code     2  stm32f4xx_it.o(.text.SVC_Handler)
    Serial_Output                            0x08007751   Thumb Code   824  main.o(.text.Serial_Output)
    Speed_set                                0x08007acd   Thumb Code   486  motor_speed_pid.o(.text.Speed_set)
    SysTick_Handler                          0x08007cb5   Thumb Code     4  stm32f4xx_it.o(.text.SysTick_Handler)
    SystemClock_Config                       0x08007cb9   Thumb Code   176  main.o(.text.SystemClock_Config)
    SystemInit                               0x08007d69   Thumb Code    18  system_stm32f4xx.o(.text.SystemInit)
    TIM1_UP_TIM10_IRQHandler                 0x08007d7d   Thumb Code    30  stm32f4xx_it.o(.text.TIM1_UP_TIM10_IRQHandler)
    TIM4_IRQHandler                          0x08007d9d   Thumb Code    12  stm32f4xx_it.o(.text.TIM4_IRQHandler)
    TIM8_UP_TIM13_IRQHandler                 0x08007da9   Thumb Code    22  stm32f4xx_it.o(.text.TIM8_UP_TIM13_IRQHandler)
    TIM_Base_SetConfig                       0x08007dc1   Thumb Code   316  stm32f4xx_hal_tim.o(.text.TIM_Base_SetConfig)
    TaskAdd                                  0x08007efd   Thumb Code    54  task.o(.text.TaskAdd)
    TaskCheck                                0x08007f35   Thumb Code    82  task.o(.text.TaskCheck)
    TaskRun                                  0x08007f89   Thumb Code   156  task.o(.text.TaskRun)
    USART1_IRQHandler                        0x08008471   Thumb Code    12  stm32f4xx_it.o(.text.USART1_IRQHandler)
    USART6_IRQHandler                        0x0800847d   Thumb Code    12  stm32f4xx_it.o(.text.USART6_IRQHandler)
    UsageFault_Handler                       0x08008489   Thumb Code     2  stm32f4xx_it.o(.text.UsageFault_Handler)
    _sys_exit                                0x0800848d   Thumb Code     2  usart.o(.text._sys_exit)
    bmi088_accel_init                        0x08008491   Thumb Code   592  bmi088driver.o(.text.bmi088_accel_init)
    bmi088_gyro_init                         0x080086e1   Thumb Code   530  bmi088driver.o(.text.bmi088_gyro_init)
    can_filter_init                          0x080088f5   Thumb Code    98  bsp_can.o(.text.can_filter_init)
    clrStruct                                0x08008959   Thumb Code    18  usart.o(.text.clrStruct)
    ist8310_GPIO_init                        0x0800896d   Thumb Code     2  ist8310driver_middleware.o(.text.ist8310_GPIO_init)
    ist8310_IIC_read_muli_reg                0x08008971   Thumb Code    40  ist8310driver_middleware.o(.text.ist8310_IIC_read_muli_reg)
    ist8310_IIC_read_single_reg              0x08008999   Thumb Code    54  ist8310driver_middleware.o(.text.ist8310_IIC_read_single_reg)
    ist8310_IIC_write_single_reg             0x080089d1   Thumb Code    48  ist8310driver_middleware.o(.text.ist8310_IIC_write_single_reg)
    ist8310_RST_H                            0x08008a01   Thumb Code    16  ist8310driver_middleware.o(.text.ist8310_RST_H)
    ist8310_RST_L                            0x08008a11   Thumb Code    16  ist8310driver_middleware.o(.text.ist8310_RST_L)
    ist8310_com_init                         0x08008a21   Thumb Code     2  ist8310driver_middleware.o(.text.ist8310_com_init)
    ist8310_delay_ms                         0x08008a25   Thumb Code     4  ist8310driver_middleware.o(.text.ist8310_delay_ms)
    ist8310_delay_us                         0x08008a29   Thumb Code    74  ist8310driver_middleware.o(.text.ist8310_delay_us)
    ist8310_init                             0x08008a75   Thumb Code   204  ist8310driver.o(.text.ist8310_init)
    ist8310_read_mag                         0x08008b4d   Thumb Code    92  ist8310driver.o(.text.ist8310_read_mag)
    led_green_start                          0x08008ba9   Thumb Code    24  led.o(.text.led_green_start)
    led_red_start                            0x08008bc1   Thumb Code    24  led.o(.text.led_red_start)
    main                                     0x08008bd9   Thumb Code   196  main.o(.text.main)
    pid_init                                 0x08008e05   Thumb Code    30  pid.o(.text.pid_init)
    usart_printf                             0x08008e89   Thumb Code    66  user_usart.o(.text.usart_printf)
    _btod_d2e                                0x08008ecb   Thumb Code    62  btod.o(CL$$btod_d2e)
    _d2e_denorm_low                          0x08008f09   Thumb Code    70  btod.o(CL$$btod_d2e_denorm_low)
    _d2e_norm_op1                            0x08008f4f   Thumb Code    96  btod.o(CL$$btod_d2e_norm_op1)
    __btod_div_common                        0x08008fb1   Thumb Code   696  btod.o(CL$$btod_div_common)
    _e2e                                     0x080092e9   Thumb Code   220  btod.o(CL$$btod_e2e)
    _btod_ediv                               0x080093c5   Thumb Code    42  btod.o(CL$$btod_ediv)
    _btod_emul                               0x080093ef   Thumb Code    42  btod.o(CL$$btod_emul)
    __btod_mult_common                       0x08009419   Thumb Code   580  btod.o(CL$$btod_mult_common)
    __ARM_fpclassify                         0x0800965d   Thumb Code    48  fpclassify.o(i.__ARM_fpclassify)
    __ARM_fpclassifyf                        0x0800968d   Thumb Code    38  fpclassifyf.o(i.__ARM_fpclassifyf)
    __hardfp_asinf                           0x080096b5   Thumb Code   258  asinf.o(i.__hardfp_asinf)
    __hardfp_atan2f                          0x080097e1   Thumb Code   594  atan2f.o(i.__hardfp_atan2f)
    __hardfp_cos                             0x08009a91   Thumb Code   180  cos.o(i.__hardfp_cos)
    __hardfp_cosf                            0x08009b59   Thumb Code   280  cosf.o(i.__hardfp_cosf)
    __hardfp_sin                             0x08009ca9   Thumb Code   180  sin.o(i.__hardfp_sin)
    __hardfp_sinf                            0x08009d71   Thumb Code   344  sinf.o(i.__hardfp_sinf)
    __ieee754_rem_pio2                       0x08009f01   Thumb Code   938  rred.o(i.__ieee754_rem_pio2)
    __kernel_cos                             0x0800a339   Thumb Code   322  cos_i.o(i.__kernel_cos)
    __kernel_poly                            0x0800a4a9   Thumb Code   248  poly.o(i.__kernel_poly)
    __kernel_sin                             0x0800a5a1   Thumb Code   280  sin_i.o(i.__kernel_sin)
    __mathlib_dbl_infnan                     0x0800a6d1   Thumb Code    20  dunder.o(i.__mathlib_dbl_infnan)
    __mathlib_dbl_invalid                    0x0800a6e9   Thumb Code    24  dunder.o(i.__mathlib_dbl_invalid)
    __mathlib_dbl_underflow                  0x0800a709   Thumb Code    24  dunder.o(i.__mathlib_dbl_underflow)
    __mathlib_flt_infnan                     0x0800a729   Thumb Code     6  funder.o(i.__mathlib_flt_infnan)
    __mathlib_flt_infnan2                    0x0800a72f   Thumb Code     6  funder.o(i.__mathlib_flt_infnan2)
    __mathlib_flt_invalid                    0x0800a735   Thumb Code    10  funder.o(i.__mathlib_flt_invalid)
    __mathlib_flt_underflow                  0x0800a745   Thumb Code    10  funder.o(i.__mathlib_flt_underflow)
    __mathlib_rredf2                         0x0800a755   Thumb Code   316  rredf.o(i.__mathlib_rredf2)
    _is_digit                                0x0800a8a9   Thumb Code    14  __printf_wp.o(i._is_digit)
    fabs                                     0x0800a8b7   Thumb Code    24  fabs.o(i.fabs)
    sqrtf                                    0x0800a8cf   Thumb Code    62  sqrtf.o(i.sqrtf)
    _get_lc_numeric                          0x0800a90d   Thumb Code    44  lc_numeric_c.o(locale$$code)
    _get_lc_ctype                            0x0800a939   Thumb Code    44  lc_ctype_c.o(locale$$code)
    __aeabi_dneg                             0x0800a965   Thumb Code     0  basic.o(x$fpl$basic)
    _dneg                                    0x0800a965   Thumb Code     6  basic.o(x$fpl$basic)
    __aeabi_fneg                             0x0800a96b   Thumb Code     0  basic.o(x$fpl$basic)
    _fneg                                    0x0800a96b   Thumb Code     6  basic.o(x$fpl$basic)
    _dabs                                    0x0800a971   Thumb Code     6  basic.o(x$fpl$basic)
    _fabs                                    0x0800a977   Thumb Code     6  basic.o(x$fpl$basic)
    __aeabi_d2f                              0x0800a97d   Thumb Code     0  d2f.o(x$fpl$d2f)
    _d2f                                     0x0800a97d   Thumb Code    98  d2f.o(x$fpl$d2f)
    __aeabi_dadd                             0x0800a9e1   Thumb Code     0  daddsub_clz.o(x$fpl$dadd)
    _dadd                                    0x0800a9e1   Thumb Code   332  daddsub_clz.o(x$fpl$dadd)
    __aeabi_ddiv                             0x0800ab31   Thumb Code     0  ddiv.o(x$fpl$ddiv)
    _ddiv                                    0x0800ab31   Thumb Code   556  ddiv.o(x$fpl$ddiv)
    __aeabi_d2iz                             0x0800ade5   Thumb Code     0  dfix.o(x$fpl$dfix)
    _dfix                                    0x0800ade5   Thumb Code    94  dfix.o(x$fpl$dfix)
    __aeabi_i2d                              0x0800ae43   Thumb Code     0  dflt_clz.o(x$fpl$dflt)
    _dflt                                    0x0800ae43   Thumb Code    46  dflt_clz.o(x$fpl$dflt)
    __aeabi_ui2d                             0x0800ae71   Thumb Code     0  dflt_clz.o(x$fpl$dfltu)
    _dfltu                                   0x0800ae71   Thumb Code    38  dflt_clz.o(x$fpl$dfltu)
    __aeabi_dmul                             0x0800ae99   Thumb Code     0  dmul.o(x$fpl$dmul)
    _dmul                                    0x0800ae99   Thumb Code   332  dmul.o(x$fpl$dmul)
    __fpl_dnaninf                            0x0800afed   Thumb Code   156  dnaninf.o(x$fpl$dnaninf)
    __fpl_dretinf                            0x0800b089   Thumb Code    12  dretinf.o(x$fpl$dretinf)
    __aeabi_drsub                            0x0800b095   Thumb Code     0  daddsub_clz.o(x$fpl$drsb)
    _drsb                                    0x0800b095   Thumb Code    22  daddsub_clz.o(x$fpl$drsb)
    __aeabi_dsub                             0x0800b0ad   Thumb Code     0  daddsub_clz.o(x$fpl$dsub)
    _dsub                                    0x0800b0ad   Thumb Code   472  daddsub_clz.o(x$fpl$dsub)
    __aeabi_f2d                              0x0800b289   Thumb Code     0  f2d.o(x$fpl$f2d)
    _f2d                                     0x0800b289   Thumb Code    86  f2d.o(x$fpl$f2d)
    __fpl_fnaninf                            0x0800b2df   Thumb Code   140  fnaninf.o(x$fpl$fnaninf)
    _fp_init                                 0x0800b36b   Thumb Code    26  fpinit.o(x$fpl$fpinit)
    __fplib_config_fpu_vfp                   0x0800b383   Thumb Code     0  fpinit.o(x$fpl$fpinit)
    __fplib_config_pureend_doubles           0x0800b383   Thumb Code     0  fpinit.o(x$fpl$fpinit)
    __fpl_fretinf                            0x0800b385   Thumb Code    10  fretinf.o(x$fpl$fretinf)
    _printf_fp_dec                           0x0800b38f   Thumb Code     4  printf1.o(x$fpl$printf1)
    _printf_fp_hex                           0x0800b393   Thumb Code     4  printf2.o(x$fpl$printf2)
    __I$use$fp                               0x0800b396   Number         0  usenofp.o(x$fpl$usenofp)
    AHBPrescTable                            0x0800b5dc   Data          16  system_stm32f4xx.o(.rodata.AHBPrescTable)
    APBPrescTable                            0x0800b5ec   Data           8  system_stm32f4xx.o(.rodata.APBPrescTable)
    Region$$Table$$Base                      0x0800b620   Number         0  anon$$obj.o(Region$$Table)
    Region$$Table$$Limit                     0x0800b640   Number         0  anon$$obj.o(Region$$Table)
    __ctype                                  0x0800b669   Data           0  lc_ctype_c.o(locale$$data)
    BMI088_ACCEL_SEN                         0x20000000   Data           4  bmi088driver.o(.data..L_MergedGlobals)
    BMI088_GYRO_SEN                          0x20000004   Data           4  bmi088driver.o(.data..L_MergedGlobals)
    MAX_rotate_Speed                         0x20000008   Data           4  joystick.o(.data..L_MergedGlobals)
    Max_speed                                0x2000000c   Data          12  joystick.o(.data..L_MergedGlobals)
    C                                        0x20000018   Data           4  motor_speed_pid.o(.data..L_MergedGlobals)
    r                                        0x2000001c   Data           4  motor_speed_pid.o(.data..L_MergedGlobals)
    uwTickFreq                               0x20000020   Data           1  stm32f4xx_hal.o(.data..L_MergedGlobals)
    uwTickPrio                               0x20000024   Data           4  stm32f4xx_hal.o(.data..L_MergedGlobals)
    Comd                                     0x20000028   Data           2  ps2.o(.data.Comd)
    IMUdeltaTime                             0x2000002c   Data           4  imu.o(.data.IMUdeltaTime)
    MASK                                     0x20000030   Data          32  ps2.o(.data.MASK)
    SERIAL_PERIOD_MS                         0x20000050   Data           4  main.o(.data.SERIAL_PERIOD_MS)
    SystemCoreClock                          0x20000054   Data           4  system_stm32f4xx.o(.data.SystemCoreClock)
    __libspace_start                         0x20000058   Data          96  libspace.o(.bss)
    __temporary_stack_top$libspace           0x200000b8   Data           0  libspace.o(.bss)
    temp                                     0x200000f8   Data           4  imu.o(.bss..L_MergedGlobals)
    gyro                                     0x200000fc   Data          12  imu.o(.bss..L_MergedGlobals)
    accel                                    0x20000108   Data          12  imu.o(.bss..L_MergedGlobals)
    gyroscope                                0x20000114   Data          12  imu.o(.bss..L_MergedGlobals)
    accelerometer                            0x20000120   Data          12  imu.o(.bss..L_MergedGlobals)
    offset                                   0x2000012c   Data          24  imu.o(.bss..L_MergedGlobals)
    Handkey                                  0x20000144   Data           2  ps2.o(.bss..L_MergedGlobals)
    PS2_LX                                   0x20000148   Data           4  ps2.o(.bss..L_MergedGlobals)
    PS2_LY                                   0x2000014c   Data           4  ps2.o(.bss..L_MergedGlobals)
    PS2_RX                                   0x20000150   Data           4  ps2.o(.bss..L_MergedGlobals)
    PS2_RY                                   0x20000154   Data           4  ps2.o(.bss..L_MergedGlobals)
    PS2_KEY                                  0x20000158   Data           4  ps2.o(.bss..L_MergedGlobals)
    Data                                     0x2000015c   Data           9  ps2.o(.bss..L_MergedGlobals)
    real_vc                                  0x20000168   Data           4  main.o(.bss..L_MergedGlobals)
    real_w                                   0x2000016c   Data           4  main.o(.bss..L_MergedGlobals)
    x                                        0x20000170   Data           4  main.o(.bss..L_MergedGlobals)
    y                                        0x20000174   Data           4  main.o(.bss..L_MergedGlobals)
    z                                        0x20000178   Data           4  main.o(.bss..L_MergedGlobals)
    Usart6_Receive_buf                       0x2000017c   Data           1  usart.o(.bss..L_MergedGlobals)
    Usart1_Receive_buf                       0x2000017d   Data           1  usart.o(.bss..L_MergedGlobals)
    point1                                   0x2000017e   Data           2  usart.o(.bss..L_MergedGlobals)
    huart1                                   0x20000180   Data          68  usart.o(.bss..L_MergedGlobals)
    tot                                      0x200001c4   Data           1  task.o(.bss..L_MergedGlobals)
    CheckStcik                               0x200001c5   Data           1  task.o(.bss..L_MergedGlobals)
    Tasks                                    0x200001c8   Data         120  task.o(.bss..L_MergedGlobals)
    speed_count                              0x20000240   Data           4  joystick.o(.bss..L_MergedGlobals.1)
    motor_ready                              0x20000244   Data           4  joystick.o(.bss..L_MergedGlobals.1)
    motor_shutdown                           0x20000248   Data           4  joystick.o(.bss..L_MergedGlobals.1)
    MAX_Speed                                0x2000024c   Data           4  joystick.o(.bss..L_MergedGlobals.1)
    flagg                                    0x20000250   Data           4  joystick.o(.bss..L_MergedGlobals.1)
    Vcx                                      0x20000258   Data           4  motor_speed_pid.o(.bss..L_MergedGlobals.1)
    Wc                                       0x2000025c   Data           4  motor_speed_pid.o(.bss..L_MergedGlobals.1)
    free_flag                                0x20000260   Data           4  motor_speed_pid.o(.bss..L_MergedGlobals.1)
    set_spdL                                 0x20000268   Data           4  motor_speed_pid.o(.bss..L_MergedGlobals.1)
    set_spdR                                 0x2000026c   Data           4  motor_speed_pid.o(.bss..L_MergedGlobals.1)
    IST8310data                              0x20000274   Data          12  ist.o(.bss.IST8310data)
    Save_Data                                0x20000280   Data         121  usart.o(.bss.Save_Data)
    USART_RX_BUF                             0x200002fc   Data         200  usart.o(.bss.USART_RX_BUF)
    ahrs                                     0x200003c4   Data         116  imu.o(.bss.ahrs)
    hcan1                                    0x20000438   Data          40  can.o(.bss.hcan1)
    hcan2                                    0x20000460   Data          40  can.o(.bss.hcan2)
    hdma_usart1_tx                           0x20000488   Data          96  usart.o(.bss.hdma_usart1_tx)
    hdma_usart6_tx                           0x200004e8   Data          96  usart.o(.bss.hdma_usart6_tx)
    hi2c3                                    0x20000548   Data          84  i2c.o(.bss.hi2c3)
    hspi1                                    0x2000059c   Data          88  spi.o(.bss.hspi1)
    htim1                                    0x200005f4   Data          72  tim.o(.bss.htim1)
    htim10                                   0x2000063c   Data          72  tim.o(.bss.htim10)
    htim4                                    0x20000684   Data          72  tim.o(.bss.htim4)
    htim5                                    0x200006cc   Data          72  tim.o(.bss.htim5)
    htim8                                    0x20000714   Data          72  tim.o(.bss.htim8)
    huart6                                   0x2000075c   Data          68  usart.o(.bss.huart6)
    motor_chassis                            0x200007a0   Data          70  can_receive.o(.bss.motor_chassis)
    motor_pid                                0x200007e8   Data         416  motor_speed_pid.o(.bss.motor_pid)
    stop_flag                                0x20000988   Data           4  stm32f4xx_it.o(.bss.stop_flag)
    uwTick                                   0x20000a90   Data           4  stm32f4xx_hal.o(.bss.uwTick)



==============================================================================

Memory Map of the image

  Image Entry point : 0x08000189

  Load Region LR_IROM1 (Base: 0x08000000, Size: 0x0000b7c8, Max: 0x00100000, ABSOLUTE)

    Execution Region ER_IROM1 (Exec base: 0x08000000, Load base: 0x08000000, Size: 0x0000b76c, Max: 0x00100000, ABSOLUTE)

    Exec Addr    Load Addr    Size         Type   Attr      Idx    E Section Name        Object

    0x08000000   0x08000000   0x00000188   Data   RO            3    RESET               startup_stm32f407xx.o
    0x08000188   0x08000188   0x00000008   Code   RO         1880  * !!!main             c_w.l(__main.o)
    0x08000190   0x08000190   0x00000034   Code   RO         2448    !!!scatter          c_w.l(__scatter.o)
    0x080001c4   0x080001c4   0x0000001a   Code   RO         2450    !!handler_copy      c_w.l(__scatter_copy.o)
    0x080001de   0x080001de   0x00000002   PAD
    0x080001e0   0x080001e0   0x0000001c   Code   RO         2452    !!handler_zi        c_w.l(__scatter_zi.o)
    0x080001fc   0x080001fc   0x00000000   Code   RO         1863    .ARM.Collect$$_printf_percent$$00000000  c_w.l(_printf_percent.o)
    0x080001fc   0x080001fc   0x00000006   Code   RO         2037    .ARM.Collect$$_printf_percent$$00000001  c_w.l(_printf_n.o)
    0x08000202   0x08000202   0x00000006   Code   RO         2039    .ARM.Collect$$_printf_percent$$00000002  c_w.l(_printf_p.o)
    0x08000208   0x08000208   0x00000006   Code   RO         1862    .ARM.Collect$$_printf_percent$$00000003  c_w.l(_printf_f.o)
    0x0800020e   0x0800020e   0x00000006   Code   RO         2043    .ARM.Collect$$_printf_percent$$00000004  c_w.l(_printf_e.o)
    0x08000214   0x08000214   0x00000006   Code   RO         2044    .ARM.Collect$$_printf_percent$$00000005  c_w.l(_printf_g.o)
    0x0800021a   0x0800021a   0x00000006   Code   RO         2045    .ARM.Collect$$_printf_percent$$00000006  c_w.l(_printf_a.o)
    0x08000220   0x08000220   0x0000000a   Code   RO         2050    .ARM.Collect$$_printf_percent$$00000007  c_w.l(_printf_ll.o)
    0x0800022a   0x0800022a   0x00000006   Code   RO         2041    .ARM.Collect$$_printf_percent$$00000008  c_w.l(_printf_i.o)
    0x08000230   0x08000230   0x00000006   Code   RO         1861    .ARM.Collect$$_printf_percent$$00000009  c_w.l(_printf_d.o)
    0x08000236   0x08000236   0x00000006   Code   RO         2042    .ARM.Collect$$_printf_percent$$0000000A  c_w.l(_printf_u.o)
    0x0800023c   0x0800023c   0x00000006   Code   RO         2040    .ARM.Collect$$_printf_percent$$0000000B  c_w.l(_printf_o.o)
    0x08000242   0x08000242   0x00000006   Code   RO         2038    .ARM.Collect$$_printf_percent$$0000000C  c_w.l(_printf_x.o)
    0x08000248   0x08000248   0x00000006   Code   RO         2047    .ARM.Collect$$_printf_percent$$0000000D  c_w.l(_printf_lli.o)
    0x0800024e   0x0800024e   0x00000006   Code   RO         2048    .ARM.Collect$$_printf_percent$$0000000E  c_w.l(_printf_lld.o)
    0x08000254   0x08000254   0x00000006   Code   RO         2049    .ARM.Collect$$_printf_percent$$0000000F  c_w.l(_printf_llu.o)
    0x0800025a   0x0800025a   0x00000006   Code   RO         2054    .ARM.Collect$$_printf_percent$$00000010  c_w.l(_printf_llo.o)
    0x08000260   0x08000260   0x00000006   Code   RO         2055    .ARM.Collect$$_printf_percent$$00000011  c_w.l(_printf_llx.o)
    0x08000266   0x08000266   0x0000000a   Code   RO         2051    .ARM.Collect$$_printf_percent$$00000012  c_w.l(_printf_l.o)
    0x08000270   0x08000270   0x00000006   Code   RO         2036    .ARM.Collect$$_printf_percent$$00000013  c_w.l(_printf_c.o)
    0x08000276   0x08000276   0x00000006   Code   RO         1860    .ARM.Collect$$_printf_percent$$00000014  c_w.l(_printf_s.o)
    0x0800027c   0x0800027c   0x00000006   Code   RO         2052    .ARM.Collect$$_printf_percent$$00000015  c_w.l(_printf_lc.o)
    0x08000282   0x08000282   0x00000006   Code   RO         2053    .ARM.Collect$$_printf_percent$$00000016  c_w.l(_printf_ls.o)
    0x08000288   0x08000288   0x00000004   Code   RO         2046    .ARM.Collect$$_printf_percent$$00000017  c_w.l(_printf_percent_end.o)
    0x0800028c   0x0800028c   0x00000002   Code   RO         2259    .ARM.Collect$$libinit$$00000000  c_w.l(libinit.o)
    0x0800028e   0x0800028e   0x00000004   Code   RO         2260    .ARM.Collect$$libinit$$00000001  c_w.l(libinit2.o)
    0x08000292   0x08000292   0x00000000   Code   RO         2263    .ARM.Collect$$libinit$$00000004  c_w.l(libinit2.o)
    0x08000292   0x08000292   0x00000000   Code   RO         2265    .ARM.Collect$$libinit$$00000006  c_w.l(libinit2.o)
    0x08000292   0x08000292   0x00000000   Code   RO         2268    .ARM.Collect$$libinit$$0000000C  c_w.l(libinit2.o)
    0x08000292   0x08000292   0x00000000   Code   RO         2270    .ARM.Collect$$libinit$$0000000E  c_w.l(libinit2.o)
    0x08000292   0x08000292   0x00000000   Code   RO         2272    .ARM.Collect$$libinit$$00000010  c_w.l(libinit2.o)
    0x08000292   0x08000292   0x00000006   Code   RO         2273    .ARM.Collect$$libinit$$00000011  c_w.l(libinit2.o)
    0x08000298   0x08000298   0x00000000   Code   RO         2275    .ARM.Collect$$libinit$$00000013  c_w.l(libinit2.o)
    0x08000298   0x08000298   0x0000000c   Code   RO         2276    .ARM.Collect$$libinit$$00000014  c_w.l(libinit2.o)
    0x080002a4   0x080002a4   0x00000000   Code   RO         2277    .ARM.Collect$$libinit$$00000015  c_w.l(libinit2.o)
    0x080002a4   0x080002a4   0x00000000   Code   RO         2279    .ARM.Collect$$libinit$$00000017  c_w.l(libinit2.o)
    0x080002a4   0x080002a4   0x0000000a   Code   RO         2280    .ARM.Collect$$libinit$$00000018  c_w.l(libinit2.o)
    0x080002ae   0x080002ae   0x00000000   Code   RO         2281    .ARM.Collect$$libinit$$00000019  c_w.l(libinit2.o)
    0x080002ae   0x080002ae   0x00000000   Code   RO         2283    .ARM.Collect$$libinit$$0000001B  c_w.l(libinit2.o)
    0x080002ae   0x080002ae   0x00000000   Code   RO         2285    .ARM.Collect$$libinit$$0000001D  c_w.l(libinit2.o)
    0x080002ae   0x080002ae   0x00000000   Code   RO         2287    .ARM.Collect$$libinit$$0000001F  c_w.l(libinit2.o)
    0x080002ae   0x080002ae   0x00000000   Code   RO         2289    .ARM.Collect$$libinit$$00000021  c_w.l(libinit2.o)
    0x080002ae   0x080002ae   0x00000000   Code   RO         2291    .ARM.Collect$$libinit$$00000023  c_w.l(libinit2.o)
    0x080002ae   0x080002ae   0x00000000   Code   RO         2293    .ARM.Collect$$libinit$$00000025  c_w.l(libinit2.o)
    0x080002ae   0x080002ae   0x00000000   Code   RO         2295    .ARM.Collect$$libinit$$00000027  c_w.l(libinit2.o)
    0x080002ae   0x080002ae   0x00000000   Code   RO         2299    .ARM.Collect$$libinit$$0000002E  c_w.l(libinit2.o)
    0x080002ae   0x080002ae   0x00000000   Code   RO         2301    .ARM.Collect$$libinit$$00000030  c_w.l(libinit2.o)
    0x080002ae   0x080002ae   0x00000000   Code   RO         2303    .ARM.Collect$$libinit$$00000032  c_w.l(libinit2.o)
    0x080002ae   0x080002ae   0x00000000   Code   RO         2305    .ARM.Collect$$libinit$$00000034  c_w.l(libinit2.o)
    0x080002ae   0x080002ae   0x00000002   Code   RO         2306    .ARM.Collect$$libinit$$00000035  c_w.l(libinit2.o)
    0x080002b0   0x080002b0   0x00000002   Code   RO         2402    .ARM.Collect$$libshutdown$$00000000  c_w.l(libshutdown.o)
    0x080002b2   0x080002b2   0x00000000   Code   RO         2431    .ARM.Collect$$libshutdown$$00000002  c_w.l(libshutdown2.o)
    0x080002b2   0x080002b2   0x00000000   Code   RO         2433    .ARM.Collect$$libshutdown$$00000004  c_w.l(libshutdown2.o)
    0x080002b2   0x080002b2   0x00000000   Code   RO         2436    .ARM.Collect$$libshutdown$$00000007  c_w.l(libshutdown2.o)
    0x080002b2   0x080002b2   0x00000000   Code   RO         2439    .ARM.Collect$$libshutdown$$0000000A  c_w.l(libshutdown2.o)
    0x080002b2   0x080002b2   0x00000000   Code   RO         2441    .ARM.Collect$$libshutdown$$0000000C  c_w.l(libshutdown2.o)
    0x080002b2   0x080002b2   0x00000000   Code   RO         2444    .ARM.Collect$$libshutdown$$0000000F  c_w.l(libshutdown2.o)
    0x080002b2   0x080002b2   0x00000002   Code   RO         2445    .ARM.Collect$$libshutdown$$00000010  c_w.l(libshutdown2.o)
    0x080002b4   0x080002b4   0x00000000   Code   RO         1977    .ARM.Collect$$rtentry$$00000000  c_w.l(__rtentry.o)
    0x080002b4   0x080002b4   0x00000000   Code   RO         2148    .ARM.Collect$$rtentry$$00000002  c_w.l(__rtentry2.o)
    0x080002b4   0x080002b4   0x00000006   Code   RO         2160    .ARM.Collect$$rtentry$$00000004  c_w.l(__rtentry4.o)
    0x080002ba   0x080002ba   0x00000000   Code   RO         2150    .ARM.Collect$$rtentry$$00000009  c_w.l(__rtentry2.o)
    0x080002ba   0x080002ba   0x00000004   Code   RO         2151    .ARM.Collect$$rtentry$$0000000A  c_w.l(__rtentry2.o)
    0x080002be   0x080002be   0x00000000   Code   RO         2153    .ARM.Collect$$rtentry$$0000000C  c_w.l(__rtentry2.o)
    0x080002be   0x080002be   0x00000008   Code   RO         2154    .ARM.Collect$$rtentry$$0000000D  c_w.l(__rtentry2.o)
    0x080002c6   0x080002c6   0x00000002   Code   RO         2311    .ARM.Collect$$rtexit$$00000000  c_w.l(rtexit.o)
    0x080002c8   0x080002c8   0x00000000   Code   RO         2356    .ARM.Collect$$rtexit$$00000002  c_w.l(rtexit2.o)
    0x080002c8   0x080002c8   0x00000004   Code   RO         2357    .ARM.Collect$$rtexit$$00000003  c_w.l(rtexit2.o)
    0x080002cc   0x080002cc   0x00000006   Code   RO         2358    .ARM.Collect$$rtexit$$00000004  c_w.l(rtexit2.o)
    0x080002d2   0x080002d2   0x00000002   PAD
    0x080002d4   0x080002d4   0x00000040   Code   RO            4    .text               startup_stm32f407xx.o
    0x08000314   0x08000314   0x000000f0   Code   RO         1826    .text               c_w.l(lludivv7m.o)
    0x08000404   0x08000404   0x00000024   Code   RO         1828    .text               c_w.l(vsprintf.o)
    0x08000428   0x08000428   0x00000052   Code   RO         1836    .text               c_w.l(_printf_str.o)
    0x0800047a   0x0800047a   0x00000002   PAD
    0x0800047c   0x0800047c   0x00000078   Code   RO         1838    .text               c_w.l(_printf_dec.o)
    0x080004f4   0x080004f4   0x00000188   Code   RO         1857    .text               c_w.l(__printf_flags_ss_wp.o)
    0x0800067c   0x0800067c   0x00000064   Code   RO         1872    .text               c_w.l(rt_memcpy_w.o)
    0x080006e0   0x080006e0   0x00000044   Code   RO         1874    .text               c_w.l(rt_memclr.o)
    0x08000724   0x08000724   0x0000004e   Code   RO         1876    .text               c_w.l(rt_memclr_w.o)
    0x08000772   0x08000772   0x00000006   Code   RO         1878    .text               c_w.l(heapauxi.o)
    0x08000778   0x08000778   0x00000016   Code   RO         1982    .text               c_w.l(_rserrno.o)
    0x0800078e   0x0800078e   0x0000004e   Code   RO         1984    .text               c_w.l(_printf_pad.o)
    0x080007dc   0x080007dc   0x00000024   Code   RO         1986    .text               c_w.l(_printf_truncate.o)
    0x08000800   0x08000800   0x000000b2   Code   RO         1988    .text               c_w.l(_printf_intcommon.o)
    0x080008b2   0x080008b2   0x00000028   Code   RO         1990    .text               c_w.l(_printf_charcount.o)
    0x080008da   0x080008da   0x0000041c   Code   RO         1992    .text               c_w.l(_printf_fp_dec.o)
    0x08000cf6   0x08000cf6   0x00000002   PAD
    0x08000cf8   0x08000cf8   0x00000030   Code   RO         1996    .text               c_w.l(_printf_char_common.o)
    0x08000d28   0x08000d28   0x0000000a   Code   RO         1998    .text               c_w.l(_sputc.o)
    0x08000d32   0x08000d32   0x0000002c   Code   RO         2000    .text               c_w.l(_printf_char.o)
    0x08000d5e   0x08000d5e   0x00000002   PAD
    0x08000d60   0x08000d60   0x000000bc   Code   RO         2004    .text               c_w.l(_printf_wctomb.o)
    0x08000e1c   0x08000e1c   0x0000007c   Code   RO         2007    .text               c_w.l(_printf_longlong_dec.o)
    0x08000e98   0x08000e98   0x00000070   Code   RO         2013    .text               c_w.l(_printf_oct_int_ll.o)
    0x08000f08   0x08000f08   0x00000094   Code   RO         2033    .text               c_w.l(_printf_hex_int_ll_ptr.o)
    0x08000f9c   0x08000f9c   0x00000008   Code   RO         2167    .text               c_w.l(rt_locale_intlibspace.o)
    0x08000fa4   0x08000fa4   0x00000008   Code   RO         2172    .text               c_w.l(rt_errno_addr_intlibspace.o)
    0x08000fac   0x08000fac   0x0000008a   Code   RO         2174    .text               c_w.l(lludiv10.o)
    0x08001036   0x08001036   0x00000002   PAD
    0x08001038   0x08001038   0x000002fc   Code   RO         2178    .text               c_w.l(_printf_fp_hex.o)
    0x08001334   0x08001334   0x00000080   Code   RO         2181    .text               c_w.l(_printf_fp_infnan.o)
    0x080013b4   0x080013b4   0x0000002c   Code   RO         2185    .text               c_w.l(_printf_wchar.o)
    0x080013e0   0x080013e0   0x000000e4   Code   RO         2189    .text               c_w.l(bigflt0.o)
    0x080014c4   0x080014c4   0x00000048   Code   RO         2220    .text               c_w.l(_c16rtomb.o)
    0x0800150c   0x0800150c   0x00000008   Code   RO         2233    .text               c_w.l(libspace.o)
    0x08001514   0x08001514   0x0000004a   Code   RO         2236    .text               c_w.l(sys_stackheap_outer.o)
    0x0800155e   0x0800155e   0x00000002   PAD
    0x08001560   0x08001560   0x00000010   Code   RO         2238    .text               c_w.l(rt_ctype_table.o)
    0x08001570   0x08001570   0x00000012   Code   RO         2246    .text               c_w.l(exit.o)
    0x08001582   0x08001582   0x00000006   PAD
    0x08001588   0x08001588   0x0000007c   Code   RO         2252    .text               c_w.l(strcmpv7em.o)
    0x08001604   0x08001604   0x0000000e   Code   RO           40    .text.BMI088_ACCEL_NS_H  bmi088middleware.o
    0x08001612   0x08001612   0x00000002   PAD
    0x08001614   0x08001614   0x0000000e   Code   RO           38    .text.BMI088_ACCEL_NS_L  bmi088middleware.o
    0x08001622   0x08001622   0x00000002   PAD
    0x08001624   0x08001624   0x00000002   Code   RO           30    .text.BMI088_GPIO_init  bmi088middleware.o
    0x08001626   0x08001626   0x00000002   PAD
    0x08001628   0x08001628   0x00000010   Code   RO           44    .text.BMI088_GYRO_NS_H  bmi088middleware.o
    0x08001638   0x08001638   0x00000010   Code   RO           42    .text.BMI088_GYRO_NS_L  bmi088middleware.o
    0x08001648   0x08001648   0x00000002   Code   RO           32    .text.BMI088_com_init  bmi088middleware.o
    0x0800164a   0x0800164a   0x00000002   PAD
    0x0800164c   0x0800164c   0x000001e6   Code   RO           34    .text.BMI088_delay_ms  bmi088middleware.o
    0x08001832   0x08001832   0x00000002   PAD
    0x08001834   0x08001834   0x0000004a   Code   RO           36    .text.BMI088_delay_us  bmi088middleware.o
    0x0800187e   0x0800187e   0x00000002   PAD
    0x08001880   0x08001880   0x00000018   Code   RO           11    .text.BMI088_init   bmi088driver.o
    0x08001898   0x08001898   0x0000019e   Code   RO           17    .text.BMI088_read   bmi088driver.o
    0x08001a36   0x08001a36   0x00000002   PAD
    0x08001a38   0x08001a38   0x0000002e   Code   RO           46    .text.BMI088_read_write_byte  bmi088middleware.o
    0x08001a66   0x08001a66   0x00000002   PAD
    0x08001a68   0x08001a68   0x00000002   Code   RO          571    .text.BusFault_Handler  stm32f4xx_it.o
    0x08001a6a   0x08001a6a   0x00000002   PAD
    0x08001a6c   0x08001a6c   0x0000000c   Code   RO          587    .text.CAN1_RX0_IRQHandler  stm32f4xx_it.o
    0x08001a78   0x08001a78   0x00000062   Code   RO           70    .text.CAN_cmd_chassis  can_receive.o
    0x08001ada   0x08001ada   0x00000002   PAD
    0x08001adc   0x08001adc   0x0000000c   Code   RO          597    .text.DMA2_Stream6_IRQHandler  stm32f4xx_it.o
    0x08001ae8   0x08001ae8   0x0000000c   Code   RO          599    .text.DMA2_Stream7_IRQHandler  stm32f4xx_it.o
    0x08001af4   0x08001af4   0x00000002   Code   RO          577    .text.DebugMon_Handler  stm32f4xx_it.o
    0x08001af6   0x08001af6   0x00000002   PAD
    0x08001af8   0x08001af8   0x00000016   Code   RO          583    .text.EXTI0_IRQHandler  stm32f4xx_it.o
    0x08001b0e   0x08001b0e   0x00000002   PAD
    0x08001b10   0x08001b10   0x00000010   Code   RO          585    .text.EXTI3_IRQHandler  stm32f4xx_it.o
    0x08001b20   0x08001b20   0x0000000a   Code   RO          417    .text.Error_Handler  main.o
    0x08001b2a   0x08001b2a   0x00000002   PAD
    0x08001b2c   0x08001b2c   0x00000098   Code   RO          112    .text.FusionAhrsGetLinearAcceleration  fusionahrs.o
    0x08001bc4   0x08001bc4   0x00000008   Code   RO          108    .text.FusionAhrsGetQuaternion  fusionahrs.o
    0x08001bcc   0x08001bcc   0x00000066   Code   RO           94    .text.FusionAhrsInitialise  fusionahrs.o
    0x08001c32   0x08001c32   0x00000002   PAD
    0x08001c34   0x08001c34   0x000000e8   Code   RO           96    .text.FusionAhrsSetSettings  fusionahrs.o
    0x08001d1c   0x08001d1c   0x000006f8   Code   RO          100    .text.FusionAhrsUpdate  fusionahrs.o
    0x08002414   0x08002414   0x000000cc   Code   RO          102    .text.FusionAhrsUpdateNoMagnetometer  fusionahrs.o
    0x080024e0   0x080024e0   0x00000034   Code   RO          138    .text.FusionOffsetInitialise  fusionoffset.o
    0x08002514   0x08002514   0x00000086   Code   RO          140    .text.FusionOffsetUpdate  fusionoffset.o
    0x0800259a   0x0800259a   0x00000002   PAD
    0x0800259c   0x0800259c   0x0000002e   Code   RO          712    .text.HAL_CAN_ActivateNotification  stm32f4xx_hal_can.o
    0x080025ca   0x080025ca   0x00000002   PAD
    0x080025cc   0x080025cc   0x000000c0   Code   RO          698    .text.HAL_CAN_AddTxMessage  stm32f4xx_hal_can.o
    0x0800268c   0x0800268c   0x000000de   Code   RO          688    .text.HAL_CAN_ConfigFilter  stm32f4xx_hal_can.o
    0x0800276a   0x0800276a   0x00000002   PAD
    0x0800276c   0x0800276c   0x00000002   Code   RO          742    .text.HAL_CAN_ErrorCallback  stm32f4xx_hal_can.o
    0x0800276e   0x0800276e   0x00000002   PAD
    0x08002770   0x08002770   0x0000011e   Code   RO          708    .text.HAL_CAN_GetRxMessage  stm32f4xx_hal_can.o
    0x0800288e   0x0800288e   0x00000002   PAD
    0x08002890   0x08002890   0x0000025e   Code   RO          716    .text.HAL_CAN_IRQHandler  stm32f4xx_hal_can.o
    0x08002aee   0x08002aee   0x00000002   PAD
    0x08002af0   0x08002af0   0x000000f4   Code   RO          678    .text.HAL_CAN_Init  stm32f4xx_hal_can.o
    0x08002be4   0x08002be4   0x0000012e   Code   RO          445    .text.HAL_CAN_MspInit  can.o
    0x08002d12   0x08002d12   0x00000002   PAD
    0x08002d14   0x08002d14   0x00000002   Code   RO          730    .text.HAL_CAN_RxFifo0FullCallback  stm32f4xx_hal_can.o
    0x08002d16   0x08002d16   0x00000002   PAD
    0x08002d18   0x08002d18   0x0000005e   Code   RO           64    .text.HAL_CAN_RxFifo0MsgPendingCallback  can_receive.o
    0x08002d76   0x08002d76   0x00000002   PAD
    0x08002d78   0x08002d78   0x00000002   Code   RO          734    .text.HAL_CAN_RxFifo1FullCallback  stm32f4xx_hal_can.o
    0x08002d7a   0x08002d7a   0x00000002   PAD
    0x08002d7c   0x08002d7c   0x00000002   Code   RO          736    .text.HAL_CAN_RxFifo1MsgPendingCallback  stm32f4xx_hal_can.o
    0x08002d7e   0x08002d7e   0x00000002   PAD
    0x08002d80   0x08002d80   0x00000002   Code   RO          738    .text.HAL_CAN_SleepCallback  stm32f4xx_hal_can.o
    0x08002d82   0x08002d82   0x00000002   PAD
    0x08002d84   0x08002d84   0x0000005a   Code   RO          690    .text.HAL_CAN_Start  stm32f4xx_hal_can.o
    0x08002dde   0x08002dde   0x00000002   PAD
    0x08002de0   0x08002de0   0x00000002   Code   RO          720    .text.HAL_CAN_TxMailbox0AbortCallback  stm32f4xx_hal_can.o
    0x08002de2   0x08002de2   0x00000002   PAD
    0x08002de4   0x08002de4   0x00000002   Code   RO          718    .text.HAL_CAN_TxMailbox0CompleteCallback  stm32f4xx_hal_can.o
    0x08002de6   0x08002de6   0x00000002   PAD
    0x08002de8   0x08002de8   0x00000002   Code   RO          724    .text.HAL_CAN_TxMailbox1AbortCallback  stm32f4xx_hal_can.o
    0x08002dea   0x08002dea   0x00000002   PAD
    0x08002dec   0x08002dec   0x00000002   Code   RO          722    .text.HAL_CAN_TxMailbox1CompleteCallback  stm32f4xx_hal_can.o
    0x08002dee   0x08002dee   0x00000002   PAD
    0x08002df0   0x08002df0   0x00000002   Code   RO          728    .text.HAL_CAN_TxMailbox2AbortCallback  stm32f4xx_hal_can.o
    0x08002df2   0x08002df2   0x00000002   PAD
    0x08002df4   0x08002df4   0x00000002   Code   RO          726    .text.HAL_CAN_TxMailbox2CompleteCallback  stm32f4xx_hal_can.o
    0x08002df6   0x08002df6   0x00000002   PAD
    0x08002df8   0x08002df8   0x00000002   Code   RO          740    .text.HAL_CAN_WakeUpFromRxMsgCallback  stm32f4xx_hal_can.o
    0x08002dfa   0x08002dfa   0x00000002   PAD
    0x08002dfc   0x08002dfc   0x0000008e   Code   RO          914    .text.HAL_DMA_Abort  stm32f4xx_hal_dma.o
    0x08002e8a   0x08002e8a   0x00000002   PAD
    0x08002e8c   0x08002e8c   0x00000024   Code   RO          916    .text.HAL_DMA_Abort_IT  stm32f4xx_hal_dma.o
    0x08002eb0   0x08002eb0   0x000001c0   Code   RO          920    .text.HAL_DMA_IRQHandler  stm32f4xx_hal_dma.o
    0x08003070   0x08003070   0x00000162   Code   RO          906    .text.HAL_DMA_Init  stm32f4xx_hal_dma.o
    0x080031d2   0x080031d2   0x00000002   PAD
    0x080031d4   0x080031d4   0x0000009e   Code   RO          912    .text.HAL_DMA_Start_IT  stm32f4xx_hal_dma.o
    0x08003272   0x08003272   0x00000002   PAD
    0x08003274   0x08003274   0x00000028   Code   RO         1067    .text.HAL_Delay     stm32f4xx_hal.o
    0x0800329c   0x0800329c   0x0000003a   Code   RO          385    .text.HAL_Delay_us  user_delay.o
    0x080032d6   0x080032d6   0x00000002   PAD
    0x080032d8   0x080032d8   0x00000002   Code   RO          882    .text.HAL_GPIO_EXTI_Callback  stm32f4xx_hal_gpio.o
    0x080032da   0x080032da   0x00000002   PAD
    0x080032dc   0x080032dc   0x00000016   Code   RO          880    .text.HAL_GPIO_EXTI_IRQHandler  stm32f4xx_hal_gpio.o
    0x080032f2   0x080032f2   0x00000002   PAD
    0x080032f4   0x080032f4   0x000001a6   Code   RO          868    .text.HAL_GPIO_Init  stm32f4xx_hal_gpio.o
    0x0800349a   0x0800349a   0x00000002   PAD
    0x0800349c   0x0800349c   0x0000000a   Code   RO          872    .text.HAL_GPIO_ReadPin  stm32f4xx_hal_gpio.o
    0x080034a6   0x080034a6   0x00000002   PAD
    0x080034a8   0x080034a8   0x0000000a   Code   RO          874    .text.HAL_GPIO_WritePin  stm32f4xx_hal_gpio.o
    0x080034b2   0x080034b2   0x00000002   PAD
    0x080034b4   0x080034b4   0x0000000c   Code   RO         1059    .text.HAL_GetTick   stm32f4xx_hal.o
    0x080034c0   0x080034c0   0x00000176   Code   RO         1137    .text.HAL_I2C_Init  stm32f4xx_hal_i2c.o
    0x08003636   0x08003636   0x00000002   PAD
    0x08003638   0x08003638   0x0000036e   Code   RO         1181    .text.HAL_I2C_Mem_Read  stm32f4xx_hal_i2c.o
    0x080039a6   0x080039a6   0x00000002   PAD
    0x080039a8   0x080039a8   0x000001da   Code   RO         1177    .text.HAL_I2C_Mem_Write  stm32f4xx_hal_i2c.o
    0x08003b82   0x08003b82   0x00000002   PAD
    0x08003b84   0x08003b84   0x000000aa   Code   RO          471    .text.HAL_I2C_MspInit  i2c.o
    0x08003c2e   0x08003c2e   0x00000002   PAD
    0x08003c30   0x08003c30   0x0000001a   Code   RO         1057    .text.HAL_IncTick   stm32f4xx_hal.o
    0x08003c4a   0x08003c4a   0x00000002   PAD
    0x08003c4c   0x08003c4c   0x00000036   Code   RO         1047    .text.HAL_Init      stm32f4xx_hal.o
    0x08003c82   0x08003c82   0x00000002   PAD
    0x08003c84   0x08003c84   0x00000048   Code   RO         1049    .text.HAL_InitTick  stm32f4xx_hal.o
    0x08003ccc   0x08003ccc   0x00000038   Code   RO          611    .text.HAL_MspInit   stm32f4xx_hal_msp.o
    0x08003d04   0x08003d04   0x00000026   Code   RO         1005    .text.HAL_NVIC_EnableIRQ  stm32f4xx_hal_cortex.o
    0x08003d2a   0x08003d2a   0x00000002   PAD
    0x08003d2c   0x08003d2c   0x00000056   Code   RO         1003    .text.HAL_NVIC_SetPriority  stm32f4xx_hal_cortex.o
    0x08003d82   0x08003d82   0x00000002   PAD
    0x08003d84   0x08003d84   0x00000020   Code   RO         1001    .text.HAL_NVIC_SetPriorityGrouping  stm32f4xx_hal_cortex.o
    0x08003da4   0x08003da4   0x00000160   Code   RO          762    .text.HAL_RCC_ClockConfig  stm32f4xx_hal_rcc.o
    0x08003f04   0x08003f04   0x0000000c   Code   RO          772    .text.HAL_RCC_GetHCLKFreq  stm32f4xx_hal_rcc.o
    0x08003f10   0x08003f10   0x00000026   Code   RO          774    .text.HAL_RCC_GetPCLK1Freq  stm32f4xx_hal_rcc.o
    0x08003f36   0x08003f36   0x00000002   PAD
    0x08003f38   0x08003f38   0x00000026   Code   RO          776    .text.HAL_RCC_GetPCLK2Freq  stm32f4xx_hal_rcc.o
    0x08003f5e   0x08003f5e   0x00000002   PAD
    0x08003f60   0x08003f60   0x0000006a   Code   RO          764    .text.HAL_RCC_GetSysClockFreq  stm32f4xx_hal_rcc.o
    0x08003fca   0x08003fca   0x00000002   PAD
    0x08003fcc   0x08003fcc   0x00000374   Code   RO          760    .text.HAL_RCC_OscConfig  stm32f4xx_hal_rcc.o
    0x08004340   0x08004340   0x000000b4   Code   RO         1272    .text.HAL_SPI_Init  stm32f4xx_hal_spi.o
    0x080043f4   0x080043f4   0x000000a2   Code   RO          486    .text.HAL_SPI_MspInit  spi.o
    0x08004496   0x08004496   0x00000002   PAD
    0x08004498   0x08004498   0x00000318   Code   RO         1284    .text.HAL_SPI_TransmitReceive  stm32f4xx_hal_spi.o
    0x080047b0   0x080047b0   0x0000002c   Code   RO         1013    .text.HAL_SYSTICK_Config  stm32f4xx_hal_cortex.o
    0x080047dc   0x080047dc   0x00000002   Code   RO         1691    .text.HAL_TIMEx_BreakCallback  stm32f4xx_hal_tim_ex.o
    0x080047de   0x080047de   0x00000002   PAD
    0x080047e0   0x080047e0   0x00000002   Code   RO         1687    .text.HAL_TIMEx_CommutCallback  stm32f4xx_hal_tim_ex.o
    0x080047e2   0x080047e2   0x00000002   PAD
    0x080047e4   0x080047e4   0x000000b6   Code   RO         1681    .text.HAL_TIMEx_MasterConfigSynchronization  stm32f4xx_hal_tim_ex.o
    0x0800489a   0x0800489a   0x00000002   PAD
    0x0800489c   0x0800489c   0x0000005a   Code   RO         1386    .text.HAL_TIM_Base_Init  stm32f4xx_hal_tim.o
    0x080048f6   0x080048f6   0x00000002   PAD
    0x080048f8   0x080048f8   0x00000132   Code   RO          511    .text.HAL_TIM_Base_MspInit  tim.o
    0x08004a2a   0x08004a2a   0x00000002   PAD
    0x08004a2c   0x08004a2c   0x000000aa   Code   RO         1400    .text.HAL_TIM_Base_Start_IT  stm32f4xx_hal_tim.o
    0x08004ad6   0x08004ad6   0x00000002   PAD
    0x08004ad8   0x08004ad8   0x0000019c   Code   RO         1566    .text.HAL_TIM_ConfigClockSource  stm32f4xx_hal_tim.o
    0x08004c74   0x08004c74   0x00000002   Code   RO         1522    .text.HAL_TIM_IC_CaptureCallback  stm32f4xx_hal_tim.o
    0x08004c76   0x08004c76   0x00000002   PAD
    0x08004c78   0x08004c78   0x00000170   Code   RO         1520    .text.HAL_TIM_IRQHandler  stm32f4xx_hal_tim.o
    0x08004de8   0x08004de8   0x00000002   Code   RO         1524    .text.HAL_TIM_OC_DelayElapsedCallback  stm32f4xx_hal_tim.o
    0x08004dea   0x08004dea   0x00000002   PAD
    0x08004dec   0x08004dec   0x00000222   Code   RO         1540    .text.HAL_TIM_PWM_ConfigChannel  stm32f4xx_hal_tim.o
    0x0800500e   0x0800500e   0x00000002   PAD
    0x08005010   0x08005010   0x0000005a   Code   RO         1440    .text.HAL_TIM_PWM_Init  stm32f4xx_hal_tim.o
    0x0800506a   0x0800506a   0x00000002   PAD
    0x0800506c   0x0800506c   0x00000002   Code   RO         1442    .text.HAL_TIM_PWM_MspInit  stm32f4xx_hal_tim.o
    0x0800506e   0x0800506e   0x00000002   PAD
    0x08005070   0x08005070   0x00000002   Code   RO         1526    .text.HAL_TIM_PWM_PulseFinishedCallback  stm32f4xx_hal_tim.o
    0x08005072   0x08005072   0x00000002   PAD
    0x08005074   0x08005074   0x00000112   Code   RO         1448    .text.HAL_TIM_PWM_Start  stm32f4xx_hal_tim.o
    0x08005186   0x08005186   0x00000002   PAD
    0x08005188   0x08005188   0x00000002   Code   RO         1528    .text.HAL_TIM_PeriodElapsedCallback  stm32f4xx_hal_tim.o
    0x0800518a   0x0800518a   0x00000002   PAD
    0x0800518c   0x0800518c   0x00000002   Code   RO         1530    .text.HAL_TIM_TriggerCallback  stm32f4xx_hal_tim.o
    0x0800518e   0x0800518e   0x00000002   PAD
    0x08005190   0x08005190   0x00000002   Code   RO         1789    .text.HAL_UARTEx_RxEventCallback  stm32f4xx_hal_uart.o
    0x08005192   0x08005192   0x00000002   PAD
    0x08005194   0x08005194   0x00000002   Code   RO         1787    .text.HAL_UART_ErrorCallback  stm32f4xx_hal_uart.o
    0x08005196   0x08005196   0x00000002   PAD
    0x08005198   0x08005198   0x00000564   Code   RO         1781    .text.HAL_UART_IRQHandler  stm32f4xx_hal_uart.o
    0x080056fc   0x080056fc   0x0000005e   Code   RO         1705    .text.HAL_UART_Init  stm32f4xx_hal_uart.o
    0x0800575a   0x0800575a   0x00000002   PAD
    0x0800575c   0x0800575c   0x000001ac   Code   RO          538    .text.HAL_UART_MspInit  usart.o
    0x08005908   0x08005908   0x0000005e   Code   RO         1727    .text.HAL_UART_Receive_IT  stm32f4xx_hal_uart.o
    0x08005966   0x08005966   0x00000002   PAD
    0x08005968   0x08005968   0x000000de   Code   RO          542    .text.HAL_UART_RxCpltCallback  usart.o
    0x08005a46   0x08005a46   0x00000002   PAD
    0x08005a48   0x08005a48   0x000000c8   Code   RO         1731    .text.HAL_UART_Transmit_DMA  stm32f4xx_hal_uart.o
    0x08005b10   0x08005b10   0x00000002   Code   RO         1791    .text.HAL_UART_TxCpltCallback  stm32f4xx_hal_uart.o
    0x08005b12   0x08005b12   0x00000002   PAD
    0x08005b14   0x08005b14   0x00000002   Code   RO         1793    .text.HAL_UART_TxHalfCpltCallback  stm32f4xx_hal_uart.o
    0x08005b16   0x08005b16   0x00000002   PAD
    0x08005b18   0x08005b18   0x00000002   Code   RO          567    .text.HardFault_Handler  stm32f4xx_it.o
    0x08005b1a   0x08005b1a   0x00000002   PAD
    0x08005b1c   0x08005b1c   0x0000031e   Code   RO         1183    .text.I2C_RequestMemoryRead  stm32f4xx_hal_i2c.o
    0x08005e3a   0x08005e3a   0x00000002   PAD
    0x08005e3c   0x08005e3c   0x00000272   Code   RO         1179    .text.I2C_RequestMemoryWrite  stm32f4xx_hal_i2c.o
    0x080060ae   0x080060ae   0x00000002   PAD
    0x080060b0   0x080060b0   0x000000a8   Code   RO         1149    .text.I2C_WaitOnBTFFlagUntilTimeout  stm32f4xx_hal_i2c.o
    0x08006158   0x08006158   0x00000150   Code   RO         1147    .text.I2C_WaitOnFlagUntilTimeout  stm32f4xx_hal_i2c.o
    0x080062a8   0x080062a8   0x000000b8   Code   RO         1261    .text.I2C_WaitOnMasterAddressFlagUntilTimeout  stm32f4xx_hal_i2c.o
    0x08006360   0x08006360   0x00000114   Code   RO          150    .text.IMU_update    imu.o
    0x08006474   0x08006474   0x0000000c   Code   RO          176    .text.IST_read      ist.o
    0x08006480   0x08006480   0x000000a2   Code   RO          394    .text.Init_all      user_init.o
    0x08006522   0x08006522   0x00000002   PAD
    0x08006524   0x08006524   0x00000130   Code   RO          236    .text.Joystick_motor_control  joystick.o
    0x08006654   0x08006654   0x000000ce   Code   RO          232    .text.Joystick_motor_start  joystick.o
    0x08006722   0x08006722   0x00000006   PAD
    0x08006728   0x08006728   0x000000a0   Code   RO          288    .text.MOTORrpm2vw   motor_speed_pid.o
    0x080067c8   0x080067c8   0x00000040   Code   RO          441    .text.MX_CAN1_Init  can.o
    0x08006808   0x08006808   0x00000040   Code   RO          443    .text.MX_CAN2_Init  can.o
    0x08006848   0x08006848   0x00000048   Code   RO          460    .text.MX_DMA_Init   dma.o
    0x08006890   0x08006890   0x0000016e   Code   RO          432    .text.MX_GPIO_Init  gpio.o
    0x080069fe   0x080069fe   0x00000002   PAD
    0x08006a00   0x08006a00   0x00000042   Code   RO          469    .text.MX_I2C3_Init  i2c.o
    0x08006a42   0x08006a42   0x00000002   PAD
    0x08006a44   0x08006a44   0x00000052   Code   RO          484    .text.MX_SPI1_Init  spi.o
    0x08006a96   0x08006a96   0x00000002   PAD
    0x08006a98   0x08006a98   0x000000ee   Code   RO          509    .text.MX_TIM10_Init  tim.o
    0x08006b86   0x08006b86   0x00000002   PAD
    0x08006b88   0x08006b88   0x00000082   Code   RO          499    .text.MX_TIM1_Init  tim.o
    0x08006c0a   0x08006c0a   0x00000002   PAD
    0x08006c0c   0x08006c0c   0x00000082   Code   RO          501    .text.MX_TIM4_Init  tim.o
    0x08006c8e   0x08006c8e   0x00000002   PAD
    0x08006c90   0x08006c90   0x00000184   Code   RO          503    .text.MX_TIM5_Init  tim.o
    0x08006e14   0x08006e14   0x00000084   Code   RO          507    .text.MX_TIM8_Init  tim.o
    0x08006e98   0x08006e98   0x0000003e   Code   RO          534    .text.MX_USART1_UART_Init  usart.o
    0x08006ed6   0x08006ed6   0x00000002   PAD
    0x08006ed8   0x08006ed8   0x00000050   Code   RO          536    .text.MX_USART6_UART_Init  usart.o
    0x08006f28   0x08006f28   0x00000002   Code   RO          569    .text.MemManage_Handler  stm32f4xx_it.o
    0x08006f2a   0x08006f2a   0x00000006   PAD
    0x08006f30   0x08006f30   0x000000dc   Code   RO          280    .text.Motor_Speed_Calc  motor_speed_pid.o
    0x0800700c   0x0800700c   0x000000f8   Code   RO          282    .text.Motor_Speed_pid_init  motor_speed_pid.o
    0x08007104   0x08007104   0x00000002   Code   RO          565    .text.NMI_Handler   stm32f4xx_it.o
    0x08007106   0x08007106   0x00000002   PAD
    0x08007108   0x08007108   0x000000b0   Code   RO          327    .text.PS2_Cmd       ps2.o
    0x080071b8   0x080071b8   0x00000128   Code   RO          333    .text.PS2_DataKey   ps2.o
    0x080072e0   0x080072e0   0x00000068   Code   RO          341    .text.PS2_EnterConfing  ps2.o
    0x08007348   0x08007348   0x00000068   Code   RO          347    .text.PS2_ExitConfing  ps2.o
    0x080073b0   0x080073b0   0x000000f6   Code   RO          331    .text.PS2_ReadData  ps2.o
    0x080074a6   0x080074a6   0x00000002   PAD
    0x080074a8   0x080074a8   0x00000024   Code   RO          353    .text.PS2_Receive   ps2.o
    0x080074cc   0x080074cc   0x0000012e   Code   RO          349    .text.PS2_SetInit   ps2.o
    0x080075fa   0x080075fa   0x00000002   PAD
    0x080075fc   0x080075fc   0x00000062   Code   RO          343    .text.PS2_TurnOnAnalogMode  ps2.o
    0x0800765e   0x0800765e   0x00000002   PAD
    0x08007660   0x08007660   0x00000002   Code   RO          579    .text.PendSV_Handler  stm32f4xx_it.o
    0x08007662   0x08007662   0x00000002   PAD
    0x08007664   0x08007664   0x000000e4   Code   RO         1376    .text.SPI_WaitFlagStateUntilTimeout  stm32f4xx_hal_spi.o
    0x08007748   0x08007748   0x00000002   Code   RO          575    .text.SVC_Handler   stm32f4xx_it.o
    0x0800774a   0x0800774a   0x00000006   PAD
    0x08007750   0x08007750   0x0000037c   Code   RO          419    .text.Serial_Output  main.o
    0x08007acc   0x08007acc   0x000001e6   Code   RO          286    .text.Speed_set     motor_speed_pid.o
    0x08007cb2   0x08007cb2   0x00000002   PAD
    0x08007cb4   0x08007cb4   0x00000004   Code   RO          581    .text.SysTick_Handler  stm32f4xx_it.o
    0x08007cb8   0x08007cb8   0x000000b0   Code   RO          415    .text.SystemClock_Config  main.o
    0x08007d68   0x08007d68   0x00000012   Code   RO          642    .text.SystemInit    system_stm32f4xx.o
    0x08007d7a   0x08007d7a   0x00000002   PAD
    0x08007d7c   0x08007d7c   0x0000001e   Code   RO          589    .text.TIM1_UP_TIM10_IRQHandler  stm32f4xx_it.o
    0x08007d9a   0x08007d9a   0x00000002   PAD
    0x08007d9c   0x08007d9c   0x0000000c   Code   RO          591    .text.TIM4_IRQHandler  stm32f4xx_it.o
    0x08007da8   0x08007da8   0x00000016   Code   RO          595    .text.TIM8_UP_TIM13_IRQHandler  stm32f4xx_it.o
    0x08007dbe   0x08007dbe   0x00000002   PAD
    0x08007dc0   0x08007dc0   0x0000013c   Code   RO         1390    .text.TIM_Base_SetConfig  stm32f4xx_hal_tim.o
    0x08007efc   0x08007efc   0x00000036   Code   RO          657    .text.TaskAdd       task.o
    0x08007f32   0x08007f32   0x00000002   PAD
    0x08007f34   0x08007f34   0x00000052   Code   RO          659    .text.TaskCheck     task.o
    0x08007f86   0x08007f86   0x00000002   PAD
    0x08007f88   0x08007f88   0x000000b8   Code   RO          661    .text.TaskRun       task.o
    0x08008040   0x08008040   0x0000000c   Code   RO         1785    .text.UART_DMAAbortOnError  stm32f4xx_hal_uart.o
    0x0800804c   0x0800804c   0x0000017c   Code   RO         1737    .text.UART_DMAError  stm32f4xx_hal_uart.o
    0x080081c8   0x080081c8   0x000000b0   Code   RO         1733    .text.UART_DMATransmitCplt  stm32f4xx_hal_uart.o
    0x08008278   0x08008278   0x00000006   Code   RO         1735    .text.UART_DMATxHalfCplt  stm32f4xx_hal_uart.o
    0x0800827e   0x0800827e   0x00000002   PAD
    0x08008280   0x08008280   0x000000fe   Code   RO         1783    .text.UART_Receive_IT  stm32f4xx_hal_uart.o
    0x0800837e   0x0800837e   0x00000002   PAD
    0x08008380   0x08008380   0x000000ee   Code   RO         1709    .text.UART_SetConfig  stm32f4xx_hal_uart.o
    0x0800846e   0x0800846e   0x00000002   PAD
    0x08008470   0x08008470   0x0000000c   Code   RO          593    .text.USART1_IRQHandler  stm32f4xx_it.o
    0x0800847c   0x0800847c   0x0000000c   Code   RO          601    .text.USART6_IRQHandler  stm32f4xx_it.o
    0x08008488   0x08008488   0x00000002   Code   RO          573    .text.UsageFault_Handler  stm32f4xx_it.o
    0x0800848a   0x0800848a   0x00000002   PAD
    0x0800848c   0x0800848c   0x00000002   Code   RO          528    .text._sys_exit     usart.o
    0x0800848e   0x0800848e   0x00000002   PAD
    0x08008490   0x08008490   0x00000250   Code   RO           13    .text.bmi088_accel_init  bmi088driver.o
    0x080086e0   0x080086e0   0x00000212   Code   RO           15    .text.bmi088_gyro_init  bmi088driver.o
    0x080088f2   0x080088f2   0x00000002   PAD
    0x080088f4   0x080088f4   0x00000062   Code   RO           56    .text.can_filter_init  bsp_can.o
    0x08008956   0x08008956   0x00000002   PAD
    0x08008958   0x08008958   0x00000012   Code   RO          548    .text.clrStruct     usart.o
    0x0800896a   0x0800896a   0x00000002   PAD
    0x0800896c   0x0800896c   0x00000002   Code   RO          204    .text.ist8310_GPIO_init  ist8310driver_middleware.o
    0x0800896e   0x0800896e   0x00000002   PAD
    0x08008970   0x08008970   0x00000028   Code   RO          212    .text.ist8310_IIC_read_muli_reg  ist8310driver_middleware.o
    0x08008998   0x08008998   0x00000036   Code   RO          208    .text.ist8310_IIC_read_single_reg  ist8310driver_middleware.o
    0x080089ce   0x080089ce   0x00000002   PAD
    0x080089d0   0x080089d0   0x00000030   Code   RO          210    .text.ist8310_IIC_write_single_reg  ist8310driver_middleware.o
    0x08008a00   0x08008a00   0x00000010   Code   RO          220    .text.ist8310_RST_H  ist8310driver_middleware.o
    0x08008a10   0x08008a10   0x00000010   Code   RO          222    .text.ist8310_RST_L  ist8310driver_middleware.o
    0x08008a20   0x08008a20   0x00000002   Code   RO          206    .text.ist8310_com_init  ist8310driver_middleware.o
    0x08008a22   0x08008a22   0x00000002   PAD
    0x08008a24   0x08008a24   0x00000004   Code   RO          216    .text.ist8310_delay_ms  ist8310driver_middleware.o
    0x08008a28   0x08008a28   0x0000004a   Code   RO          218    .text.ist8310_delay_us  ist8310driver_middleware.o
    0x08008a72   0x08008a72   0x00000002   PAD
    0x08008a74   0x08008a74   0x000000d8   Code   RO          190    .text.ist8310_init  ist8310driver.o
    0x08008b4c   0x08008b4c   0x0000005c   Code   RO          194    .text.ist8310_read_mag  ist8310driver.o
    0x08008ba8   0x08008ba8   0x00000018   Code   RO          249    .text.led_green_start  led.o
    0x08008bc0   0x08008bc0   0x00000018   Code   RO          251    .text.led_red_start  led.o
    0x08008bd8   0x08008bd8   0x000000c4   Code   RO          413    .text.main          main.o
    0x08008c9c   0x08008c9c   0x00000004   PAD
    0x08008ca0   0x08008ca0   0x00000164   Code   RO          312    .text.pid_calculate  pid.o
    0x08008e04   0x08008e04   0x0000001e   Code   RO          306    .text.pid_init      pid.o
    0x08008e22   0x08008e22   0x00000002   PAD
    0x08008e24   0x08008e24   0x0000005a   Code   RO          308    .text.pid_param_init  pid.o
    0x08008e7e   0x08008e7e   0x00000002   PAD
    0x08008e80   0x08008e80   0x00000008   Code   RO          310    .text.pid_reset     pid.o
    0x08008e88   0x08008e88   0x00000042   Code   RO          402    .text.usart_printf  user_usart.o
    0x08008eca   0x08008eca   0x0000003e   Code   RO         2192    CL$$btod_d2e        c_w.l(btod.o)
    0x08008f08   0x08008f08   0x00000046   Code   RO         2194    CL$$btod_d2e_denorm_low  c_w.l(btod.o)
    0x08008f4e   0x08008f4e   0x00000060   Code   RO         2193    CL$$btod_d2e_norm_op1  c_w.l(btod.o)
    0x08008fae   0x08008fae   0x00000002   PAD
    0x08008fb0   0x08008fb0   0x00000338   Code   RO         2202    CL$$btod_div_common  c_w.l(btod.o)
    0x080092e8   0x080092e8   0x000000dc   Code   RO         2199    CL$$btod_e2e        c_w.l(btod.o)
    0x080093c4   0x080093c4   0x0000002a   Code   RO         2196    CL$$btod_ediv       c_w.l(btod.o)
    0x080093ee   0x080093ee   0x0000002a   Code   RO         2195    CL$$btod_emul       c_w.l(btod.o)
    0x08009418   0x08009418   0x00000244   Code   RO         2201    CL$$btod_mult_common  c_w.l(btod.o)
    0x0800965c   0x0800965c   0x00000030   Code   RO         2106    i.__ARM_fpclassify  m_wm.l(fpclassify.o)
    0x0800968c   0x0800968c   0x00000026   Code   RO         2108    i.__ARM_fpclassifyf  m_wm.l(fpclassifyf.o)
    0x080096b2   0x080096b2   0x00000002   PAD
    0x080096b4   0x080096b4   0x0000012c   Code   RO         1910    i.__hardfp_asinf    m_wm.l(asinf.o)
    0x080097e0   0x080097e0   0x000002ac   Code   RO         1916    i.__hardfp_atan2f   m_wm.l(atan2f.o)
    0x08009a8c   0x08009a8c   0x00000004   PAD
    0x08009a90   0x08009a90   0x000000c8   Code   RO         1928    i.__hardfp_cos      m_wm.l(cos.o)
    0x08009b58   0x08009b58   0x00000150   Code   RO         1934    i.__hardfp_cosf     m_wm.l(cosf.o)
    0x08009ca8   0x08009ca8   0x000000c8   Code   RO         1953    i.__hardfp_sin      m_wm.l(sin.o)
    0x08009d70   0x08009d70   0x00000190   Code   RO         1959    i.__hardfp_sinf     m_wm.l(sinf.o)
    0x08009f00   0x08009f00   0x00000438   Code   RO         2127    i.__ieee754_rem_pio2  m_wm.l(rred.o)
    0x0800a338   0x0800a338   0x00000170   Code   RO         2083    i.__kernel_cos      m_wm.l(cos_i.o)
    0x0800a4a8   0x0800a4a8   0x000000f8   Code   RO         2124    i.__kernel_poly     m_wm.l(poly.o)
    0x0800a5a0   0x0800a5a0   0x00000130   Code   RO         2135    i.__kernel_sin      m_wm.l(sin_i.o)
    0x0800a6d0   0x0800a6d0   0x00000014   Code   RO         2087    i.__mathlib_dbl_infnan  m_wm.l(dunder.o)
    0x0800a6e4   0x0800a6e4   0x00000004   PAD
    0x0800a6e8   0x0800a6e8   0x00000020   Code   RO         2089    i.__mathlib_dbl_invalid  m_wm.l(dunder.o)
    0x0800a708   0x0800a708   0x00000020   Code   RO         2092    i.__mathlib_dbl_underflow  m_wm.l(dunder.o)
    0x0800a728   0x0800a728   0x00000006   Code   RO         2111    i.__mathlib_flt_infnan  m_wm.l(funder.o)
    0x0800a72e   0x0800a72e   0x00000006   Code   RO         2112    i.__mathlib_flt_infnan2  m_wm.l(funder.o)
    0x0800a734   0x0800a734   0x00000010   Code   RO         2113    i.__mathlib_flt_invalid  m_wm.l(funder.o)
    0x0800a744   0x0800a744   0x00000010   Code   RO         2116    i.__mathlib_flt_underflow  m_wm.l(funder.o)
    0x0800a754   0x0800a754   0x00000154   Code   RO         2132    i.__mathlib_rredf2  m_wm.l(rredf.o)
    0x0800a8a8   0x0800a8a8   0x0000000e   Code   RO         1850    i._is_digit         c_w.l(__printf_wp.o)
    0x0800a8b6   0x0800a8b6   0x00000018   Code   RO         2102    i.fabs              m_wm.l(fabs.o)
    0x0800a8ce   0x0800a8ce   0x0000003e   Code   RO         2140    i.sqrtf             m_wm.l(sqrtf.o)
    0x0800a90c   0x0800a90c   0x0000002c   Code   RO         2223    locale$$code        c_w.l(lc_numeric_c.o)
    0x0800a938   0x0800a938   0x0000002c   Code   RO         2323    locale$$code        c_w.l(lc_ctype_c.o)
    0x0800a964   0x0800a964   0x00000018   Code   RO         2058    x$fpl$basic         fz_wm.l(basic.o)
    0x0800a97c   0x0800a97c   0x00000062   Code   RO         1882    x$fpl$d2f           fz_wm.l(d2f.o)
    0x0800a9de   0x0800a9de   0x00000002   PAD
    0x0800a9e0   0x0800a9e0   0x00000150   Code   RO         1884    x$fpl$dadd          fz_wm.l(daddsub_clz.o)
    0x0800ab30   0x0800ab30   0x000002b4   Code   RO         1891    x$fpl$ddiv          fz_wm.l(ddiv.o)
    0x0800ade4   0x0800ade4   0x0000005e   Code   RO         1894    x$fpl$dfix          fz_wm.l(dfix.o)
    0x0800ae42   0x0800ae42   0x0000002e   Code   RO         1899    x$fpl$dflt          fz_wm.l(dflt_clz.o)
    0x0800ae70   0x0800ae70   0x00000026   Code   RO         1898    x$fpl$dfltu         fz_wm.l(dflt_clz.o)
    0x0800ae96   0x0800ae96   0x00000002   PAD
    0x0800ae98   0x0800ae98   0x00000154   Code   RO         1904    x$fpl$dmul          fz_wm.l(dmul.o)
    0x0800afec   0x0800afec   0x0000009c   Code   RO         2060    x$fpl$dnaninf       fz_wm.l(dnaninf.o)
    0x0800b088   0x0800b088   0x0000000c   Code   RO         2064    x$fpl$dretinf       fz_wm.l(dretinf.o)
    0x0800b094   0x0800b094   0x00000016   Code   RO         1885    x$fpl$drsb          fz_wm.l(daddsub_clz.o)
    0x0800b0aa   0x0800b0aa   0x00000002   PAD
    0x0800b0ac   0x0800b0ac   0x000001dc   Code   RO         1886    x$fpl$dsub          fz_wm.l(daddsub_clz.o)
    0x0800b288   0x0800b288   0x00000056   Code   RO         1906    x$fpl$f2d           fz_wm.l(f2d.o)
    0x0800b2de   0x0800b2de   0x0000008c   Code   RO         2070    x$fpl$fnaninf       fz_wm.l(fnaninf.o)
    0x0800b36a   0x0800b36a   0x0000001a   Code   RO         2337    x$fpl$fpinit        fz_wm.l(fpinit.o)
    0x0800b384   0x0800b384   0x0000000a   Code   RO         2072    x$fpl$fretinf       fz_wm.l(fretinf.o)
    0x0800b38e   0x0800b38e   0x00000004   Code   RO         1908    x$fpl$printf1       fz_wm.l(printf1.o)
    0x0800b392   0x0800b392   0x00000004   Code   RO         2074    x$fpl$printf2       fz_wm.l(printf2.o)
    0x0800b396   0x0800b396   0x00000000   Code   RO         2082    x$fpl$usenofp       fz_wm.l(usenofp.o)
    0x0800b396   0x0800b396   0x00000011   Data   RO         1858    .constdata          c_w.l(__printf_flags_ss_wp.o)
    0x0800b3a7   0x0800b3a7   0x00000001   PAD
    0x0800b3a8   0x0800b3a8   0x00000008   Data   RO         2005    .constdata          c_w.l(_printf_wctomb.o)
    0x0800b3b0   0x0800b3b0   0x00000028   Data   RO         2034    .constdata          c_w.l(_printf_hex_int_ll_ptr.o)
    0x0800b3d8   0x0800b3d8   0x00000030   Data   RO         2084    .constdata          m_wm.l(cos_i.o)
    0x0800b408   0x0800b408   0x000000cc   Data   RO         2129    .constdata          m_wm.l(rred.o)
    0x0800b4d4   0x0800b4d4   0x00000020   Data   RO         2133    .constdata          m_wm.l(rredf.o)
    0x0800b4f4   0x0800b4f4   0x00000004   PAD
    0x0800b4f8   0x0800b4f8   0x00000028   Data   RO         2136    .constdata          m_wm.l(sin_i.o)
    0x0800b520   0x0800b520   0x00000026   Data   RO         2179    .constdata          c_w.l(_printf_fp_hex.o)
    0x0800b546   0x0800b546   0x00000002   PAD
    0x0800b548   0x0800b548   0x00000094   Data   RO         2190    .constdata          c_w.l(bigflt0.o)
    0x0800b5dc   0x0800b5dc   0x00000010   Data   RO          647    .rodata.AHBPrescTable  system_stm32f4xx.o
    0x0800b5ec   0x0800b5ec   0x00000008   Data   RO          648    .rodata.APBPrescTable  system_stm32f4xx.o
    0x0800b5f4   0x0800b5f4   0x00000008   Data   RO          930    .rodata.cst8        stm32f4xx_hal_dma.o
    0x0800b5fc   0x0800b5fc   0x00000012   Data   RO           19    .rodata.write_BMI088_accel_reg_data_error  bmi088driver.o
    0x0800b60e   0x0800b60e   0x00000012   Data   RO           20    .rodata.write_BMI088_gyro_reg_data_error  bmi088driver.o
    0x0800b620   0x0800b620   0x00000020   Data   RO         2447    Region$$Table       anon$$obj.o
    0x0800b640   0x0800b640   0x0000001c   Data   RO         2222    locale$$data        c_w.l(lc_numeric_c.o)
    0x0800b65c   0x0800b65c   0x00000110   Data   RO         2322    locale$$data        c_w.l(lc_ctype_c.o)


    Execution Region RW_IRAM1 (Exec base: 0x20000000, Load base: 0x0800b770, Size: 0x00001098, Max: 0x0001c000, ABSOLUTE)

    Exec Addr    Load Addr    Size         Type   Attr      Idx    E Section Name        Object

    0x20000000   0x0800b770   0x00000008   Data   RW           21    .data..L_MergedGlobals  bmi088driver.o
    0x20000008   0x0800b778   0x00000010   Data   RW          238    .data..L_MergedGlobals  joystick.o
    0x20000018   0x0800b788   0x00000008   Data   RW          296    .data..L_MergedGlobals  motor_speed_pid.o
    0x20000020   0x0800b790   0x00000008   Data   RW         1102    .data..L_MergedGlobals  stm32f4xx_hal.o
    0x20000028   0x0800b798   0x00000002   Data   RW          359    .data.Comd          ps2.o
    0x2000002a   0x0800b79a   0x00000002   PAD
    0x2000002c   0x0800b79c   0x00000004   Data   RW          156    .data.IMUdeltaTime  imu.o
    0x20000030   0x0800b7a0   0x00000020   Data   RW          360    .data.MASK          ps2.o
    0x20000050   0x0800b7c0   0x00000004   Data   RW          421    .data.SERIAL_PERIOD_MS  main.o
    0x20000054   0x0800b7c4   0x00000004   Data   RW          646    .data.SystemCoreClock  system_stm32f4xx.o
    0x20000058        -       0x00000060   Zero   RW         2234    .bss                c_w.l(libspace.o)
    0x200000b8        -       0x00000040   Zero   RW           85    .bss..L_MergedGlobals  can_receive.o
    0x200000f8        -       0x0000004c   Zero   RW          167    .bss..L_MergedGlobals  imu.o
    0x20000144        -       0x00000021   Zero   RW          362    .bss..L_MergedGlobals  ps2.o
    0x20000165   0x0800b7c8   0x00000003   PAD
    0x20000168        -       0x00000014   Zero   RW          423    .bss..L_MergedGlobals  main.o
    0x2000017c        -       0x00000048   Zero   RW          556    .bss..L_MergedGlobals  usart.o
    0x200001c4        -       0x0000007c   Zero   RW          669    .bss..L_MergedGlobals  task.o
    0x20000240        -       0x00000014   Zero   RW          239    .bss..L_MergedGlobals.1  joystick.o
    0x20000254        -       0x0000001c   Zero   RW          297    .bss..L_MergedGlobals.1  motor_speed_pid.o
    0x20000270        -       0x00000004   Zero   RW          451    .bss.HAL_RCC_CAN1_CLK_ENABLED  can.o
    0x20000274        -       0x0000000c   Zero   RW          182    .bss.IST8310data    ist.o
    0x20000280        -       0x00000079   Zero   RW          554    .bss.Save_Data      usart.o
    0x200002f9   0x0800b7c8   0x00000003   PAD
    0x200002fc        -       0x000000c8   Zero   RW          553    .bss.USART_RX_BUF   usart.o
    0x200003c4        -       0x00000074   Zero   RW          165    .bss.ahrs           imu.o
    0x20000438        -       0x00000028   Zero   RW          449    .bss.hcan1          can.o
    0x20000460        -       0x00000028   Zero   RW          450    .bss.hcan2          can.o
    0x20000488        -       0x00000060   Zero   RW          551    .bss.hdma_usart1_tx  usart.o
    0x200004e8        -       0x00000060   Zero   RW          552    .bss.hdma_usart6_tx  usart.o
    0x20000548        -       0x00000054   Zero   RW          475    .bss.hi2c3          i2c.o
    0x2000059c        -       0x00000058   Zero   RW          490    .bss.hspi1          spi.o
    0x200005f4        -       0x00000048   Zero   RW          515    .bss.htim1          tim.o
    0x2000063c        -       0x00000048   Zero   RW          519    .bss.htim10         tim.o
    0x20000684        -       0x00000048   Zero   RW          516    .bss.htim4          tim.o
    0x200006cc        -       0x00000048   Zero   RW          517    .bss.htim5          tim.o
    0x20000714        -       0x00000048   Zero   RW          518    .bss.htim8          tim.o
    0x2000075c        -       0x00000044   Zero   RW          550    .bss.huart6         usart.o
    0x200007a0        -       0x00000046   Zero   RW           84    .bss.motor_chassis  can_receive.o
    0x200007e6   0x0800b7c8   0x00000002   PAD
    0x200007e8        -       0x000001a0   Zero   RW          293    .bss.motor_pid      motor_speed_pid.o
    0x20000988        -       0x00000004   Zero   RW          603    .bss.stop_flag      stm32f4xx_it.o
    0x2000098c        -       0x00000004   Zero   RW          405    .bss.usart_printf.ap  user_usart.o
    0x20000990        -       0x00000100   Zero   RW          404    .bss.usart_printf.tx_buf  user_usart.o
    0x20000a90        -       0x00000004   Zero   RW         1101    .bss.uwTick         stm32f4xx_hal.o
    0x20000a94   0x0800b7c8   0x00000004   PAD
    0x20000a98        -       0x00000200   Zero   RW            2    HEAP                startup_stm32f407xx.o
    0x20000c98        -       0x00000400   Zero   RW            1    STACK               startup_stm32f407xx.o


    Execution Region RW_IRAM2 (Exec base: 0x2001c000, Load base: 0x0800b7c8, Size: 0x00000000, Max: 0x00004000, ABSOLUTE)

    **** No section assigned to this execution region ****


==============================================================================

Image component sizes


      Code (inc. data)   RO Data    RW Data    ZI Data      Debug   Object Name

      1560          0         36          8          0       5440   bmi088driver.o
       670          0          0          0          0       5496   bmi088middleware.o
        98          0          0          0          0       1359   bsp_can.o
       430          0          0          0         84       6650   can.o
       192          0          0          0        134       5775   can_receive.o
        72          0          0          0          0       3437   dma.o
      2482         48          0          0          0      21062   fusionahrs.o
       186          4          0          0          0       2224   fusionoffset.o
       366          0          0          0          0       4152   gpio.o
       236          0          0          0         84       5251   i2c.o
       276         44          0          4        192       5181   imu.o
        12          0          0          0         12       1029   ist.o
       308         16          0          0          0       1934   ist8310driver.o
       256          0          0          0          0       4301   ist8310driver_middleware.o
       510          8          0         16         20       1459   joystick.o
        48          0          0          0          0       1259   led.o
      1274         72          0          4         20       5879   main.o
      1114         44          0          8        444       4935   motor_speed_pid.o
       484         20          0          0          0       3101   pid.o
      1362          0          0         34         33       5190   ps2.o
       244          0          0          0         88       5095   spi.o
        64         26        392          0       1536        820   startup_stm32f407xx.o
       204          0          0          8          4       7266   stm32f4xx_hal.o
      1710          6          0          0          0      13804   stm32f4xx_hal_can.o
       200          0          0          0          0      10496   stm32f4xx_hal_cortex.o
      1138          6          8          0          0      10570   stm32f4xx_hal_dma.o
       466          0          0          0          0       5229   stm32f4xx_hal_gpio.o
      3838          0          0          0          0      53666   stm32f4xx_hal_i2c.o
        56          0          0          0          0       1428   stm32f4xx_hal_msp.o
      1430          0          0          0          0       7332   stm32f4xx_hal_rcc.o
      1200          0          0          0          0      26020   stm32f4xx_hal_spi.o
      2278          4          0          0          0      55007   stm32f4xx_hal_tim.o
       186          0          0          0          0      21212   stm32f4xx_hal_tim_ex.o
      2842          0          0          0          0      31689   stm32f4xx_hal_uart.o
       182          0          0          0          4       8237   stm32f4xx_it.o
        18          0         24          4          0       2619   system_stm32f4xx.o
       320         28          0          0        124       2000   task.o
      1324          0          0          0        360       9856   tim.o
       812          0          0          0        653       9435   usart.o
        58          0          0          0          0        771   user_delay.o
       162          0          0          0          0        962   user_init.o
        66          0          0          0        260       1630   user_usart.o

    ----------------------------------------------------------------------
     30982        330        492         88       4064     380258   Object Totals
         0          0         32          0          0          0   (incl. Generated)
       248          4          0          2         12          0   (incl. Padding)

    ----------------------------------------------------------------------

      Code (inc. data)   RO Data    RW Data    ZI Data      Debug   Library Member Name

         8          0          0          0          0         68   __main.o
       392          4         17          0          0         92   __printf_flags_ss_wp.o
        14          0          0          0          0         68   __printf_wp.o
         0          0          0          0          0          0   __rtentry.o
        12          0          0          0          0          0   __rtentry2.o
         6          0          0          0          0          0   __rtentry4.o
        52          8          0          0          0          0   __scatter.o
        26          0          0          0          0          0   __scatter_copy.o
        28          0          0          0          0          0   __scatter_zi.o
        72          0          0          0          0         96   _c16rtomb.o
         6          0          0          0          0          0   _printf_a.o
         6          0          0          0          0          0   _printf_c.o
        44          0          0          0          0        108   _printf_char.o
        48          6          0          0          0         96   _printf_char_common.o
        40          0          0          0          0         68   _printf_charcount.o
         6          0          0          0          0          0   _printf_d.o
       120         16          0          0          0         92   _printf_dec.o
         6          0          0          0          0          0   _printf_e.o
         6          0          0          0          0          0   _printf_f.o
      1052          0          0          0          0        148   _printf_fp_dec.o
       764          8         38          0          0        100   _printf_fp_hex.o
       128         16          0          0          0         84   _printf_fp_infnan.o
         6          0          0          0          0          0   _printf_g.o
       148          4         40          0          0        160   _printf_hex_int_ll_ptr.o
         6          0          0          0          0          0   _printf_i.o
       178          0          0          0          0         88   _printf_intcommon.o
        10          0          0          0          0          0   _printf_l.o
         6          0          0          0          0          0   _printf_lc.o
        10          0          0          0          0          0   _printf_ll.o
         6          0          0          0          0          0   _printf_lld.o
         6          0          0          0          0          0   _printf_lli.o
         6          0          0          0          0          0   _printf_llo.o
         6          0          0          0          0          0   _printf_llu.o
         6          0          0          0          0          0   _printf_llx.o
       124         16          0          0          0         92   _printf_longlong_dec.o
         6          0          0          0          0          0   _printf_ls.o
         6          0          0          0          0          0   _printf_n.o
         6          0          0          0          0          0   _printf_o.o
       112          8          0          0          0        124   _printf_oct_int_ll.o
         6          0          0          0          0          0   _printf_p.o
        78          0          0          0          0        108   _printf_pad.o
         0          0          0          0          0          0   _printf_percent.o
         4          0          0          0          0          0   _printf_percent_end.o
         6          0          0          0          0          0   _printf_s.o
        82          0          0          0          0         80   _printf_str.o
        36          0          0          0          0         84   _printf_truncate.o
         6          0          0          0          0          0   _printf_u.o
        44          0          0          0          0        108   _printf_wchar.o
       188          6          8          0          0         92   _printf_wctomb.o
         6          0          0          0          0          0   _printf_x.o
        22          0          0          0          0        100   _rserrno.o
        10          0          0          0          0         68   _sputc.o
       228          4        148          0          0         96   bigflt0.o
      1936        128          0          0          0        668   btod.o
        18          0          0          0          0         80   exit.o
         6          0          0          0          0        152   heapauxi.o
        44         10        272          0          0         76   lc_ctype_c.o
        44         10         28          0          0         76   lc_numeric_c.o
         2          0          0          0          0          0   libinit.o
        34          0          0          0          0          0   libinit2.o
         2          0          0          0          0          0   libshutdown.o
         2          0          0          0          0          0   libshutdown2.o
         8          4          0          0         96         68   libspace.o
       138          0          0          0          0         80   lludiv10.o
       240          0          0          0          0        100   lludivv7m.o
        16          4          0          0          0         76   rt_ctype_table.o
         8          4          0          0          0         68   rt_errno_addr_intlibspace.o
         8          4          0          0          0         68   rt_locale_intlibspace.o
        68          0          0          0          0         68   rt_memclr.o
        78          0          0          0          0         80   rt_memclr_w.o
       100          0          0          0          0         80   rt_memcpy_w.o
         2          0          0          0          0          0   rtexit.o
        10          0          0          0          0          0   rtexit2.o
       124          0          0          0          0         88   strcmpv7em.o
        74          0          0          0          0         80   sys_stackheap_outer.o
        36          4          0          0          0         76   vsprintf.o
        24          0          0          0          0        164   basic.o
        98          4          0          0          0        140   d2f.o
       834         16          0          0          0        516   daddsub_clz.o
       692        140          0          0          0        264   ddiv.o
        94          4          0          0          0        140   dfix.o
        84          0          0          0          0        232   dflt_clz.o
       340         12          0          0          0        152   dmul.o
       156          4          0          0          0        140   dnaninf.o
        12          0          0          0          0        116   dretinf.o
        86          4          0          0          0        132   f2d.o
       140          4          0          0          0        132   fnaninf.o
        26          0          0          0          0        116   fpinit.o
        10          0          0          0          0        116   fretinf.o
         4          0          0          0          0        116   printf1.o
         4          0          0          0          0        116   printf2.o
         0          0          0          0          0          0   usenofp.o
       300         42          0          0          0        176   asinf.o
       684         90          0          0          0        208   atan2f.o
       200         20          0          0          0        164   cos.o
       368         46         48          0          0        200   cos_i.o
       336         56          0          0          0        136   cosf.o
        84         16          0          0          0        372   dunder.o
        24          0          0          0          0        124   fabs.o
        48          0          0          0          0        124   fpclassify.o
        38          0          0          0          0        116   fpclassifyf.o
        44         12          0          0          0        464   funder.o
       248          0          0          0          0        152   poly.o
      1080        142        204          0          0        188   rred.o
       340         24         32          0          0        160   rredf.o
       200         20          0          0          0        164   sin.o
       304         24         40          0          0        208   sin_i.o
       400         56          0          0          0        212   sinf.o
        62          0          0          0          0        136   sqrtf.o

    ----------------------------------------------------------------------
     14600       1004        882          0         96      10100   Library Totals
        38          4          7          0          0          0   (incl. Padding)

    ----------------------------------------------------------------------

      Code (inc. data)   RO Data    RW Data    ZI Data      Debug   Library Name

      7198        264        551          0         96       4204   c_w.l
      2604        188          0          0          0       2592   fz_wm.l
      4760        548        324          0          0       3304   m_wm.l

    ----------------------------------------------------------------------
     14600       1004        882          0         96      10100   Library Totals

    ----------------------------------------------------------------------

==============================================================================


      Code (inc. data)   RO Data    RW Data    ZI Data      Debug   

     45582       1334       1374         88       4160     383522   Grand Totals
     45582       1334       1374         88       4160     383522   ELF Image Totals
     45582       1334       1374         88          0          0   ROM Totals

==============================================================================

    Total RO  Size (Code + RO Data)                46956 (  45.86kB)
    Total RW  Size (RW Data + ZI Data)              4248 (   4.15kB)
    Total ROM Size (Code + RO Data + RW Data)      47044 (  45.94kB)

==============================================================================

